[www.sabourg.sbs/index.html]
[backblue.gif]
[fade.gif]
[index.html]
[www.sabourg.sbs/wp-content/themes/dt-the7/images/x-lg.svg]
[www.sabourg.sbs/wp-content/themes/dt-the7/images/the7-share-fill.svg]
[www.sabourg.sbs/wp-content/themes/dt-the7/images/the7-chevron-left.svg]
[www.sabourg.sbs/wp-content/themes/dt-the7/images/the7-chevron-right.svg]
[www.sabourg.sbs/wp-content/themes/dt-the7/images/the7-chevron-side.svg]
[www.sabourg.sbs/wp-content/litespeed/ucss/79ae360c89e81f4548e651bad0e2b0a7d37f.css]
[www.sabourg.sbs/wp-content/plugins/litespeed-cache/assets/js/css_async.min.js]
[www.sabourg.sbs/feed/index.html]
[www.sabourg.sbs/wp-json/index.html]
[www.sabourg.sbs/wp-json/wp/v2/pages/7.json]
[www.sabourg.sbs/xmlrpc0db0.php]
[www.sabourg.sbs/wp-json/oembed/1.0/embedfbe5.json]
[www.sabourg.sbs/wp-json/oembed/1.0/embed40db]
[www.sabourg.sbs/wp-content/uploads/2023/05/logo-seb-2-1.png]
[www.sabourg.sbs/wp-content/uploads/2023/01/seborga2d9e6.jpg]
[www.sabourg.org/wp-content/uploads/2025/03/sabourg-gold.png]
[www.sabourg.sbs/wp-content/plugins/litespeed-cache/guest.vary.html]
[www.sabourg.sbs/index.html]
[www.sabourg.sbs/wp-content/themes/dt-the7/images/x-lg.svg]
[www.sabourg.sbs/wp-content/themes/dt-the7/images/the7-share-fill.svg]
[www.sabourg.sbs/wp-content/themes/dt-the7/images/the7-chevron-left.svg]
[www.sabourg.sbs/e-cabinet/index.html]
[www.sabourg.sbs/wp-content/themes/dt-the7/images/the7-chevron-right.svg]
[www.sabourg.sbs/why-can-the-prince-of-seborga-only-be-a-religious-man/index.html]
[www.sabourg.sbs/other-princes-and-princesses-in-seborga/index.html]
[www.sabourg.sbs/wp-content/themes/dt-the7/images/the7-chevron-side.svg]
[www.sabourg.sbs/priory-of-seborga/index.html]
[www.sabourg.sbs/biography-prince-abbot/index.html]
[www.sabourg.sbs/priory-of-san-michele/index.html]
[www.sabourg.sbs/monastic-order/index.html]
[www.sabourg.sbs/what-is-meant-today-by-the-principality-of-seborga/index.html]
[www.sabourg.sbs/religius-places/index.html]
[www.sabourg.sbs/wp-content/litespeed/ucss/79ae360c89e81f4548e651bad0e2b0a7d37f.css]
[www.sabourg.sbs/xmlrpc0db0.html]
[www.sabourg.sbs/wp-includes/fonts/dashicons7d4b.eot]
[www.sabourg.sbs/anthem-of-the-principaute-du-sabourg/index.html]
[www.sabourg.sbs/costitution/index.html]
[www.sabourg.sbs/orders-and-honours/index.html]
[www.sabourg.sbs/monastic-council/index.html]
[www.sabourg.sbs/wp-content/litespeed/css/9f38b8b8719c7938cae82f6943bf438468fb.css]
[www.sabourg.sbs/wp-content/litespeed/css/895af636f97f8db6ba9370343f71c7cb2a3f.css]
[www.sabourg.sbs/prime-minister/index.html]
[www.sabourg.sbs/dicasteries/index.html]
[www.sabourg.sbs/wp-content/litespeed/css/7ab9333ffa1c5c9b423a79bb6a7d3ef82191.css]
[www.sabourg.sbs/wp-content/litespeed/css/0a9dfbad674c1d61f1cdac118a70ed199c3b.css]
[www.sabourg.sbs/digital-government/index.html]
[www.sabourg.sbs/wp-content/litespeed/css/404fc08e07110de2b9c880314c3a0e6e7be6.css]
[www.sabourg.sbs/wp-content/litespeed/css/5b313cacbbf2f73e35062f77b98fed953ee9.css]
[www.sabourg.sbs/wp-content/litespeed/css/f22fb849ec121da260b5020592ba59332af3.css]
[www.sabourg.sbs/wp-content/litespeed/css/82410f882388b450b4ecd898b137e928af82.css]
[www.sabourg.sbs/wp-content/litespeed/css/f8e64b09fe8ef074a13595def56628875901.css]
[www.sabourg.sbs/international-cooperation/index.html]
[www.sabourg.sbs/wp-content/litespeed/css/816a173901397e64d8c01cfaaef36e842cf9.css]
[www.sabourg.sbs/wp-content/litespeed/css/b016b09951cf28abef0581a5ad5fa5011aad.css]
[www.sabourg.sbs/wp-content/litespeed/css/3d689e429c2c867c6b75075e530720c813f5.css]
[www.sabourg.sbs/wp-content/litespeed/css/3593fb78b7fd8db62fe8347aee7db1faebc2.css]
[www.sabourg.sbs/wp-content/litespeed/css/6e1eaefed20443b21a2681b61d2df9d057ea.css]
[www.sabourg.sbs/crown-council/index.html]
[www.sabourg.sbs/wp-content/litespeed/css/daec3ad480d094311dee396422bd6f49bd60.css]
[www.sabourg.sbs/wp-content/litespeed/css/51b2e3e0c790f08f728cbacb0bbf600f6045.css]
[www.sabourg.sbs/wp-content/litespeed/css/9cd73d9f6f670f25e9b2ef760671d06e1a79.css]
[www.sabourg.sbs/wp-content/litespeed/css/2713264230b6f9f59675820981d206284614.css]
[www.sabourg.sbs/wp-includes/js/jquery/jquery.min.js]
[www.sabourg.sbs/wp-content/litespeed/js/de0e89f8ede9c6b2dcf406a695afe8bc62c5.js]
[www.sabourg.sbs/council-of-departments/index.html]
[www.sabourg.sbs/wp-content/litespeed/js/676c413623748a2ceec4ac330a9616f5b861.js]
[www.sabourg.sbs/wp-content/litespeed/js/18498e90d20da4021b12184176c4f955a4bf.js]
[www.sabourg.sbs/council-of-state/index.html]
[www.sabourg.sbs/wp-content/litespeed/js/f93ffa7d6dc465132364c4512fae7c7729dc.js]
[www.sabourg.sbs/wp-content/litespeed/js/20461a649f5deaebfba132565c8f432bf525.js]
[www.sabourg.sbs/wp-json/wp/v2/pages/385.json]
[www.sabourg.sbs/justice/index.html]
[www.sabourg.sbs/gendarmerie/index.html]
[www.sabourg.sbs/wp-json/oembed/1.0/embedfb5e.json]
[www.sabourg.sbs/digital-identity/index.html]
[www.sabourg.sbs/wp-json/oembed/1.0/embed8636]
[www.sabourg.sbs/e-residence-card/index.html]
[www.sabourg.sbs/wp-content/uploads/2025/05/sabourg-gold-2.png.webp]
[www.sabourg.sbs/wp-content/uploads/2023/05/sbg-150.png.webp]
[www.sabourg.sbs/e-residence-card-young/index.html]
[www.sabourg.sbs/wp-content/uploads/2023/05/sbg-logo3-300.png.webp]
[www.sabourg.sbs/e-register/index.html]
[www.sabourg.sbs/wp-content/uploads/2023/05/padregiovanni-169x300.jpg]
[www.sabourg.sbs/wp-content/uploads/2023/03/conferenza-episcopale-792x1024.jpg]
[www.sabourg.sbs/a-s-e-p-a-s/index.html]
[www.sabourg.sbs/wp-content/uploads/2023/03/conferenza-episcopale.jpg]
[www.sabourg.sbs/wp-content/litespeed/css/06c90e28c91be3b6f012d70c0c51acdb0a33.css]
[www.sabourg.sbs/wp-content/litespeed/js/2ecaafc283a8679f73462990e9bcd1993f63.js]
[www.sabourg.sbs/wp-content/litespeed/js/1b5390a92251b7470f05de66039d10cb8b05.js]
[www.sabourg.sbs/wp-content/litespeed/js/e77f9f2f5f5781eaa056085dda42c714e509.js]
[www.sabourg.sbs/fondazione-digitale/index.html]
[www.sabourg.sbs/wp-content/litespeed/js/ddc7ff80d5e6ccff749d46ab80d99d05724b.js]
[www.sabourg.sbs/wp-content/litespeed/js/f133913307c3a5e72be2d736e49b9548f14d.js]
[www.sabourg.sbs/wp-content/litespeed/js/23f7a60e6c6fdece5f98e79c1757c9f5bb72.js]
[www.sabourg.sbs/wp-content/litespeed/js/6ffdacfe2370520fd46c4a13310032abcb2c.js]
[www.sabourg.sbs/wp-content/litespeed/js/794a4d1a2174ac1ea344c62834f3284eb7f8.js]
[www.sabourg.sbs/biography-prince-abbot/index.html]
[www.sabourg.sbs/wp-content/litespeed/js/67ec48e7513f4a1d92a245de089f28e92979.js]
[www.sabourg.sbs/recurrences/index.html]
[www.sabourg.sbs/events-2025/index.html]
[www.sabourg.sbs/celebration/index.html]
[www.sabourg.sbs/wp-json/wp/v2/pages/1022.json]
[www.sabourg.sbs/ecumenical-institute/index.html]
[www.sabourg.sbs/wp-json/oembed/1.0/embeda81e.json]
[www.sabourg.sbs/equestrian-order-of-st-martin/index.html]
[www.sabourg.sbs/wp-json/oembed/1.0/embed92bb]
[www.sabourg.sbs/castrum-sepulchri/index.html]
[www.sabourg.sbs/castrum-sepulchri-from-sebaste-de-sepulca-to-1261/index.html]
[www.sabourg.sbs/wp-content/uploads/2023/05/logo-seb-2-200.png.webp]
[www.sabourg.sbs/wp-content/litespeed/css/c6d8f7d82e0d2002657ae8f3030ef07f7e47.css]
[www.sabourg.sbs/e-cabinet/index.html]
[www.sabourg.sbs/wp-content/litespeed/js/371a43792a582850ac025f069514aa11c619.js]
[www.sabourg.sbs/abbatial-principality-from-1261-to-1729/index.html]
[www.sabourg.sbs/wp-json/wp/v2/pages/1160.json]
[www.sabourg.sbs/legitimation-from-1946-to-the-present/index.html]
[www.sabourg.sbs/wp-json/oembed/1.0/embed29e1.json]
[www.sabourg.sbs/savoy-protectorate-from-1730-to-1945/index.html]
[www.sabourg.sbs/false-myths-in-seborga/index.html]
[www.sabourg.sbs/wp-json/oembed/1.0/embed4cc3]
[www.sabourg.sbs/wp-content/uploads/2025/05/sabourg-gold-2.png]
[www.sabourg.sbs/anthem-of-sabourg/index.html]
[www.sabourg.sbs/wp-content/uploads/2023/05/sbg-150.png]
[www.sabourg.sbs/official-conferences/index.html]
[www.sabourg.sbs/wp-content/uploads/2023/05/sbg-logo3-300.png]
[www.sabourg.sbs/wp-content/uploads/2023/03/sbg-102.png]
[www.sabourg.sbs/home/logo-seb-2-175/index.html]
[www.sabourg.sbs/wp-content/uploads/2023/03/sbg-103.png]
[www.sabourg.sbs/what-is-meant-today-by-the-principality-of-seborga/index.html]
[www.sabourg.sbs/council-of-departments/consigiio-dicasteri-3-3/index.html]
[www.sabourg.sbs/home/padregiovanni/index.html]
[www.sabourg.sbs/wp-json/wp/v2/pages/1590.json]
[www.sabourg.sbs/home/whatsapp-image-2025-12-15-at-17-52-46/index.html]
[www.sabourg.sbs/wp-json/oembed/1.0/embeda083.json]
[www.sabourg.sbs/home/immagine-whatsapp-2025-10-01-ore-18-52-10_f5b4ef04/index.html]
[www.sabourg.sbs/wp-json/oembed/1.0/embed6500]
[www.sabourg.sbs/why-can-the-prince-of-seborga-only-be-a-religious-man/index.html]
[www.sabourg.sbs/home/63ba05a9-5e1d-44fd-921e-33ea505d305c/index.html]
[www.sabourg.sbs/home/immagine-whatsapp-2025-06-04-ore-16-47-13_75115473-jpg/index.html]
[www.sabourg.sbs/home/foto-ufficiale-papa-leone-xiv_copyright-vatican-media/index.html]
[www.sabourg.sbs/home/immagine-whatsapp-2025-05-14-ore-18-21-56_9ff66641-1024x768-jpg/index.html]
[www.sabourg.sbs/wp-json/wp/v2/pages/1360.json]
[www.sabourg.sbs/press-release-of-22-april-2025/pope-5678517_1280/index.html]
[www.sabourg.sbs/wp-json/oembed/1.0/embeddb47.json]
[www.sabourg.sbs/press-release-of-22-april-2025/index.html]
[www.sabourg.sbs/press-release-of-23-january-2025/473533162_940501848171708_8010719105155063463_n/index.html]
[www.sabourg.sbs/wp-json/oembed/1.0/embed5743]
[www.sabourg.sbs/press-release-of-15-january-2025/immagine-whatsapp-2025-01-22-ore-22-50-05_f35b0a4b/index.html]
[www.sabourg.sbs/wp-content/uploads/2023/03/sbg-108.jpg]
[www.sabourg.sbs/press-release-december-13th/immagine-whatsapp-2024-12-18-ore-17-10-47_46423b31/index.html]
[www.sabourg.sbs/wp-content/uploads/2023/03/sbg-109.jpg]
[www.sabourg.sbs/wp-content/uploads/2023/05/sanbernardo-225x300.jpg]
[www.sabourg.sbs/official-press-releases-2024/donald-trump/index.html]
[www.sabourg.sbs/wp-content/uploads/2023/03/sbg-111.jpg]
[www.sabourg.sbs/wp-content/uploads/2023/03/sbg-111-1024x420.jpg]
[www.sabourg.sbs/wp-content/uploads/2023/03/sbg-107.jpg]
[www.sabourg.sbs/official-press-releases-2024/photo-2024-09-30-07-40-58-1-1/index.html]
[www.sabourg.sbs/wp-content/uploads/2023/03/sbg-107-1024x800.jpg]
[www.sabourg.sbs/wp-content/uploads/2023/03/sbg-110.jpg]
[www.sabourg.sbs/other-princes-and-princesses-in-seborga/index.html]
[www.sabourg.sbs/home/immagine-whatsapp-2024-06-27-ore-20-09-18_9fef06c6/index.html]
[www.sabourg.sbs/home/whatsapp-image-2025-12-27-at-18-16-32/index.html]
[www.sabourg.sbs/home/whatsapp-image-2025-12-23-at-23-23-29/index.html]
[www.sabourg.sbs/biography-prince-abbot/conferenza-episcopale/index.html]
[www.sabourg.sbs/wp-json/wp/v2/pages/2739.json]
[www.sabourg.sbs/wp-json/oembed/1.0/embed02e6.json]
[www.sabourg.sbs/wp-json/oembed/1.0/embed44c6]
[www.sabourg.sbs/wp-content/uploads/2025/06/thumbnail_Visualizza-foto-recenti.png]
[www.sabourg.sbs/wp-content/uploads/2025/06/thumbnail_Visualizza-foto-recenti-150x150.png]
[www.sabourg.sbs/priory-of-seborga/index.html]
[www.sabourg.sbs/wp-json/wp/v2/pages/2742.json]
[www.sabourg.sbs/wp-json/oembed/1.0/embed031c.json]
[www.sabourg.sbs/priory-of-san-michele/thumbnail_visualizza-foto-recenti/index.html]
[www.sabourg.sbs/wp-json/oembed/1.0/embedb9aa]
[www.sabourg.sbs/wp-content/uploads/2025/06/thumbnail_Visualizza-foto-recenti-292x300.png]
[www.sabourg.sbs/wp-content/uploads/2025/06/thumbnail_IMG_7584-1024x768.jpg]
[www.sabourg.sbs/wp-content/uploads/2025/06/thumbnail_IMG_7584-300x225.jpg]
[www.sabourg.sbs/priory-of-san-michele/index.html]
[www.sabourg.sbs/wp-json/wp/v2/pages/417.json]
[www.sabourg.sbs/priory-of-san-michele/thumbnail_img_7584/index.html]
[www.sabourg.sbs/wp-json/oembed/1.0/embeda8e4.json]
[www.sabourg.sbs/wp-json/oembed/1.0/embed8d26]
[www.sabourg.sbs/wp-content/uploads/2023/01/ordine-lg-1.png]
[www.sabourg.sbs/wp-content/uploads/2023/01/foto5.webp]
[www.sabourg.sbs/wp-content/uploads/2023/01/omsito-1.png]
[www.sabourg.sbs/monastic-order/index.html]
[www.sabourg.sbs/monastic-order/foto5/index.html]
[www.sabourg.sbs/wp-json/wp/v2/pages/1389.json]
[www.sabourg.sbs/wp-json/oembed/1.0/embed2cab.json]
[www.sabourg.sbs/monastic-order/omsito-2/index.html]
[www.sabourg.sbs/wp-json/oembed/1.0/embed83a6]
[www.sabourg.sbs/wp-content/uploads/2023/01/sanbernardo-1024x423.png]
[www.sabourg.sbs/wp-content/uploads/2023/01/piazza2-1-1024x582.jpg]
[www.sabourg.sbs/wp-content/uploads/2023/08/magdala1.jpg]
[www.sabourg.sbs/wp-content/uploads/2025/12/WhatsApp-Image-2025-12-15-at-17.52.46-2.jpg]
[www.sabourg.sbs/wp-content/uploads/2023/03/sbg-200-1024x587.jpg]
[www.sabourg.sbs/religius-places/index.html]
[www.sabourg.sbs/wp-json/wp/v2/pages/2603.json]
[www.sabourg.sbs/wp-json/oembed/1.0/embedb419.json]
[www.sabourg.sbs/wp-json/oembed/1.0/embed0d08]
[www.sabourg.sbs/anthem-of-the-principaute-du-sabourg/index.html]
[www.sabourg.sbs/wp-json/wp/v2/pages/372.json]
[www.sabourg.sbs/wp-json/oembed/1.0/embed8e32.json]
[www.sabourg.sbs/wp-json/oembed/1.0/embedde35]
[www.sabourg.sbs/costitution/index.html]
[www.sabourg.sbs/wp-json/wp/v2/pages/336.json]
[www.sabourg.sbs/wp-json/oembed/1.0/embed8ae1.json]
[www.sabourg.sbs/wp-json/oembed/1.0/embed9995]
[www.sabourg.sbs/wp-content/uploads/2023/01/dec-corona.webp]
[www.sabourg.sbs/wp-content/uploads/2023/01/dec-merito.webp]
[www.sabourg.sbs/wp-content/uploads/2023/01/dec-monastico.webp]
[www.sabourg.sbs/wp-content/uploads/2023/02/dec-mm-1.webp]
[www.sabourg.sbs/wp-content/uploads/2023/11/thumbnail_ordine-di-San-Martino-decoraz-724x1024.jpg]
[www.sabourg.sbs/wp-content/uploads/2023/11/thumbnail_ordine-di-San-Martino-decoraz.jpg]
[www.sabourg.sbs/orders-and-honours/index.html]
[www.sabourg.sbs/orders-and-honours/dec-corona/index.html]
[www.sabourg.sbs/orders-and-honours/dec-merito/index.html]
[www.sabourg.sbs/orders-and-honours/dec-monastico/index.html]
[www.sabourg.sbs/orders-and-honours/dec-mm-1/index.html]
[www.sabourg.sbs/wp-json/wp/v2/pages/353.json]
[www.sabourg.sbs/wp-json/oembed/1.0/embedd455.json]
[www.sabourg.sbs/orders-and-honours/thumbnail_ordine-di-san-martino-decoraz/index.html]
[www.sabourg.sbs/wp-json/oembed/1.0/embedc994]
[www.sabourg.sbs/wp-content/uploads/2023/01/ordinemonastico-1.webp]
[www.sabourg.sbs/monastic-council/index.html]
[www.sabourg.sbs/wp-json/wp/v2/pages/1020.json]
[www.sabourg.sbs/wp-json/oembed/1.0/embed214d.json]
[www.sabourg.sbs/wp-json/oembed/1.0/embedfd5a]
[www.sabourg.sbs/wp-content/uploads/2023/01/consigiio-dicasteri-3-2.webp]
[www.sabourg.sbs/wp-content/uploads/2025/09/porrone-200x200-1.png]
[www.sabourg.sbs/prime-minister/index.html]
[www.sabourg.sbs/wp-json/wp/v2/pages/980.json]
[www.sabourg.sbs/prime-minister/porrone-200x200/index.html]
[www.sabourg.sbs/wp-json/oembed/1.0/embedf164.json]
[www.sabourg.sbs/wp-json/oembed/1.0/embeddb43]
[www.sabourg.sbs/wp-content/uploads/2025/12/Gouvernement-2026-2028.jpg]
[www.sabourg.sbs/dicasteries/index.html]
[www.sabourg.sbs/wp-json/wp/v2/pages/430.json]
[www.sabourg.sbs/council-of-departments/gouvernement-2026-2028/index.html]
[www.sabourg.sbs/wp-json/oembed/1.0/embed937b.json]
[www.sabourg.sbs/wp-json/oembed/1.0/embed2ec4]
[www.sabourg.sbs/digital-government/index.html]
[www.sabourg.sbs/wp-json/wp/v2/pages/973.json]
[www.sabourg.sbs/wp-json/oembed/1.0/embedbde3.json]
[www.sabourg.sbs/wp-json/oembed/1.0/embed160c]
[www.sabourg.sbs/international-cooperation/index.html]
[www.sabourg.sbs/wp-json/wp/v2/pages/161.json]
[www.sabourg.sbs/wp-json/oembed/1.0/embedeceb.json]
[www.sabourg.sbs/wp-json/oembed/1.0/embedb1bd]
[www.sabourg.sbs/wp-content/uploads/2023/05/logo-seb-2-150.png]
[www.sabourg.sbs/wp-content/uploads/2023/01/andrea.webp]
[www.sabourg.sbs/crown-council/index.html]
[www.sabourg.sbs/wp-json/wp/v2/pages/346.json]
[www.sabourg.sbs/wp-json/oembed/1.0/embeda3ea.json]
[www.sabourg.sbs/council-of-state/andrea/index.html]
[www.sabourg.sbs/wp-json/oembed/1.0/embedc3b7]
[www.sabourg.sbs/wp-content/uploads/2025/12/Gouvernement-2026-2028-300x221.jpg]
[www.sabourg.sbs/council-of-departments/index.html]
[www.sabourg.sbs/wp-json/wp/v2/pages/357.json]
[www.sabourg.sbs/wp-json/oembed/1.0/embedfb68.json]
[www.sabourg.sbs/wp-json/oembed/1.0/embed3a9b]
[www.sabourg.sbs/wp-content/uploads/2023/01/logo-pas2-200.png.webp]
[www.sabourg.sbs/wp-content/uploads/2025/10/Immagine-WhatsApp-2025-09-30-ore-23.01.01_7c513409-135x395.jpg]
[www.sabourg.sbs/wp-content/uploads/2025/12/Screenshot_95-126x300.png.webp]
[www.sabourg.sbs/wp-content/uploads/2025/01/WhatsApp-Image-2025-01-03-at-19.48.55-683x1536-1.jpeg.webp]
[www.sabourg.sbs/council-of-state/index.html]
[www.sabourg.sbs/council-of-state/immagine-whatsapp-2025-09-30-ore-23-01-01_7c513409/index.html]
[www.sabourg.sbs/council-of-state/screenshot_95/index.html]
[www.sabourg.sbs/council-of-state/creator-gd-jpeg-v1-0-using-ijg-jpeg-v80-quality-82/index.html]
[www.sabourg.sbs/wp-json/wp/v2/pages/2791.json]
[www.sabourg.sbs/wp-json/oembed/1.0/embed88ed.json]
[www.sabourg.sbs/wp-json/oembed/1.0/embed902b]
[www.sabourg.sbs/wp-content/uploads/2025/08/sanmichelebilancia80a0.webp]
[www.sabourg.sbs/justice/index.html]
[www.sabourg.sbs/wp-json/wp/v2/pages/426.json]
[www.sabourg.sbs/wp-json/oembed/1.0/embede0ac.json]
[www.sabourg.sbs/wp-json/oembed/1.0/embedfba4]
[www.sabourg.sbs/wp-content/uploads/2023/05/logo-gendarmeria-200x203.png]
[www.sabourg.sbs/wp-content/uploads/2025/03/gendarmeriaeu.webp]
[www.sabourg.sbs/gendarmerie/index.html]
[www.sabourg.sbs/wp-json/wp/v2/pages/1012.json]
[www.sabourg.sbs/gendarmerie/gendarmeriaeu/index.html]
[www.sabourg.sbs/wp-json/oembed/1.0/embedc441.json]
[www.sabourg.sbs/wp-json/oembed/1.0/embedd22e]
[www.sabourg.sbs/wp-content/uploads/2023/05/logo-new-seborga.png]
[www.sabourg.sbs/wp-content/uploads/2025/12/E-Passport-14.png]
[www.sabourg.sbs/wp-content/uploads/2025/12/E-Passport-13.png]
[www.sabourg.sbs/digital-identity/index.html]
[www.sabourg.sbs/wp-json/wp/v2/pages/391.json]
[www.sabourg.sbs/wp-json/oembed/1.0/embed4b14.json]
[www.sabourg.sbs/wp-json/oembed/1.0/embed4db0]
[www.sabourg.sbs/wp-content/uploads/2025/12/E-Passport-12.png]
[www.sabourg.sbs/wp-content/uploads/2025/12/E-Passport-17.png]
[www.sabourg.sbs/e-residence-card/index.html]
[www.sabourg.sbs/wp-json/wp/v2/pages/2759.json]
[www.sabourg.sbs/wp-json/oembed/1.0/embed7028.json]
[www.sabourg.sbs/wp-json/oembed/1.0/embedc765]
[www.sabourg.sbs/wp-content/uploads/2025/12/E-Passport-15.png]
[www.sabourg.sbs/wp-content/uploads/2025/12/E-Passport-18.png]
[www.sabourg.sbs/e-residence-card-young/index.html]
[www.sabourg.sbs/wp-json/wp/v2/pages/2757.json]
[www.sabourg.sbs/wp-json/oembed/1.0/embed8321.json]
[www.sabourg.sbs/wp-json/oembed/1.0/embedcc90]
[www.sabourg.sbs/wp-content/uploads/2025/12/E-Passport-16-300x194.png]
[www.sabourg.sbs/e-register/index.html]
[www.sabourg.sbs/wp-json/wp/v2/pages/396.json]
[www.sabourg.sbs/wp-json/oembed/1.0/embed648c.json]
[www.sabourg.sbs/wp-json/oembed/1.0/embeda428]
[www.sabourg.sbs/wp-content/uploads/2023/01/asepas.png]
[www.sabourg.sbs/a-s-e-p-a-s/index.html]
[www.sabourg.sbs/wp-json/wp/v2/pages/1017.json]
[www.sabourg.sbs/a-s-e-p-a-s/asepas/index.html]
[www.sabourg.sbs/wp-json/oembed/1.0/embed93f7.json]
[www.sabourg.sbs/wp-json/oembed/1.0/embed7d0e]
[www.sabourg.sbs/wp-content/uploads/2023/01/logo-pas2-200.png]
[www.sabourg.sbs/wp-content/litespeed/css/a949c9b2107453514a2e910ff6337081179b.css]
[www.sabourg.sbs/fondazione-digitale/index.html]
[www.sabourg.sbs/wp-content/litespeed/js/8910460e2419e6e818e91062f0b842b917bb.js]
[www.sabourg.sbs/wp-json/wp/v2/pages/2651.json]
[www.sabourg.sbs/wp-json/oembed/1.0/embed8b35.json]
[www.sabourg.sbs/wp-json/oembed/1.0/embedd8a9]
[www.sabourg.sbs/wp-content/uploads/2024/02/santalucia-234x300.jpg]
[www.sabourg.sbs/wp-content/uploads/2024/02/icocna-natale-245x300.jpg]
[www.sabourg.sbs/wp-content/uploads/2024/02/dormizione-maria2-210x300.jpg]
[www.sabourg.sbs/wp-content/uploads/2024/02/smm-211x300.jpg]
[www.sabourg.sbs/events-2024/icocna-natale/index.html]
[www.sabourg.sbs/wp-content/uploads/2024/12/battesimo-300x300.webp]
[www.sabourg.sbs/events-2024/santalucia/index.html]
[www.sabourg.sbs/wp-content/uploads/2024/12/sanbenedetto-155x300.jpg]
[www.sabourg.sbs/events-2024/dormizione-maria2/index.html]
[www.sabourg.sbs/wp-content/uploads/2024/12/palme-300x300.webp]
[www.sabourg.sbs/wp-content/uploads/2024/12/ultimacena-237x300.webp]
[www.sabourg.sbs/wp-content/uploads/2024/12/zimmer-226x300.jpg]
[www.sabourg.sbs/wp-content/uploads/2024/12/ascensione.jpg]
[www.sabourg.sbs/events-2024/smm/index.html]
[www.sabourg.sbs/wp-content/uploads/2024/12/pentecoste-229x300.jpg]
[www.sabourg.sbs/wp-content/uploads/2024/02/sgb-300x300.jpg]
[www.sabourg.sbs/wp-content/uploads/2024/02/ordine-logo-monastico-232x300.png]
[www.sabourg.sbs/wp-content/uploads/2024/02/san-martino-2-300x169.webp]
[www.sabourg.sbs/events-2025/index.html]
[www.sabourg.sbs/events-2025/battesimo/index.html]
[www.sabourg.sbs/events-2025/sanbenedetto/index.html]
[www.sabourg.sbs/wp-json/wp/v2/pages/362.json]
[www.sabourg.sbs/events-2025/palme/index.html]
[www.sabourg.sbs/wp-json/oembed/1.0/embedb887.json]
[www.sabourg.sbs/events-2025/ultimacena/index.html]
[www.sabourg.sbs/events-2025/zimmer/index.html]
[www.sabourg.sbs/wp-json/oembed/1.0/embed6f73]
[www.sabourg.sbs/recurrences/index.html]
[www.sabourg.sbs/events-2025/ascensione/index.html]
[www.sabourg.sbs/events-2025/pentecoste/index.html]
[www.sabourg.sbs/events-2024/sgb/index.html]
[www.sabourg.sbs/wp-json/wp/v2/pages/2014.json]
[www.sabourg.sbs/events-2024/ordine-logo-monastico/index.html]
[www.sabourg.sbs/wp-json/oembed/1.0/embedeae3.json]
[www.sabourg.sbs/home/san-martino-3/index.html]
[www.sabourg.sbs/wp-json/oembed/1.0/embedfeec]
[www.sabourg.sbs/celebration/index.html]
[www.sabourg.sbs/wp-json/wp/v2/pages/422.json]
[www.sabourg.sbs/wp-json/oembed/1.0/embed5160.json]
[www.sabourg.sbs/wp-json/oembed/1.0/embedd764]
[www.sabourg.sbs/wp-content/uploads/2023/05/logo-seb-2-150.png.webp]
[www.sabourg.sbs/wp-content/uploads/2023/01/iss.png.webp]
[www.sabourg.sbs/ecumenical-institute/index.html]
[www.sabourg.sbs/wp-json/wp/v2/pages/2224.json]
[www.sabourg.sbs/ecumenical-institute/iss/index.html]
[www.sabourg.sbs/wp-json/oembed/1.0/embed4785.json]
[www.sabourg.sbs/wp-json/oembed/1.0/embed5579]
[www.sabourg.sbs/wp-content/uploads/2024/01/thumbnail_logo-OESMC-300.jpg]
[www.sabourg.sbs/equestrian-order-of-st-martin/index.html]
[www.sabourg.sbs/wp-content/uploads/2024/01/Screenshot_25.jpg]
[www.sabourg.sbs/wp-json/wp/v2/pages/432.json]
[www.sabourg.sbs/equestrian-order-of-st-martin/screenshot_25/index.html]
[www.sabourg.sbs/wp-json/oembed/1.0/embed5f2b.json]
[www.sabourg.sbs/wp-json/oembed/1.0/embed5620]
[www.sabourg.sbs/wp-content/uploads/2023/01/cs-sito.png]
[www.sabourg.sbs/castrum-sepulchri/index.html]
[www.sabourg.sbs/wp-json/wp/v2/pages/1008.json]
[www.sabourg.sbs/castrum-sepulchri/cs-sito/index.html]
[www.sabourg.sbs/wp-json/oembed/1.0/embedb090.json]
[www.sabourg.sbs/wp-json/oembed/1.0/embedfc99]
[www.sabourg.sbs/castrum-sepulchri-from-sebaste-de-sepulca-to-1261/index.html]
[www.sabourg.sbs/wp-json/wp/v2/pages/389.json]
[www.sabourg.sbs/wp-json/oembed/1.0/embedc5dc.json]
[www.sabourg.sbs/wp-json/oembed/1.0/embed0825]
[www.sabourg.sbs/abbatial-principality-from-1261-to-1729/index.html]
[www.sabourg.sbs/wp-json/wp/v2/pages/329.json]
[www.sabourg.sbs/wp-json/oembed/1.0/embedf3ec.json]
[www.sabourg.sbs/wp-json/oembed/1.0/embed1b26]
[www.sabourg.sbs/savoy-protectorate-from-1730-to-1945/index.html]
[www.sabourg.sbs/wp-json/wp/v2/pages/331.json]
[www.sabourg.sbs/wp-json/oembed/1.0/embeddcb5.json]
[www.sabourg.sbs/wp-json/oembed/1.0/embed1971]
[www.sabourg.sbs/legitimation-from-1946-to-the-present/index.html]
[www.sabourg.sbs/wp-json/wp/v2/pages/1363.json]
[www.sabourg.sbs/wp-json/oembed/1.0/embed21af.json]
[www.sabourg.sbs/wp-json/oembed/1.0/embed913b]
[www.sabourg.sbs/wp-content/uploads/2023/05/documento.jpg]
[www.sabourg.sbs/wp-content/uploads/2023/05/documento-225x300.jpg]
[www.sabourg.sbs/wp-content/uploads/2023/03/sbg-107-1-300x199.jpg]
[www.sabourg.sbs/false-myths-in-seborga/index.html]
[www.sabourg.sbs/wp-json/wp/v2/pages/1841.json]
[www.sabourg.sbs/wp-json/oembed/1.0/embed49a4.json]
[www.sabourg.sbs/official-conferences/index.html]
[www.sabourg.sbs/wp-json/oembed/1.0/embeda6ff]
[www.sabourg.sbs/wp-json/wp/v2/pages/2782.json]
[www.sabourg.sbs/wp-json/oembed/1.0/embeddc89.json]
[www.sabourg.sbs/wp-json/oembed/1.0/embed66e3]
[www.sabourg.sbs/anthem-of-sabourg/index.html]
[www.sabourg.sbs/wp-json/wp/v2/media/1802.json]
[www.sabourg.sbs/wp-json/oembed/1.0/embed1328.json]
[www.sabourg.sbs/wp-json/oembed/1.0/embedbfa0]
[www.sabourg.sbs/home/logo-seb-2-175/index.html]
[www.sabourg.sbs/wp-json/wp/v2/media/502.json]
[www.sabourg.sbs/wp-json/oembed/1.0/embedf860.json]
[www.sabourg.sbs/wp-json/oembed/1.0/embed5893]
[www.sabourg.sbs/council-of-departments/consigiio-dicasteri-3-3/index.html]
[www.sabourg.sbs/wp-json/wp/v2/media/1571.json]
[www.sabourg.sbs/wp-json/oembed/1.0/embedcb52.json]
[www.sabourg.sbs/wp-json/oembed/1.0/embed4b9f]
[www.sabourg.sbs/home/padregiovanni/index.html]
[www.sabourg.sbs/wp-json/wp/v2/media/2928.json]
[www.sabourg.sbs/wp-json/oembed/1.0/embedb02a.json]
[www.sabourg.sbs/wp-json/oembed/1.0/embed7bd0]
[www.sabourg.sbs/wp-content/uploads/2025/12/WhatsApp-Image-2025-12-15-at-17.52.46.jpg]
[www.sabourg.sbs/home/whatsapp-image-2025-12-15-at-17-52-46/index.html]
[www.sabourg.sbs/wp-json/wp/v2/media/2828.json]
[www.sabourg.sbs/wp-json/oembed/1.0/embed7f82.json]
[www.sabourg.sbs/wp-json/oembed/1.0/embed7d66]
[www.sabourg.sbs/wp-content/uploads/2025/10/Immagine-WhatsApp-2025-10-01-ore-18.52.10_f5b4ef04.jpg]
[www.sabourg.sbs/home/immagine-whatsapp-2025-10-01-ore-18-52-10_f5b4ef04/index.html]
[www.sabourg.sbs/wp-json/wp/v2/media/2814.json]
[www.sabourg.sbs/wp-json/oembed/1.0/embed8d0b.json]
[www.sabourg.sbs/wp-json/oembed/1.0/embede950]
[www.sabourg.sbs/wp-content/uploads/2025/09/63ba05a9-5e1d-44fd-921e-33ea505d305c.jpg]
[www.sabourg.sbs/home/63ba05a9-5e1d-44fd-921e-33ea505d305c/index.html]
[www.sabourg.sbs/wp-json/wp/v2/media/2776.json]
[www.sabourg.sbs/wp-json/oembed/1.0/embed6334.json]
[www.sabourg.sbs/wp-json/oembed/1.0/embed8729]
[www.sabourg.sbs/wp-content/uploads/2025/07/Immagine-WhatsApp-2025-06-04-ore-16.47.13_75115473.jpg.webp]
[www.sabourg.sbs/home/immagine-whatsapp-2025-06-04-ore-16-47-13_75115473-jpg/index.html]
[www.sabourg.sbs/wp-json/wp/v2/media/2723.json]
[www.sabourg.sbs/wp-json/oembed/1.0/embed9631.json]
[www.sabourg.sbs/wp-json/oembed/1.0/embedbd92]
[www.sabourg.sbs/wp-content/uploads/2025/05/Foto-Ufficiale-Papa-Leone-XIV_Copyright-VATICAN-MEDIA.jpg]
[www.sabourg.sbs/home/foto-ufficiale-papa-leone-xiv_copyright-vatican-media/index.html]
[www.sabourg.sbs/wp-json/wp/v2/media/2775.json]
[www.sabourg.sbs/wp-json/oembed/1.0/embeda935.json]
[www.sabourg.sbs/wp-json/oembed/1.0/embedbf1e]
[www.sabourg.sbs/wp-content/uploads/2025/07/Immagine-WhatsApp-2025-05-14-ore-18.21.56_9ff66641-1024x768.jpg.webp]
[www.sabourg.sbs/home/immagine-whatsapp-2025-05-14-ore-18-21-56_9ff66641-1024x768-jpg/index.html]
[www.sabourg.sbs/wp-json/wp/v2/media/2710.json]
[www.sabourg.sbs/wp-json/oembed/1.0/embedbd09.json]
[www.sabourg.sbs/wp-json/oembed/1.0/embed8493]
[www.sabourg.sbs/wp-content/uploads/2025/04/pope-5678517_1280.jpg]
[www.sabourg.sbs/press-release-of-22-april-2025/pope-5678517_1280/index.html]
[www.sabourg.sbs/wp-json/wp/v2/pages/2709.json]
[www.sabourg.sbs/wp-json/oembed/1.0/embed91cb.json]
[www.sabourg.sbs/wp-json/oembed/1.0/embed68dd]
[www.sabourg.sbs/wp-content/uploads/2025/04/pope-francis-707390_1920510a.jpg]
[www.sabourg.sbs/wp-content/uploads/2025/04/pope-5678517_1280-731x1024.jpg]
[www.sabourg.sbs/wp-content/uploads/2025/04/pope-5678517_1280-214x300.jpg]
[www.sabourg.sbs/press-release-of-22-april-2025/index.html]
[www.sabourg.sbs/wp-json/wp/v2/media/2682.json]
[www.sabourg.sbs/wp-json/oembed/1.0/embedf924.json]
[www.sabourg.sbs/wp-json/oembed/1.0/embedf3b2]
[www.sabourg.sbs/wp-content/uploads/2025/02/473533162_940501848171708_8010719105155063463_n.jpg]
[www.sabourg.sbs/press-release-of-23-january-2025/473533162_940501848171708_8010719105155063463_n/index.html]
[www.sabourg.sbs/wp-json/wp/v2/media/2670.json]
[www.sabourg.sbs/wp-json/oembed/1.0/embedcd75.json]
[www.sabourg.sbs/wp-json/oembed/1.0/embeddbf8]
[www.sabourg.sbs/wp-content/uploads/2025/01/Immagine-WhatsApp-2025-01-22-ore-22.50.05_f35b0a4b.jpg]
[www.sabourg.sbs/press-release-of-15-january-2025/immagine-whatsapp-2025-01-22-ore-22-50-05_f35b0a4b/index.html]
[www.sabourg.sbs/wp-json/wp/v2/media/2633.json]
[www.sabourg.sbs/wp-json/oembed/1.0/embed9ec8.json]
[www.sabourg.sbs/wp-json/oembed/1.0/embed22da]
[www.sabourg.sbs/press-release-december-13th/immagine-whatsapp-2024-12-18-ore-17-10-47_46423b31/index.html]
[www.sabourg.sbs/wp-json/wp/v2/media/2611.json]
[www.sabourg.sbs/wp-json/oembed/1.0/embed2f3a.json]
[www.sabourg.sbs/wp-json/oembed/1.0/embed96a3]
[www.sabourg.sbs/wp-content/uploads/2024/11/donald-trump.webp]
[www.sabourg.sbs/official-press-releases-2024/donald-trump/index.html]
[www.sabourg.sbs/wp-json/wp/v2/media/2612.json]
[www.sabourg.sbs/wp-json/oembed/1.0/embed52de.json]
[www.sabourg.sbs/wp-json/oembed/1.0/embed0d07]
[www.sabourg.sbs/official-press-releases-2024/photo-2024-09-30-07-40-58-1-1/index.html]
[www.sabourg.sbs/wp-json/wp/v2/media/2474.json]
[www.sabourg.sbs/wp-json/oembed/1.0/embed5d9a.json]
[www.sabourg.sbs/wp-json/oembed/1.0/embeddda7]
[www.sabourg.sbs/wp-content/uploads/2024/07/Immagine-WhatsApp-2024-06-27-ore-20.09.18_9fef06c6.jpg]
[www.sabourg.sbs/home/immagine-whatsapp-2024-06-27-ore-20-09-18_9fef06c6/index.html]
[www.sabourg.sbs/wp-json/wp/v2/media/2947.json]
[www.sabourg.sbs/wp-json/oembed/1.0/embed19a1.json]
[www.sabourg.sbs/wp-json/oembed/1.0/embed7bc4]
[www.sabourg.sbs/home/whatsapp-image-2025-12-27-at-18-16-32/index.html]
[www.sabourg.sbs/wp-json/wp/v2/media/2948.json]
[www.sabourg.sbs/wp-json/oembed/1.0/embedf3b4.json]
[www.sabourg.sbs/wp-json/oembed/1.0/embedf939]
[www.sabourg.sbs/wp-content/uploads/2025/12/WhatsApp-Image-2025-12-23-at-23.23.29.jpg]
[www.sabourg.sbs/home/whatsapp-image-2025-12-23-at-23-23-29/index.html]
[www.sabourg.sbs/wp-content/plugins/litespeed-cache/guest.vary.html]
[www.sabourg.sbs/wp-content/litespeed/css/9f38b8b8719c7938cae82f6943bf438468fb.css]
[www.sabourg.sbs/wp-content/litespeed/css/895af636f97f8db6ba9370343f71c7cb2a3f.css]
[www.sabourg.sbs/wp-content/litespeed/css/7ab9333ffa1c5c9b423a79bb6a7d3ef82191.css]
[www.sabourg.sbs/wp-content/litespeed/css/0a9dfbad674c1d61f1cdac118a70ed199c3b.css]
[www.sabourg.sbs/wp-content/litespeed/css/404fc08e07110de2b9c880314c3a0e6e7be6.css]
[www.sabourg.sbs/wp-includes/fonts/dashicons7d4b.ttf]
[www.sabourg.sbs/wp-content/themes/dt-the7/fonts/icomoon-the7-font/icomoon-the7-fontb9c8.ttf]
[www.sabourg.sbs/wp-content/themes/dt-the7/fonts/icomoon-the7-font/icomoon-the7-fontb9c8.woff]
[www.sabourg.sbs/wp-content/litespeed/css/5b313cacbbf2f73e35062f77b98fed953ee9.css]
[www.sabourg.sbs/wp-content/plugins/js_composer/assets/vc/alert.png]
[www.sabourg.sbs/wp-content/plugins/js_composer/assets/vc/info.png]
[www.sabourg.sbs/wp-content/plugins/js_composer/assets/vc/tick.png]
[www.sabourg.sbs/wp-content/plugins/js_composer/assets/vc/exclamation.png]
[www.sabourg.sbs/wp-content/plugins/js_composer/assets/images/icons/address-book.png]
[www.sabourg.sbs/wp-content/plugins/js_composer/assets/images/icons/alarm-clock.png]
[www.sabourg.sbs/wp-content/plugins/js_composer/assets/images/icons/anchor.png]
[www.sabourg.sbs/wp-content/plugins/js_composer/assets/images/icons/application-image.png]
[www.sabourg.sbs/wp-content/plugins/js_composer/assets/images/icons/arrow.png]
[www.sabourg.sbs/wp-content/plugins/js_composer/assets/images/icons/asterisk.png]
[www.sabourg.sbs/wp-content/plugins/js_composer/assets/images/icons/auction-hammer.png]
[www.sabourg.sbs/wp-content/plugins/js_composer/assets/images/icons/balloon.png]
[www.sabourg.sbs/wp-content/plugins/js_composer/assets/images/icons/balloon-buzz.png]
[www.sabourg.sbs/wp-content/plugins/js_composer/assets/images/icons/balloon-facebook.png]
[www.sabourg.sbs/wp-content/plugins/js_composer/assets/images/icons/balloon-twitter.png]
[www.sabourg.sbs/wp-content/plugins/js_composer/assets/images/icons/battery-full.png]
[www.sabourg.sbs/wp-content/plugins/js_composer/assets/images/icons/binocular.png]
[www.sabourg.sbs/wp-content/plugins/js_composer/assets/images/icons/blue-document-excel.png]
[www.sabourg.sbs/wp-content/plugins/js_composer/assets/images/icons/blue-document-image.png]
[www.sabourg.sbs/wp-content/plugins/js_composer/assets/images/icons/blue-document-music.png]
[www.sabourg.sbs/wp-content/plugins/js_composer/assets/images/icons/blue-document-office.png]
[www.sabourg.sbs/wp-content/plugins/js_composer/assets/images/icons/blue-document-pdf.png]
[www.sabourg.sbs/wp-content/plugins/js_composer/assets/images/icons/blue-document-powerpoint.png]
[www.sabourg.sbs/wp-content/plugins/js_composer/assets/images/icons/blue-document-word.png]
[www.sabourg.sbs/wp-content/plugins/js_composer/assets/images/icons/bookmark.png]
[www.sabourg.sbs/wp-content/plugins/js_composer/assets/images/icons/camcorder.png]
[www.sabourg.sbs/wp-content/plugins/js_composer/assets/images/icons/camera.png]
[www.sabourg.sbs/wp-content/plugins/js_composer/assets/images/icons/chart.png]
[www.sabourg.sbs/wp-content/plugins/js_composer/assets/images/icons/chart-pie.png]
[www.sabourg.sbs/wp-content/plugins/js_composer/assets/images/icons/clock.png]
[www.sabourg.sbs/wp-content/plugins/js_composer/assets/images/icons/control.png]
[www.sabourg.sbs/wp-content/plugins/js_composer/assets/images/icons/fire.png]
[www.sabourg.sbs/wp-content/plugins/js_composer/assets/images/icons/heart.png]
[www.sabourg.sbs/wp-content/plugins/js_composer/assets/images/icons/mail.png]
[www.sabourg.sbs/wp-content/plugins/js_composer/assets/images/icons/plus-shield.png]
[www.sabourg.sbs/wp-content/plugins/js_composer/assets/images/icons/video.png]
[www.sabourg.sbs/wp-content/plugins/js_composer/assets/fonts/vc_icons_v2/fonts/vcpb-plugin-iconsb82a.eot]
[www.sabourg.sbs/wp-content/plugins/js_composer/assets/fonts/vc_icons_v2/fonts/vcpb-plugin-iconsb82a.ttf]
[www.sabourg.sbs/wp-content/plugins/js_composer/assets/fonts/vc_icons_v2/fonts/vcpb-plugin-iconsb82a.woff]
[www.sabourg.sbs/wp-content/plugins/js_composer/assets/fonts/vc_icons_v2/fonts/vcpb-plugin-iconsb82a.svg]
[www.sabourg.sbs/wp-content/plugins/js_composer/assets/images/toggle_open.png]
[www.sabourg.sbs/wp-content/plugins/js_composer/assets/images/toggle_close.png]
[www.sabourg.sbs/wp-content/plugins/js_composer/assets/images/flickr.png]
[www.sabourg.sbs/wp-content/plugins/js_composer/assets/fonts/vc_grid/vc_grid_v157a1.eot]
[www.sabourg.sbs/wp-content/plugins/js_composer/assets/fonts/vc_grid/vc_grid_v1d41d.eot]
[www.sabourg.sbs/wp-content/plugins/js_composer/assets/fonts/vc_grid/vc_grid_v157a1.woff]
[www.sabourg.sbs/wp-content/plugins/js_composer/assets/fonts/vc_grid/vc_grid_v157a1.ttf]
[www.sabourg.sbs/wp-content/plugins/js_composer/assets/fonts/vc_grid/vc_grid_v157a1.svg]
[www.sabourg.sbs/wp-content/plugins/js_composer/assets/images/spinner.gif]
[www.sabourg.sbs/wp-content/plugins/js_composer/assets/vc/remove.png]
[www.sabourg.sbs/wp-content/litespeed/css/f22fb849ec121da260b5020592ba59332af3.css]
[www.sabourg.sbs/wp-content/themes/dt-the7/images/the7-exclamation-circle-fill.svg]
[www.sabourg.sbs/wp-content/themes/dt-the7/images/the7-check-circle-fill.svg]
[www.sabourg.sbs/wp-content/themes/dt-the7/images/zoom-in.svg]
[www.sabourg.sbs/wp-content/themes/dt-the7/images/zoom-out.svg]
[www.sabourg.sbs/wp-content/themes/dt-the7/images/fullscreen.svg]
[www.sabourg.sbs/wp-content/themes/dt-the7/images/fullscreen-exit.svg]
[www.sabourg.sbs/wp-content/themes/dt-the7/images/the7-chevron-down.svg]
[www.sabourg.sbs/wp-content/litespeed/css/82410f882388b450b4ecd898b137e928af82.css]
[www.sabourg.sbs/wp-content/litespeed/css/f8e64b09fe8ef074a13595def56628875901.css]
[www.sabourg.sbs/wp-content/litespeed/css/816a173901397e64d8c01cfaaef36e842cf9.css]
[www.sabourg.sbs/wp-content/litespeed/css/b016b09951cf28abef0581a5ad5fa5011aad.css]
[www.sabourg.sbs/wp-content/litespeed/css/3d689e429c2c867c6b75075e530720c813f5.css]
[www.sabourg.sbs/wp-content/litespeed/css/3593fb78b7fd8db62fe8347aee7db1faebc2.css]
[www.sabourg.sbs/wp-content/litespeed/css/6e1eaefed20443b21a2681b61d2df9d057ea.css]
[www.sabourg.sbs/wp-content/litespeed/css/daec3ad480d094311dee396422bd6f49bd60.css]
[www.sabourg.sbs/wp-content/litespeed/css/51b2e3e0c790f08f728cbacb0bbf600f6045.css]
[www.sabourg.sbs/wp-content/litespeed/css/9cd73d9f6f670f25e9b2ef760671d06e1a79.css]
[www.sabourg.sbs/wp-content/litespeed/css/cd6b954d0a949cff5d3a3192efa1f1c95a2b.css]
[www.sabourg.sbs/wp-content/litespeed/css/2713264230b6f9f59675820981d206284614.css]
[www.sabourg.sbs/indexf1ac.html]
[www.sabourg.sbs/wp-json/wp/v2/media/1134.json]
[www.sabourg.sbs/wp-json/oembed/1.0/embed2159.json]
[www.sabourg.sbs/wp-json/oembed/1.0/embed4e67]
[www.sabourg.sbs/biography-prince-abbot/conferenza-episcopale/index.html]
[www.sabourg.sbs/wp-content/litespeed/css/06c90e28c91be3b6f012d70c0c51acdb0a33.css]
[www.sabourg.sbs/indexb703.html]
[www.sabourg.sbs/wp-content/themes/dt-the7/images/mask.png]
[www.sabourg.sbs/wp-content/themes/dt-the7/images/arrow-bar-show.svg]
[www.sabourg.sbs/wp-content/themes/dt-the7/images/arrow-bar-hide.svg]
[www.sabourg.sbs/wp-content/themes/dt-the7/images/scroller-play.svg]
[www.sabourg.sbs/wp-content/themes/dt-the7/images/scroller-pause.svg]
[www.sabourg.sbs/wp-content/themes/dt-the7/images/the7-grid-3x3-gap-fill.svg]
[www.sabourg.sbs/wp-content/litespeed/css/c6d8f7d82e0d2002657ae8f3030ef07f7e47.css]
[www.sabourg.sbs/index9d49.html]
[www.sabourg.sbs/indexaf75.html]
[www.sabourg.sbs/index1ce4.html]
[www.sabourg.sbs/indexff9c.html]
[www.sabourg.sbs/wp-json/wp/v2/media/2747.json]
[www.sabourg.sbs/wp-json/oembed/1.0/embed97b4.json]
[www.sabourg.sbs/wp-json/oembed/1.0/embedcbf2]
[www.sabourg.sbs/priory-of-san-michele/thumbnail_visualizza-foto-recenti/index.html]
[www.sabourg.sbs/indexcb4a.html]
[www.sabourg.sbs/wp-json/wp/v2/media/2749.json]
[www.sabourg.sbs/wp-json/oembed/1.0/embedc9c4.json]
[www.sabourg.sbs/wp-json/oembed/1.0/embedc06b]
[www.sabourg.sbs/wp-content/uploads/2025/06/thumbnail_IMG_7584.jpg]
[www.sabourg.sbs/priory-of-san-michele/thumbnail_img_7584/index.html]
[www.sabourg.sbs/indexb8c6.html]
[www.sabourg.sbs/wp-json/wp/v2/media/623.json]
[www.sabourg.sbs/wp-json/oembed/1.0/embedfce0.json]
[www.sabourg.sbs/wp-json/oembed/1.0/embed7a52]
[www.sabourg.sbs/monastic-order/foto5/index.html]
[www.sabourg.sbs/wp-json/wp/v2/media/419.json]
[www.sabourg.sbs/wp-json/oembed/1.0/embedc831.json]
[www.sabourg.sbs/wp-json/oembed/1.0/embed832b]
[www.sabourg.sbs/monastic-order/omsito-2/index.html]
[www.sabourg.sbs/index5874.html]
[www.sabourg.sbs/index1682.html]
[www.sabourg.sbs/indexc3ba.html]
[www.sabourg.sbs/index71fc.html]
[www.sabourg.sbs/wp-json/wp/v2/media/363.json]
[www.sabourg.sbs/wp-json/oembed/1.0/embedd247.json]
[www.sabourg.sbs/wp-json/oembed/1.0/embeda58b]
[www.sabourg.sbs/orders-and-honours/dec-corona/index.html]
[www.sabourg.sbs/wp-json/wp/v2/media/364.json]
[www.sabourg.sbs/wp-json/oembed/1.0/embedea57.json]
[www.sabourg.sbs/wp-json/oembed/1.0/embed0f9a]
[www.sabourg.sbs/orders-and-honours/dec-merito/index.html]
[www.sabourg.sbs/wp-json/wp/v2/media/365.json]
[www.sabourg.sbs/wp-json/oembed/1.0/embeda4a9.json]
[www.sabourg.sbs/wp-json/oembed/1.0/embed1ce3]
[www.sabourg.sbs/orders-and-honours/dec-monastico/index.html]
[www.sabourg.sbs/wp-json/wp/v2/media/955.json]
[www.sabourg.sbs/wp-json/oembed/1.0/embed5ee9.json]
[www.sabourg.sbs/wp-json/oembed/1.0/embedcf7a]
[www.sabourg.sbs/orders-and-honours/dec-mm-1/index.html]
[www.sabourg.sbs/wp-json/wp/v2/media/2114.json]
[www.sabourg.sbs/wp-json/oembed/1.0/embed85d8.json]
[www.sabourg.sbs/wp-json/oembed/1.0/embed2634]
[www.sabourg.sbs/orders-and-honours/thumbnail_ordine-di-san-martino-decoraz/index.html]
[www.sabourg.sbs/indexbc6e.html]
[www.sabourg.sbs/index87d0.html]
[www.sabourg.sbs/wp-json/wp/v2/media/2824.json]
[www.sabourg.sbs/wp-json/oembed/1.0/embed37db.json]
[www.sabourg.sbs/wp-json/oembed/1.0/embed6d4a]
[www.sabourg.sbs/prime-minister/porrone-200x200/index.html]
[www.sabourg.sbs/indexca89.html]
[www.sabourg.sbs/wp-json/wp/v2/media/2940.json]
[www.sabourg.sbs/wp-json/oembed/1.0/embed4675.json]
[www.sabourg.sbs/wp-json/oembed/1.0/embed31df]
[www.sabourg.sbs/council-of-departments/gouvernement-2026-2028/index.html]
[www.sabourg.sbs/indexbdc5.html]
[www.sabourg.sbs/index236f.html]
[www.sabourg.sbs/index8816.html]
[www.sabourg.sbs/wp-json/wp/v2/media/358.json]
[www.sabourg.sbs/wp-json/oembed/1.0/embedf6a1.json]
[www.sabourg.sbs/wp-json/oembed/1.0/embed9164]
[www.sabourg.sbs/council-of-state/andrea/index.html]
[www.sabourg.sbs/index17f1.html]
[www.sabourg.sbs/indexec1b.html]
[www.sabourg.sbs/wp-json/wp/v2/media/2826.json]
[www.sabourg.sbs/wp-json/oembed/1.0/embed5381.json]
[www.sabourg.sbs/wp-json/oembed/1.0/embed8e46]
[www.sabourg.sbs/council-of-state/immagine-whatsapp-2025-09-30-ore-23-01-01_7c513409/index.html]
[www.sabourg.sbs/wp-json/wp/v2/media/2918.json]
[www.sabourg.sbs/wp-json/oembed/1.0/embeda83d.json]
[www.sabourg.sbs/wp-json/oembed/1.0/embed0564]
[www.sabourg.sbs/council-of-state/screenshot_95/index.html]
[www.sabourg.sbs/wp-json/wp/v2/media/2665.json]
[www.sabourg.sbs/wp-json/oembed/1.0/embeda6e7.json]
[www.sabourg.sbs/wp-json/oembed/1.0/embedcb5c]
[www.sabourg.sbs/council-of-state/creator-gd-jpeg-v1-0-using-ijg-jpeg-v80-quality-82/index.html]
[www.sabourg.sbs/index583d.html]
[www.sabourg.sbs/index2202.html]
[www.sabourg.sbs/wp-json/wp/v2/media/2701.json]
[www.sabourg.sbs/wp-json/oembed/1.0/embedea67.json]
[www.sabourg.sbs/wp-json/oembed/1.0/embed314c]
[www.sabourg.sbs/gendarmerie/gendarmeriaeu/index.html]
[www.sabourg.sbs/index8f57.html]
[www.sabourg.sbs/index64d4.html]
[www.sabourg.sbs/index799a.html]
[www.sabourg.sbs/index334e.html]
[www.sabourg.sbs/index2e25.html]
[www.sabourg.sbs/wp-json/wp/v2/media/397.json]
[www.sabourg.sbs/wp-json/oembed/1.0/embedbe32.json]
[www.sabourg.sbs/wp-json/oembed/1.0/embed9892]
[www.sabourg.sbs/a-s-e-p-a-s/asepas/index.html]
[www.sabourg.sbs/indexf628.html]
[www.sabourg.sbs/wp-content/litespeed/css/a949c9b2107453514a2e910ff6337081179b.css]
[www.sabourg.sbs/index689b.html]
[www.sabourg.sbs/wp-json/wp/v2/media/2339.json]
[www.sabourg.sbs/wp-json/oembed/1.0/embeda494.json]
[www.sabourg.sbs/wp-json/oembed/1.0/embed9cec]
[www.sabourg.sbs/events-2024/santalucia/index.html]
[www.sabourg.sbs/wp-json/wp/v2/media/2335.json]
[www.sabourg.sbs/wp-json/oembed/1.0/embedf015.json]
[www.sabourg.sbs/wp-json/oembed/1.0/embed5f71]
[www.sabourg.sbs/events-2024/icocna-natale/index.html]
[www.sabourg.sbs/wp-json/wp/v2/media/2333.json]
[www.sabourg.sbs/wp-json/oembed/1.0/embede1ef.json]
[www.sabourg.sbs/wp-json/oembed/1.0/embed189c]
[www.sabourg.sbs/events-2024/dormizione-maria2/index.html]
[www.sabourg.sbs/wp-json/wp/v2/media/2332.json]
[www.sabourg.sbs/wp-json/oembed/1.0/embed5725.json]
[www.sabourg.sbs/wp-json/oembed/1.0/embed4e06]
[www.sabourg.sbs/events-2024/smm/index.html]
[www.sabourg.sbs/wp-json/wp/v2/media/2654.json]
[www.sabourg.sbs/wp-json/oembed/1.0/embed4653.json]
[www.sabourg.sbs/wp-json/oembed/1.0/embedf861]
[www.sabourg.sbs/events-2025/battesimo/index.html]
[www.sabourg.sbs/wp-json/wp/v2/media/2656.json]
[www.sabourg.sbs/wp-json/oembed/1.0/embed1843.json]
[www.sabourg.sbs/wp-json/oembed/1.0/embed09e8]
[www.sabourg.sbs/events-2025/sanbenedetto/index.html]
[www.sabourg.sbs/wp-json/wp/v2/media/2653.json]
[www.sabourg.sbs/wp-json/oembed/1.0/embedd79f.json]
[www.sabourg.sbs/wp-json/oembed/1.0/embed838e]
[www.sabourg.sbs/events-2025/palme/index.html]
[www.sabourg.sbs/wp-json/wp/v2/media/2652.json]
[www.sabourg.sbs/wp-json/oembed/1.0/embed88e5.json]
[www.sabourg.sbs/wp-json/oembed/1.0/embed7e11]
[www.sabourg.sbs/events-2025/ultimacena/index.html]
[www.sabourg.sbs/wp-json/wp/v2/media/2655.json]
[www.sabourg.sbs/wp-json/oembed/1.0/embed12df.json]
[www.sabourg.sbs/wp-json/oembed/1.0/embed0ddf]
[www.sabourg.sbs/events-2025/zimmer/index.html]
[www.sabourg.sbs/wp-json/wp/v2/media/2657.json]
[www.sabourg.sbs/wp-json/oembed/1.0/embed8b8b.json]
[www.sabourg.sbs/wp-json/oembed/1.0/embed5f63]
[www.sabourg.sbs/events-2025/ascensione/index.html]
[www.sabourg.sbs/wp-json/wp/v2/media/2658.json]
[www.sabourg.sbs/wp-json/oembed/1.0/embede073.json]
[www.sabourg.sbs/wp-json/oembed/1.0/embed6f85]
[www.sabourg.sbs/events-2025/pentecoste/index.html]
[www.sabourg.sbs/wp-json/wp/v2/media/2331.json]
[www.sabourg.sbs/wp-json/oembed/1.0/embed66c6.json]
[www.sabourg.sbs/wp-json/oembed/1.0/embed2fb2]
[www.sabourg.sbs/events-2024/sgb/index.html]
[www.sabourg.sbs/wp-json/wp/v2/media/2341.json]
[www.sabourg.sbs/wp-json/oembed/1.0/embedc334.json]
[www.sabourg.sbs/wp-json/oembed/1.0/embeddca6]
[www.sabourg.sbs/events-2024/ordine-logo-monastico/index.html]
[www.sabourg.sbs/wp-json/wp/v2/media/2328.json]
[www.sabourg.sbs/wp-json/oembed/1.0/embed01a8.json]
[www.sabourg.sbs/wp-json/oembed/1.0/embed26e9]
[www.sabourg.sbs/wp-content/uploads/2024/02/san-martino-2.webp]
[www.sabourg.sbs/home/san-martino-3/index.html]
[www.sabourg.sbs/indexe4db.html]
[www.sabourg.sbs/index8a56.html]
[www.sabourg.sbs/index9d87.html]
[www.sabourg.sbs/wp-json/wp/v2/media/424.json]
[www.sabourg.sbs/wp-json/oembed/1.0/embed82ed.json]
[www.sabourg.sbs/wp-json/oembed/1.0/embed394c]
[www.sabourg.sbs/wp-content/uploads/2023/01/iss.png]
[www.sabourg.sbs/ecumenical-institute/iss/index.html]
[www.sabourg.sbs/index2303.html]
[www.sabourg.sbs/wp-json/wp/v2/media/2229.json]
[www.sabourg.sbs/wp-json/oembed/1.0/embedf2ce.json]
[www.sabourg.sbs/wp-json/oembed/1.0/embedb7b1]
[www.sabourg.sbs/equestrian-order-of-st-martin/screenshot_25/index.html]
[www.sabourg.sbs/indexecc4.html]
[www.sabourg.sbs/wp-json/wp/v2/media/433.json]
[www.sabourg.sbs/wp-json/oembed/1.0/embed9898.json]
[www.sabourg.sbs/wp-json/oembed/1.0/embed9f2c]
[www.sabourg.sbs/castrum-sepulchri/cs-sito/index.html]
[www.sabourg.sbs/index4192.html]
[www.sabourg.sbs/index2325.html]
[www.sabourg.sbs/index834e.html]
[www.sabourg.sbs/index371d.html]
[www.sabourg.sbs/indexd233.html]
[www.sabourg.sbs/indexb864.html]
[www.sabourg.sbs/indexfa1b.html]
[www.sabourg.sbs/indexe467.html]
[www.sabourg.sbs/indexda6e.html]
[www.sabourg.sbs/index42c4.html]
[www.sabourg.sbs/index0ba2.html]
[www.sabourg.sbs/indexbeeb.html]
[www.sabourg.sbs/index6497.html]
[www.sabourg.sbs/index65fd.html]
[www.sabourg.sbs/indexaf97.html]
[www.sabourg.sbs/index1dad.html]
[www.sabourg.sbs/index0042.html]
[www.sabourg.sbs/index816a.html]
[www.sabourg.sbs/indexe1af.html]
[www.sabourg.sbs/index97e9.html]
[www.sabourg.sbs/indexd308.html]
[www.sabourg.sbs/indexce0b.html]
[www.sabourg.sbs/index419b.html]
[www.sabourg.sbs/indexe6ee.html]
[www.sabourg.sbs/index11c9.html]
[www.sabourg.sbs/index295f.html]
[www.sabourg.sbs/wp-content/plugins/js_composer/assets/fonts/vc_icons_v2/fonts/vcpb-plugin-iconsb82a.svg]
[www.sabourg.sbs/wp-content/plugins/js_composer/assets/vc/blur.svg]
[www.sabourg.sbs/wp-content/plugins/js_composer/assets/fonts/vc_grid/vc_grid_v157a1.svg]
[www.sabourg.sbs/wp-content/themes/dt-the7/images/the7-exclamation-circle-fill.svg]
[www.sabourg.sbs/wp-content/themes/dt-the7/images/the7-check-circle-fill.svg]
[www.sabourg.sbs/wp-content/themes/dt-the7/images/zoom-in.svg]
[www.sabourg.sbs/wp-content/themes/dt-the7/images/zoom-out.svg]
[www.sabourg.sbs/wp-content/themes/dt-the7/images/fullscreen.svg]
[www.sabourg.sbs/wp-content/themes/dt-the7/images/fullscreen-exit.svg]
[www.sabourg.sbs/wp-content/themes/dt-the7/images/the7-chevron-down.svg]
[www.sabourg.sbs/index6635.html]
[www.sabourg.sbs/wp-content/themes/dt-the7/images/arrow-bar-show.svg]
[www.sabourg.sbs/wp-content/themes/dt-the7/images/arrow-bar-hide.svg]
[www.sabourg.sbs/wp-content/themes/dt-the7/images/scroller-play.svg]
[www.sabourg.sbs/wp-content/themes/dt-the7/images/scroller-pause.svg]
[www.sabourg.sbs/wp-content/themes/dt-the7/images/the7-grid-3x3-gap-fill.svg]
[www.sabourg.sbs/index166f.html]
[www.sabourg.sbs/index9610.html]
[www.sabourg.sbs/index5024.html]
[www.sabourg.sbs/indexbdfa.html]
[www.sabourg.sbs/index481e.html]
[www.sabourg.sbs/index0364.html]
[www.sabourg.sbs/index18ee.html]
[www.sabourg.sbs/index2026.html]
[www.sabourg.sbs/index4faf.html]
[www.sabourg.sbs/indexf7ef.html]
[www.sabourg.sbs/index20df.html]
[www.sabourg.sbs/indexf5a4.html]
[www.sabourg.sbs/index1538.html]
[www.sabourg.sbs/index7603.html]
[www.sabourg.sbs/index2bd1.html]
[www.sabourg.sbs/index8c86.html]
[www.sabourg.sbs/indexae62.html]
[www.sabourg.sbs/index03b7.html]
[www.sabourg.sbs/indexbcd0.html]
[www.sabourg.sbs/index6015.html]
[www.sabourg.sbs/index180e.html]
[www.sabourg.sbs/indexae35.html]
[www.sabourg.sbs/index048d.html]
[www.sabourg.sbs/index3a9c.html]
[www.sabourg.sbs/index5328.html]
[www.sabourg.sbs/index486d.html]
[www.sabourg.sbs/indexb2a0.html]
[www.sabourg.sbs/indexe6dd.html]
[www.sabourg.sbs/index988d.html]
[www.sabourg.sbs/index8fb7.html]
[www.sabourg.sbs/index6fa8.html]
[www.sabourg.sbs/index007a.html]
[www.sabourg.sbs/index3d15.html]
[www.sabourg.sbs/index1557.html]
