[www.sabourg.org/index.html]
[backblue.gif]
[fade.gif]
[index.html]
[www.sabourg.org/wp-json/oembed/1.0/embeda4d0.json]
[www.sabourg.org/wp-json/oembed/1.0/embed4ce0]
[www.sabourg.org/feed/index.html]
[www.sabourg.org/comments/feed/index.html]
[www.sabourg.org/wp-content/themes/dt-the7/images/x-lg.svg]
[www.sabourg.org/wp-content/themes/dt-the7/images/the7-share-fill.svg]
[www.sabourg.org/wp-content/themes/dt-the7/images/the7-chevron-left.svg]
[www.sabourg.org/wp-content/themes/dt-the7/images/the7-chevron-right.svg]
[www.sabourg.org/wp-content/themes/dt-the7/images/the7-chevron-side.svg]
[www.sabourg.org/wp-content/litespeed/ucss/b6477ea99ca8363e542ac2ba9dd0f7a395b8.css]
[www.sabourg.org/wp-content/plugins/litespeed-cache/assets/js/css_async.min.js]
[www.sabourg.org/wp-json/index.html]
[www.sabourg.org/wp-json/wp/v2/pages/7.json]
[www.sabourg.org/xmlrpc0db0.php]
[www.sabourg.org/wp-content/uploads/2023/05/logo-seb-2-1.png]
[www.sabourg.org/wp-content/uploads/2023/01/seborga2d9e6.jpg]
[www.sabourg.org/wp-content/uploads/2025/03/sabourg-gold.png]
[www.sabourg.org/wp-content/uploads/2025/12/WhatsApp-Image-2025-12-27-at-18.16.32-737x1024.jpg]
[www.sabourg.org/biographie-prince-abbe-archeveque-de-seborga/index.html]
[www.sabourg.org/wp-content/plugins/litespeed-cache/guest.vary.html]
[www.sabourg.org/index.html]
[www.sabourg.org/wp-content/themes/dt-the7/images/x-lg.svg]
[www.sabourg.org/pourquoi-le-prince-de-seborga-ne-peut-il-etre-quun-homme-religieux/index.html]
[www.sabourg.org/quentend-on-aujourdhui-par-par-principaute-du-sabourg/index.html]
[www.sabourg.org/wp-content/themes/dt-the7/images/the7-share-fill.svg]
[www.sabourg.org/autres-princes-et-princesses-a-seborga/index.html]
[www.sabourg.org/e-cabinet/index.html]
[www.sabourg.org/wp-content/themes/dt-the7/images/the7-chevron-left.svg]
[www.sabourg.org/prieure-de-saint-michel/index.html]
[www.sabourg.org/prieure-de-seborga/index.html]
[www.sabourg.org/wp-content/themes/dt-the7/images/the7-chevron-right.svg]
[www.sabourg.org/ordre-monastique/index.html]
[www.sabourg.org/wp-content/themes/dt-the7/images/the7-chevron-side.svg]
[www.sabourg.org/lieux-religieux/index.html]
[www.sabourg.org/ordre-equestre-de-saint-martin-2/index.html]
[www.sabourg.org/hymne-de-la-principaute-du-sabourg/index.html]
[www.sabourg.org/ordres-et-distinctions/index.html]
[www.sabourg.org/wp-content/themes/dt-the7/fonts/icomoon-the7-font/icomoon-the7-fontb9c8.ttf]
[www.sabourg.org/wp-content/themes/dt-the7/fonts/icomoon-the7-font/icomoon-the7-fontb9c8.woff]
[www.sabourg.org/conseil-monastique/index.html]
[www.sabourg.org/constitution/index.html]
[www.sabourg.org/wp-content/plugins/js_composer/assets/fonts/vc_icons_v2/fonts/vcpb-plugin-iconsb82a.eot]
[www.sabourg.org/wp-content/plugins/js_composer/assets/fonts/vc_icons_v2/fonts/vcpb-plugin-iconsb82a.ttf]
[www.sabourg.org/wp-content/plugins/js_composer/assets/fonts/vc_icons_v2/fonts/vcpb-plugin-iconsb82a.woff]
[www.sabourg.org/wp-content/plugins/js_composer/assets/fonts/vc_icons_v2/fonts/vcpb-plugin-iconsb82a.svg]
[www.sabourg.org/wp-content/plugins/js_composer/assets/fonts/vc_grid/vc_grid_v157a1.eot]
[www.sabourg.org/premier-ministre/index.html]
[www.sabourg.org/wp-content/plugins/js_composer/assets/fonts/vc_grid/vc_grid_v1d41d.eot]
[www.sabourg.org/wp-content/plugins/js_composer/assets/fonts/vc_grid/vc_grid_v157a1.woff]
[www.sabourg.org/wp-content/plugins/js_composer/assets/fonts/vc_grid/vc_grid_v157a1.ttf]
[www.sabourg.org/wp-content/plugins/js_composer/assets/fonts/vc_grid/vc_grid_v157a1.svg]
[www.sabourg.org/wp-content/litespeed/ucss/b6477ea99ca8363e542ac2ba9dd0f7a395b8.css]
[www.sabourg.org/xmlrpc0db0.html]
[www.sabourg.org/cooperation-internationale/index.html]
[www.sabourg.org/gouvernement-numerique/index.html]
[www.sabourg.org/dicasteres/index.html]
[www.sabourg.org/wp-json/oembed/1.0/embed7f77.json]
[www.sabourg.org/wp-json/oembed/1.0/embed3d75]
[www.sabourg.org/conseil-de-la-couronne/index.html]
[www.sabourg.org/wp-content/litespeed/ucss/693f09205f02bb019b98d50bb3f4f0c695b8.css]
[www.sabourg.org/conseil-des-dicasteres/index.html]
[www.sabourg.org/wp-json/wp/v2/pages/385.json]
[www.sabourg.org/conseil-detat/index.html]
[www.sabourg.org/wp-content/uploads/2024/10/conferenza-episcopale-1-792x1024.jpg]
[www.sabourg.org/biographie-prince-abbe-archeveque-de-seborga/index.html]
[www.sabourg.org/justice/index.html]
[www.sabourg.org/gendarmerie/index.html]
[www.sabourg.org/identite-numerique/index.html]
[www.sabourg.org/e-register-card/index.html]
[www.sabourg.org/e-residence-young/index.html]
[www.sabourg.org/e-residence-card/index.html]
[www.sabourg.org/wp-json/oembed/1.0/embedf089.json]
[www.sabourg.org/wp-json/oembed/1.0/embed1993]
[www.sabourg.org/a-s-e-p-a-s/index.html]
[www.sabourg.org/wp-content/litespeed/ucss/ede1a4cdff66d454d7c66b96c88909df95b8.css]
[www.sabourg.org/wp-json/wp/v2/pages/1022.json]
[www.sabourg.org/e-cabinet/index.html]
[www.sabourg.org/fondation-numerique/index.html]
[www.sabourg.org/wp-json/oembed/1.0/embed1c8e.json]
[www.sabourg.org/recurrences/index.html]
[www.sabourg.org/evenements-2025/index.html]
[www.sabourg.org/celebrations-religieuses/index.html]
[www.sabourg.org/wp-json/oembed/1.0/embede396]
[www.sabourg.org/wp-content/litespeed/css/0cd64fb9062ed07a43c28fe913583164dc79.css]
[www.sabourg.org/institut-oecumenique/index.html]
[www.sabourg.org/wp-content/litespeed/css/093f9ca78f69b2d3669e032868b9c00c5c19.css]
[www.sabourg.org/wp-content/litespeed/css/17e5d380061996a91af279b9b18ebba4181c.css]
[www.sabourg.org/wp-content/litespeed/css/0b672c1b874580120f16c210985b7bdb23b7.css]
[www.sabourg.org/wp-content/litespeed/css/c329722b6192383638736a370fbff50c4943.css]
[www.sabourg.org/wp-content/litespeed/css/035fdc61f70f913adcc1ab9ce7db75f284fb.css]
[www.sabourg.org/wp-content/litespeed/css/1720b86bd8cd36cb809605059db8f76cecec.css]
[www.sabourg.org/castrum-sepulchri-de-sebaste-de-sepulca-a-1261/index.html]
[www.sabourg.org/wp-content/litespeed/css/64b4ea9a555685d3507766df5b5f95e2c5f6.css]
[www.sabourg.org/wp-content/litespeed/css/fdefd50ff95b4208d920dc6fbf01cb61cd60.css]
[www.sabourg.org/wp-content/litespeed/css/a0d7852bf9ddcae137e61be2ca94a14edc56.css]
[www.sabourg.org/wp-content/litespeed/css/993955e7155c8534fba2d05f60eeee037296.css]
[www.sabourg.org/wp-content/litespeed/css/05d6f21fa74607caf039b6fe7e3071d4f585.css]
[www.sabourg.org/principaute-abbatiale-de-1261-a-1729/index.html]
[www.sabourg.org/wp-content/litespeed/css/b22f9ae166bf0fd762a4201a17fa26eefc01.css]
[www.sabourg.org/wp-content/litespeed/css/8b70d5c2ed9923edbd1191f0b7c079af940d.css]
[www.sabourg.org/wp-content/litespeed/css/730064838b9a00117b80c47ce7538c49a528.css]
[www.sabourg.org/wp-content/litespeed/css/e28710a1fd8820462d61d6db3e2fcc65b295.css]
[www.sabourg.org/protectorat-de-savoie-de-1730-a-1945/index.html]
[www.sabourg.org/wp-content/litespeed/css/52646489b3406d4f9bdba3428f097a450b70.css]
[www.sabourg.org/wp-includes/js/jquery/jquery.min.js]
[www.sabourg.org/wp-content/litespeed/js/ededff201fa3f4014bca6d8b5ad6929a61bc.js]
[www.sabourg.org/wp-content/litespeed/js/0174499ec729bca4a9324d2b33b146e77ddf.js]
[www.sabourg.org/legitimation-de-1946-a-nos-jours/index.html]
[www.sabourg.org/wp-content/litespeed/js/942d62c3c6f92cf2d246168cdfdf1a7e1040.js]
[www.sabourg.org/wp-content/litespeed/js/679f961f4800f68d34977ff18826802aa769.js]
[www.sabourg.org/wp-content/litespeed/js/5370977fdc1228f2baf6b3681fea6f5f2fbc.js]
[www.sabourg.org/wp-json/wp/v2/pages/1160.json]
[www.sabourg.org/faux-mythes-a-seborga/index.html]
[www.sabourg.org/wp-content/litespeed/css/c24bee40a74e32fb7bb6401eb4d6182cbfa8.css]
[www.sabourg.org/conferences-officielles/index.html]
[www.sabourg.org/wp-content/uploads/2023/05/sbg-150.png]
[www.sabourg.org/wp-content/uploads/2023/03/sbg-102.png]
[www.sabourg.org/wp-content/uploads/2023/03/sbg-103.png]
[www.sabourg.org/home/logo-seb-2-175/index.html]
[www.sabourg.org/wp-content/litespeed/js/2b8dd9481277f1c72ebf1522b79a69db7eda.js]
[www.sabourg.org/wp-content/litespeed/js/5c39f48c45e10ecc45d0b8018392844c0971.js]
[www.sabourg.org/wp-content/litespeed/js/86a3081eb5082c714800bfd3bcd3416d0844.js]
[www.sabourg.org/wp-content/litespeed/js/d10ec78f922b28acedbd5011e8270211c45e.js]
[www.sabourg.org/wp-content/litespeed/js/d9fea41fdf7e1503d36930f1797b340f2462.js]
[www.sabourg.org/wp-content/litespeed/js/5cfd22d093415edad926fc8924d6ece8ef96.js]
[www.sabourg.org/conseil-des-dicasteres/consigiio-dicasteri-3-3/index.html]
[www.sabourg.org/wp-content/litespeed/js/de3468978d0fa1c38db94a0522471475e9d7.js]
[www.sabourg.org/wp-content/litespeed/js/bc0d7654682829edb295006575f591ca62be.js]
[www.sabourg.org/wp-content/litespeed/js/9d23aca97220abc0bad9b0433a127f05a885.js]
[www.sabourg.org/quentend-on-aujourdhui-par-par-principaute-du-sabourg/index.html]
[www.sabourg.org/autonomie-de-seborga-vs-independance-de-seborga/index.html]
[www.sabourg.org/wp-content/litespeed/js/628dbb9bc63905d36f846fb376adadc9058b.js]
[www.sabourg.org/home/padregiovanni-jpeg/index.html]
[www.sabourg.org/wp-json/oembed/1.0/embed8e6b.json]
[www.sabourg.org/wp-json/oembed/1.0/embedf90f]
[www.sabourg.org/home/whatsapp-image-2025-12-15-at-17-52-46/index.html]
[www.sabourg.org/home/immagine-whatsapp-2025-10-01-ore-18-52-10_f5b4ef04/index.html]
[www.sabourg.org/wp-json/wp/v2/pages/1590.json]
[www.sabourg.org/home/63ba05a9-5e1d-44fd-921e-33ea505d305c/index.html]
[www.sabourg.org/pourquoi-le-prince-de-seborga-ne-peut-il-etre-quun-homme-religieux/index.html]
[www.sabourg.org/home/immagine-whatsapp-2025-06-04-ore-16-47-13_75115473/index.html]
[www.sabourg.org/wp-json/oembed/1.0/embed7084.json]
[www.sabourg.org/home/foto-ufficiale-papa-leone-xiv_copyright-vatican-media/index.html]
[www.sabourg.org/wp-json/oembed/1.0/embedaf2a]
[www.sabourg.org/wp-json/wp/v2/pages/1360.json]
[www.sabourg.org/home/immagine-whatsapp-2025-05-14-ore-18-21-56_9ff66641/index.html]
[www.sabourg.org/communique-de-presse-du-22-avril-2025/pope-5678517_1280/index.html]
[www.sabourg.org/wp-content/uploads/2023/03/sbg-108.jpg]
[www.sabourg.org/wp-content/uploads/2023/03/sbg-109.jpg]
[www.sabourg.org/wp-content/uploads/2023/05/sanbernardo-225x300.jpg]
[www.sabourg.org/wp-content/uploads/2023/03/sbg-111.jpg]
[www.sabourg.org/communique-de-presse-du-22-avril-2025/index.html]
[www.sabourg.org/wp-content/uploads/2023/03/sbg-111-1024x420.jpg]
[www.sabourg.org/wp-content/uploads/2023/03/sbg-107.jpg]
[www.sabourg.org/wp-content/uploads/2023/03/sbg-107-1024x800.jpg]
[www.sabourg.org/wp-content/uploads/2023/03/sbg-110.jpg]
[www.sabourg.org/autres-princes-et-princesses-a-seborga/index.html]
[www.sabourg.org/communique-de-presse-du-23-janvier-2025/473533162_940501848171708_8010719105155063463_n/index.html]
[www.sabourg.org/wp-json/oembed/1.0/embedc295.json]
[www.sabourg.org/communique-de-presse-du-23-janvier-2025/index.html]
[www.sabourg.org/wp-json/oembed/1.0/embed220b]
[www.sabourg.org/wp-json/wp/v2/pages/2818.json]
[www.sabourg.org/communique-de-presse-du-15-janvier-2025/immagine-whatsapp-2025-01-22-ore-22-50-05_f35b0a4b/index.html]
[www.sabourg.org/wp-content/uploads/2025/06/thumbnail_Visualizza-foto-recenti.png]
[www.sabourg.org/communique-de-presse-du-15-janvier-2025/index.html]
[www.sabourg.org/wp-content/uploads/2025/06/thumbnail_IMG_7584-1024x768.jpg]
[www.sabourg.org/wp-content/uploads/2025/06/thumbnail_IMG_7584.jpg]
[www.sabourg.org/prieure-de-seborga/index.html]
[www.sabourg.org/communique-de-presse-du-13-decembre-2024/immagine-whatsapp-2024-12-18-ore-17-10-47_46423b31/index.html]
[www.sabourg.org/wp-json/oembed/1.0/embed396c.json]
[www.sabourg.org/wp-json/oembed/1.0/embed9cf1]
[www.sabourg.org/communique-de-presse-du-13-decembre-2024/index.html]
[www.sabourg.org/wp-json/wp/v2/pages/2826.json]
[www.sabourg.org/communiques-officiels-2024/photo-2024-09-30-07-40-58-1/index.html]
[www.sabourg.org/wp-content/uploads/2025/06/thumbnail_IMG_7994.jpg]
[www.sabourg.org/prieure-de-saint-michel/index.html]
[www.sabourg.org/communiques-officiels-2024/index.html]
[www.sabourg.org/home/immagine-whatsapp-2024-06-27-ore-20-09-18_9fef06c6/index.html]
[www.sabourg.org/wp-json/oembed/1.0/embedf095.json]
[www.sabourg.org/wp-json/oembed/1.0/embed6359]
[www.sabourg.org/visit-seborga/index.html]
[www.sabourg.org/wp-json/wp/v2/pages/417.json]
[www.sabourg.org/wp-content/litespeed/css/19b17ba5944dc0450bed5d786adbf868b9d9.css]
[www.sabourg.org/wp-content/uploads/2023/01/ordine-lg-1.png]
[www.sabourg.org/wp-content/uploads/2023/01/foto5.webp]
[www.sabourg.org/wp-content/uploads/2023/01/omsito-1.png]
[www.sabourg.org/ordre-monastique/index.html]
[www.sabourg.org/wp-content/litespeed/js/24da03cbcc903131764e0b895774d720d82b.js]
[www.sabourg.org/wp-json/oembed/1.0/embed6be1.json]
[www.sabourg.org/wp-json/oembed/1.0/embed17f5]
[www.sabourg.org/home/whatsapp-image-2025-12-27-at-18-16-32/index.html]
[www.sabourg.org/home/whatsapp-image-2025-12-23-at-23-23-29/index.html]
[www.sabourg.org/wp-json/wp/v2/pages/2187.json]
[www.sabourg.org/wp-content/uploads/2024/01/Screenshot_23-300x320.png]
[www.sabourg.org/biographie-prince-abbe-archeveque-de-seborga/conferenza-episcopale-1/index.html]
[www.sabourg.org/wp-content/uploads/2024/01/Screenshot_25-1.jpg]
[www.sabourg.org/ordre-equestre-de-saint-martin-2/index.html]
[www.sabourg.org/wp-json/oembed/1.0/embed05db.json]
[www.sabourg.org/wp-json/oembed/1.0/embed9269]
[www.sabourg.org/conseil-de-la-couronne/logo-seb-2-200/index.html]
[www.sabourg.org/wp-json/wp/v2/pages/1389.json]
[www.sabourg.org/wp-content/uploads/2023/01/sanbernardo-1024x423.png]
[www.sabourg.org/wp-content/uploads/2023/01/piazza2-1-1024x582.jpg]
[www.sabourg.org/wp-content/uploads/2023/08/magdala1.jpg]
[www.sabourg.org/wp-content/uploads/2025/12/WhatsApp-Image-2025-12-15-at-17.52.46-2.jpg]
[www.sabourg.org/wp-content/uploads/2023/03/sbg-200-1024x587.jpg]
[www.sabourg.org/lieux-religieux/index.html]
[www.sabourg.org/wp-json/oembed/1.0/embed2d9e.json]
[www.sabourg.org/wp-json/oembed/1.0/embed431c]
[www.sabourg.org/wp-json/wp/v2/pages/2401.json]
[www.sabourg.org/hymne-de-la-principaute-du-sabourg/index.html]
[www.sabourg.org/wp-json/oembed/1.0/embed1761.json]
[www.sabourg.org/wp-json/oembed/1.0/embed4065]
[www.sabourg.org/wp-json/wp/v2/pages/336.json]
[www.sabourg.org/wp-content/uploads/2023/01/dec-corona.webp]
[www.sabourg.org/wp-content/uploads/2023/01/dec-merito.webp]
[www.sabourg.org/wp-content/uploads/2023/01/dec-monastico.webp]
[www.sabourg.org/wp-content/uploads/2023/02/dec-mm-1.webp]
[www.sabourg.org/wp-content/uploads/2023/11/thumbnail_ordine-di-San-Martino-decoraz-724x1024.jpg]
[www.sabourg.org/wp-content/uploads/2023/11/thumbnail_ordine-di-San-Martino-decoraz.jpg]
[www.sabourg.org/ordres-et-distinctions/index.html]
[www.sabourg.org/prieure-de-saint-michel/thumbnail_visualizza-foto-recenti/index.html]
[www.sabourg.org/wp-json/oembed/1.0/embeda16b.json]
[www.sabourg.org/prieure-de-saint-michel/thumbnail_img_7584/index.html]
[www.sabourg.org/wp-json/oembed/1.0/embedc86f]
[www.sabourg.org/wp-json/wp/v2/pages/372.json]
[www.sabourg.org/constitution/index.html]
[www.sabourg.org/prieure-de-saint-michel/thumbnail_img_7994/index.html]
[www.sabourg.org/wp-json/oembed/1.0/embedfab3.json]
[www.sabourg.org/conseil-de-la-couronne/ordine-lg-2/index.html]
[www.sabourg.org/wp-json/oembed/1.0/embed17ad]
[www.sabourg.org/ordre-monastique/foto5/index.html]
[www.sabourg.org/wp-json/wp/v2/pages/353.json]
[www.sabourg.org/ordre-monastique/omsito-2/index.html]
[www.sabourg.org/wp-content/uploads/2023/01/ordinemonastico-1.webp]
[www.sabourg.org/conseil-monastique/index.html]
[www.sabourg.org/wp-json/oembed/1.0/embed5e8f.json]
[www.sabourg.org/ordre-equestre-de-saint-martin-2/screenshot_23/index.html]
[www.sabourg.org/wp-json/oembed/1.0/embeda94e]
[www.sabourg.org/ordre-equestre-de-saint-martin-2/screenshot_25-1/index.html]
[www.sabourg.org/wp-json/wp/v2/pages/1020.json]
[www.sabourg.org/wp-content/uploads/2023/01/consigiio-dicasteri-3-2.webp]
[www.sabourg.org/wp-content/uploads/2025/09/porrone-200x200-1.png]
[www.sabourg.org/wp-content/uploads/2025/12/WhatsApp-Image-2025-11-27-at-17.53.26-1-e1764858428876-150x150.jpg]
[www.sabourg.org/premier-ministre/index.html]
[www.sabourg.org/wp-json/oembed/1.0/embedd005.json]
[www.sabourg.org/ordres-et-distinctions/dec-corona/index.html]
[www.sabourg.org/wp-json/oembed/1.0/embed13e3]
[www.sabourg.org/wp-json/wp/v2/pages/980.json]
[www.sabourg.org/ordres-et-distinctions/dec-merito/index.html]
[www.sabourg.org/wp-content/uploads/2023/05/sbg-logo3-300.png]
[www.sabourg.org/ordres-et-distinctions/dec-monastico/index.html]
[www.sabourg.org/wp-content/uploads/2025/12/Gouvernement-2026-2028.jpg]
[www.sabourg.org/dicasteres/index.html]
[www.sabourg.org/ordres-et-distinctions/dec-mm-1/index.html]
[www.sabourg.org/wp-json/oembed/1.0/embed424c.json]
[www.sabourg.org/ordres-et-distinctions/thumbnail_ordine-di-san-martino-decoraz/index.html]
[www.sabourg.org/wp-json/oembed/1.0/embed313a]
[www.sabourg.org/wp-json/wp/v2/pages/430.json]
[www.sabourg.org/gouvernement-numerique/index.html]
[www.sabourg.org/conseil-de-la-couronne/ordinemonastico-2/index.html]
[www.sabourg.org/wp-json/oembed/1.0/embed823d.json]
[www.sabourg.org/wp-json/oembed/1.0/embed3e09]
[www.sabourg.org/wp-json/wp/v2/pages/973.json]
[www.sabourg.org/cooperation-internationale/index.html]
[www.sabourg.org/premier-ministre/porrone-200x200/index.html]
[www.sabourg.org/premier-ministre/whatsapp-image-2025-11-27-at-17-53-26-2/index.html]
[www.sabourg.org/wp-json/oembed/1.0/embedf54c.json]
[www.sabourg.org/home/sbg-logo3-300/index.html]
[www.sabourg.org/wp-json/oembed/1.0/embed7da9]
[www.sabourg.org/wp-json/wp/v2/pages/161.json]
[www.sabourg.org/conseil-des-dicasteres/gouvernement-2026-2028/index.html]
[www.sabourg.org/wp-content/uploads/2023/05/logo-seb-2-150.png]
[www.sabourg.org/wp-content/uploads/2023/01/andrea.webp]
[www.sabourg.org/conseil-de-la-couronne/index.html]
[www.sabourg.org/wp-json/oembed/1.0/embedf6cd.json]
[www.sabourg.org/wp-json/oembed/1.0/embed3bd6]
[www.sabourg.org/wp-json/wp/v2/pages/346.json]
[www.sabourg.org/logo-seb-2-150/index.html]
[www.sabourg.org/wp-content/uploads/2025/12/Gouvernement-2026-2028-300x221.jpg]
[www.sabourg.org/conseil-des-dicasteres/index.html]
[www.sabourg.org/conseil-detat/andrea/index.html]
[www.sabourg.org/wp-json/oembed/1.0/embedeba3.json]
[www.sabourg.org/wp-json/oembed/1.0/embedc00f]
[www.sabourg.org/wp-json/wp/v2/pages/357.json]
[www.sabourg.org/wp-content/uploads/2023/01/logo-pas2-200.png]
[www.sabourg.org/wp-content/uploads/2025/10/Immagine-WhatsApp-2025-09-30-ore-23.01.01_7c513409-135x395.jpg]
[www.sabourg.org/wp-content/uploads/2025/12/Screenshot_95-166x395.png]
[www.sabourg.org/wp-content/uploads/2025/01/WhatsApp-Image-2025-01-03-at-19.48.55-176x395.jpg]
[www.sabourg.org/conseil-detat/index.html]
[www.sabourg.org/wp-json/oembed/1.0/embed85ca.json]
[www.sabourg.org/wp-json/oembed/1.0/embedcead]
[www.sabourg.org/logo-pas2-200/index.html]
[www.sabourg.org/wp-json/wp/v2/pages/2872.json]
[www.sabourg.org/conseil-detat/immagine-whatsapp-2025-09-30-ore-23-01-01_7c513409/index.html]
[www.sabourg.org/wp-content/uploads/2025/08/sanmichelebilancia157b.webp]
[www.sabourg.org/justice/index.html]
[www.sabourg.org/wp-json/oembed/1.0/embedfbbb.json]
[www.sabourg.org/conseil-detat/screenshot_95/index.html]
[www.sabourg.org/conseil-detat/whatsapp-image-2025-01-03-at-19-48-55/index.html]
[www.sabourg.org/wp-json/oembed/1.0/embedae14]
[www.sabourg.org/wp-json/wp/v2/pages/426.json]
[www.sabourg.org/wp-content/uploads/2023/05/logo-gendarmeria-200x203.png]
[www.sabourg.org/wp-content/uploads/2025/03/gendarmeriaeu.webp]
[www.sabourg.org/gendarmerie/index.html]
[www.sabourg.org/wp-json/oembed/1.0/embedde7a.json]
[www.sabourg.org/gendarmerie/logo-gendarmeria/index.html]
[www.sabourg.org/wp-json/oembed/1.0/embedeafa]
[www.sabourg.org/gendarmerie/gendarmeriaeu/index.html]
[www.sabourg.org/wp-json/wp/v2/pages/1012.json]
[www.sabourg.org/wp-content/uploads/2025/12/E-Passport-14.png]
[www.sabourg.org/wp-content/uploads/2025/12/E-Passport-13.png]
[www.sabourg.org/identite-numerique/index.html]
[www.sabourg.org/wp-json/oembed/1.0/embede361.json]
[www.sabourg.org/wp-json/oembed/1.0/embed8412]
[www.sabourg.org/wp-json/wp/v2/pages/391.json]
[www.sabourg.org/wp-content/uploads/2025/12/E-Passport-12.png]
[www.sabourg.org/wp-content/uploads/2025/12/E-Passport-17.png]
[www.sabourg.org/e-residence-card/index.html]
[www.sabourg.org/wp-json/oembed/1.0/embeda33b.json]
[www.sabourg.org/wp-json/oembed/1.0/embed7b56]
[www.sabourg.org/wp-json/wp/v2/pages/2783.json]
[www.sabourg.org/wp-content/uploads/2025/12/E-Passport-15.png]
[www.sabourg.org/wp-content/uploads/2025/12/E-Passport-18.png]
[www.sabourg.org/e-residence-young/index.html]
[www.sabourg.org/wp-json/oembed/1.0/embed4ea8.json]
[www.sabourg.org/wp-json/oembed/1.0/embed0541]
[www.sabourg.org/wp-json/wp/v2/pages/2778.json]
[www.sabourg.org/wp-content/uploads/2025/12/E-Passport-16-300x194.png]
[www.sabourg.org/e-register-card/index.html]
[www.sabourg.org/wp-json/oembed/1.0/embeda6f2.json]
[www.sabourg.org/wp-json/oembed/1.0/embed3eec]
[www.sabourg.org/wp-json/wp/v2/pages/396.json]
[www.sabourg.org/wp-content/uploads/2023/01/asepas.png]
[www.sabourg.org/a-s-e-p-a-s/index.html]
[www.sabourg.org/wp-json/oembed/1.0/embed3012.json]
[www.sabourg.org/a-s-e-p-a-s/asepas/index.html]
[www.sabourg.org/wp-json/oembed/1.0/embed469f]
[www.sabourg.org/wp-json/wp/v2/pages/1017.json]
[www.sabourg.org/fondation-numerique/index.html]
[www.sabourg.org/wp-json/oembed/1.0/embeddb30.json]
[www.sabourg.org/wp-json/oembed/1.0/embed49d4]
[www.sabourg.org/wp-json/wp/v2/pages/2531.json]
[www.sabourg.org/wp-content/uploads/2024/03/santalucia-234x300.jpg]
[www.sabourg.org/wp-content/uploads/2024/03/icocna-natale-245x300.jpg]
[www.sabourg.org/wp-content/uploads/2024/03/dormizione-maria2-210x300.jpg]
[www.sabourg.org/wp-content/uploads/2024/03/smm-211x300.jpg]
[www.sabourg.org/wp-content/uploads/2024/03/sgb-300x300.jpg]
[www.sabourg.org/wp-content/uploads/2025/06/pentecoste2-222x300.jpg]
[www.sabourg.org/wp-content/uploads/2024/12/ascensione.jpg]
[www.sabourg.org/wp-content/uploads/2024/12/zimmer-226x300.jpg]
[www.sabourg.org/evenements-2024/santalucia/index.html]
[www.sabourg.org/wp-content/uploads/2024/12/battesimo-300x300.webp]
[www.sabourg.org/wp-content/uploads/2024/12/sanbenedetto-155x300.jpg]
[www.sabourg.org/wp-content/uploads/2024/12/palme-300x300.webp]
[www.sabourg.org/wp-content/uploads/2024/12/ultimacena-237x300.webp]
[www.sabourg.org/evenements-2024/icocna-natale/index.html]
[www.sabourg.org/wp-content/uploads/2024/03/ordine-logo-monastico-232x300.png]
[www.sabourg.org/wp-content/uploads/2024/02/san-martino-300x169.webp]
[www.sabourg.org/evenements-2025/index.html]
[www.sabourg.org/evenements-2024/dormizione-maria2/index.html]
[www.sabourg.org/wp-json/oembed/1.0/embed48ce.json]
[www.sabourg.org/wp-json/oembed/1.0/embeda094]
[www.sabourg.org/evenements-2024/smm/index.html]
[www.sabourg.org/wp-json/wp/v2/pages/362.json]
[www.sabourg.org/recurrences/index.html]
[www.sabourg.org/evenements-2024/sgb/index.html]
[www.sabourg.org/evenements-2025/pentecoste2/index.html]
[www.sabourg.org/wp-json/oembed/1.0/embed72dd.json]
[www.sabourg.org/evenements-2025/ascensione/index.html]
[www.sabourg.org/wp-json/oembed/1.0/embed494b]
[www.sabourg.org/wp-json/wp/v2/pages/2014.json]
[www.sabourg.org/celebrations-religieuses/index.html]
[www.sabourg.org/evenements-2025/zimmer/index.html]
[www.sabourg.org/evenements-2025/battesimo/index.html]
[www.sabourg.org/wp-json/oembed/1.0/embed217c.json]
[www.sabourg.org/wp-json/oembed/1.0/embed29ae]
[www.sabourg.org/evenements-2025/sanbenedetto/index.html]
[www.sabourg.org/wp-json/wp/v2/pages/422.json]
[www.sabourg.org/evenements-2025/palme/index.html]
[www.sabourg.org/evenements-2025/ultimacena/index.html]
[www.sabourg.org/wp-content/uploads/2023/01/iss.png]
[www.sabourg.org/institut-oecumenique/index.html]
[www.sabourg.org/wp-json/oembed/1.0/embedd86b.json]
[www.sabourg.org/evenements-2024/ordine-logo-monastico/index.html]
[www.sabourg.org/wp-json/oembed/1.0/embed2727]
[www.sabourg.org/home/san-martino/index.html]
[www.sabourg.org/wp-json/wp/v2/pages/1008.json]
[www.sabourg.org/castrum-sepulchri-de-sebaste-de-sepulca-a-1261/index.html]
[www.sabourg.org/wp-json/oembed/1.0/embed6f30.json]
[www.sabourg.org/institut-oecumenique/iss/index.html]
[www.sabourg.org/wp-json/oembed/1.0/embed9020]
[www.sabourg.org/wp-json/wp/v2/pages/389.json]
[www.sabourg.org/principaute-abbatiale-de-1261-a-1729/index.html]
[www.sabourg.org/wp-json/oembed/1.0/embed628a.json]
[www.sabourg.org/wp-json/oembed/1.0/embed78f4]
[www.sabourg.org/wp-json/wp/v2/pages/329.json]
[www.sabourg.org/protectorat-de-savoie-de-1730-a-1945/index.html]
[www.sabourg.org/wp-json/oembed/1.0/embed0dfe.json]
[www.sabourg.org/wp-json/oembed/1.0/embed8b01]
[www.sabourg.org/wp-json/wp/v2/pages/331.json]
[www.sabourg.org/legitimation-de-1946-a-nos-jours/index.html]
[www.sabourg.org/wp-json/oembed/1.0/embed4caf.json]
[www.sabourg.org/wp-json/oembed/1.0/embed3e7a]
[www.sabourg.org/wp-json/wp/v2/pages/1363.json]
[www.sabourg.org/faux-mythes-a-seborga/index.html]
[www.sabourg.org/wp-json/oembed/1.0/embedfcb6.json]
[www.sabourg.org/wp-json/oembed/1.0/embed9a9c]
[www.sabourg.org/spl-seborga-petit-louis-luigino-e-travel-cheque-a-seborga/index.html]
[www.sabourg.org/wp-json/wp/v2/pages/1841.json]
[www.sabourg.org/conferences-officielles/index.html]
[www.sabourg.org/wp-json/oembed/1.0/embed607e.json]
[www.sabourg.org/wp-json/oembed/1.0/embedd739]
[www.sabourg.org/home/logo-seb-2-175/feed/index.html]
[www.sabourg.org/wp-json/wp/v2/media/1802.json]
[www.sabourg.org/wp-content/litespeed/js/e6a22cb61966194653a848b570d71b4017ab.js]
[www.sabourg.org/home/logo-seb-2-175/index.html]
[www.sabourg.org/wp-json/oembed/1.0/embedb638.json]
[www.sabourg.org/wp-json/oembed/1.0/embedbacd]
[www.sabourg.org/conseil-des-dicasteres/consigiio-dicasteri-3-3/feed/index.html]
[www.sabourg.org/wp-json/wp/v2/media/502.json]
[www.sabourg.org/conseil-des-dicasteres/consigiio-dicasteri-3-3/index.html]
[www.sabourg.org/wp-json/oembed/1.0/embed03ff.json]
[www.sabourg.org/wp-json/oembed/1.0/embeddddb]
[www.sabourg.org/wp-json/wp/v2/pages/1597.json]
[www.sabourg.org/autonomie-de-seborga-vs-independance-de-seborga/index.html]
[www.sabourg.org/wp-json/oembed/1.0/embed7dc4.json]
[www.sabourg.org/wp-json/oembed/1.0/embed53fb]
[www.sabourg.org/home/padregiovanni-jpeg/feed/index.html]
[www.sabourg.org/wp-json/wp/v2/media/2258.json]
[www.sabourg.org/home/padregiovanni-jpeg/index.html]
[www.sabourg.org/wp-json/oembed/1.0/embed0fb7.json]
[www.sabourg.org/wp-json/oembed/1.0/embed89e3]
[www.sabourg.org/home/whatsapp-image-2025-12-15-at-17-52-46/feed/index.html]
[www.sabourg.org/wp-json/wp/v2/media/3017.json]
[www.sabourg.org/wp-content/uploads/2025/12/WhatsApp-Image-2025-12-15-at-17.52.46.jpg]
[www.sabourg.org/home/whatsapp-image-2025-12-15-at-17-52-46/index.html]
[www.sabourg.org/wp-json/oembed/1.0/embed5617.json]
[www.sabourg.org/wp-json/oembed/1.0/embede966]
[www.sabourg.org/home/immagine-whatsapp-2025-10-01-ore-18-52-10_f5b4ef04/feed/index.html]
[www.sabourg.org/wp-json/wp/v2/media/2916.json]
[www.sabourg.org/wp-content/uploads/2025/10/Immagine-WhatsApp-2025-10-01-ore-18.52.10_f5b4ef04.jpg]
[www.sabourg.org/home/immagine-whatsapp-2025-10-01-ore-18-52-10_f5b4ef04/index.html]
[www.sabourg.org/wp-json/oembed/1.0/embedbef4.json]
[www.sabourg.org/wp-json/oembed/1.0/embed2662]
[www.sabourg.org/home/63ba05a9-5e1d-44fd-921e-33ea505d305c/feed/index.html]
[www.sabourg.org/wp-json/wp/v2/media/2898.json]
[www.sabourg.org/wp-content/uploads/2025/09/63ba05a9-5e1d-44fd-921e-33ea505d305c.jpg]
[www.sabourg.org/home/63ba05a9-5e1d-44fd-921e-33ea505d305c/index.html]
[www.sabourg.org/wp-json/oembed/1.0/embed69cc.json]
[www.sabourg.org/home/immagine-whatsapp-2025-06-04-ore-16-47-13_75115473/feed/index.html]
[www.sabourg.org/wp-json/oembed/1.0/embed2acd]
[www.sabourg.org/wp-json/wp/v2/media/2800.json]
[www.sabourg.org/wp-content/uploads/2025/06/Immagine-WhatsApp-2025-06-04-ore-16.47.13_75115473.jpg]
[www.sabourg.org/home/immagine-whatsapp-2025-06-04-ore-16-47-13_75115473/index.html]
[www.sabourg.org/wp-json/oembed/1.0/embed2715.json]
[www.sabourg.org/wp-json/oembed/1.0/embed3dc8]
[www.sabourg.org/home/foto-ufficiale-papa-leone-xiv_copyright-vatican-media/feed/index.html]
[www.sabourg.org/wp-json/wp/v2/media/2739.json]
[www.sabourg.org/home/foto-ufficiale-papa-leone-xiv_copyright-vatican-media/index.html]
[www.sabourg.org/wp-content/uploads/2025/05/Foto-Ufficiale-Papa-Leone-XIV_Copyright-VATICAN-MEDIA.jpg]
[www.sabourg.org/wp-json/oembed/1.0/embedc1b9.json]
[www.sabourg.org/wp-json/oembed/1.0/embed341a]
[www.sabourg.org/home/immagine-whatsapp-2025-05-14-ore-18-21-56_9ff66641/feed/index.html]
[www.sabourg.org/wp-json/wp/v2/media/2775.json]
[www.sabourg.org/wp-content/uploads/2025/06/Immagine-WhatsApp-2025-05-14-ore-18.21.56_9ff66641.jpg]
[www.sabourg.org/home/immagine-whatsapp-2025-05-14-ore-18-21-56_9ff66641/index.html]
[www.sabourg.org/wp-json/oembed/1.0/embed830e.json]
[www.sabourg.org/wp-json/oembed/1.0/embed365e]
[www.sabourg.org/communique-de-presse-du-22-avril-2025/pope-5678517_1280/feed/index.html]
[www.sabourg.org/wp-json/wp/v2/media/2726.json]
[www.sabourg.org/wp-content/uploads/2025/04/pope-5678517_1280.jpg]
[www.sabourg.org/communique-de-presse-du-22-avril-2025/pope-5678517_1280/index.html]
[www.sabourg.org/wp-json/oembed/1.0/embedf091.json]
[www.sabourg.org/wp-json/oembed/1.0/embed27db]
[www.sabourg.org/wp-json/wp/v2/pages/2724.json]
[www.sabourg.org/wp-content/uploads/2025/04/pope-francis-707390_1920f936.jpg]
[www.sabourg.org/wp-content/uploads/2025/04/pope-5678517_1280-731x1024.jpg]
[www.sabourg.org/wp-content/uploads/2025/04/pope-5678517_1280-214x300.jpg]
[www.sabourg.org/communique-de-presse-du-22-avril-2025/index.html]
[www.sabourg.org/wp-json/oembed/1.0/embed22f7.json]
[www.sabourg.org/wp-json/oembed/1.0/embed2451]
[www.sabourg.org/communique-de-presse-du-23-janvier-2025/473533162_940501848171708_8010719105155063463_n/feed/index.html]
[www.sabourg.org/wp-json/wp/v2/media/2569.json]
[www.sabourg.org/wp-content/uploads/2025/02/473533162_940501848171708_8010719105155063463_n.jpg]
[www.sabourg.org/communique-de-presse-du-23-janvier-2025/473533162_940501848171708_8010719105155063463_n/index.html]
[www.sabourg.org/wp-json/oembed/1.0/embed6586.json]
[www.sabourg.org/wp-json/oembed/1.0/embed7fb4]
[www.sabourg.org/wp-json/wp/v2/pages/2563.json]
[www.sabourg.org/wp-content/uploads/2025/02/473533162_940501848171708_8010719105155063463_nf92a.jpg]
[www.sabourg.org/wp-content/uploads/2025/02/articolo1.png]
[www.sabourg.org/wp-content/uploads/2025/02/474527759_940501828171710_1311268940748869148_n-1024x819.jpg]
[www.sabourg.org/wp-content/uploads/2025/02/474527759_940501828171710_1311268940748869148_n-300x240.jpg]
[www.sabourg.org/wp-content/uploads/2025/02/474080520_940501891505037_8786075577802819943_n-1024x574.jpg]
[www.sabourg.org/wp-content/uploads/2025/02/474080520_940501891505037_8786075577802819943_n-300x168.jpg]
[www.sabourg.org/communique-de-presse-du-23-janvier-2025/articolo1/index.html]
[www.sabourg.org/wp-content/uploads/2025/02/474545634_940421704846389_3407416361333625283_n-1024x831.jpg]
[www.sabourg.org/wp-content/uploads/2025/02/474545634_940421704846389_3407416361333625283_n-300x243.jpg]
[www.sabourg.org/wp-content/uploads/2025/02/474477817_1140050584239276_5801523135907319984_n-1024x768.jpg]
[www.sabourg.org/wp-content/uploads/2025/02/474477817_1140050584239276_5801523135907319984_n-300x225.jpg]
[www.sabourg.org/communique-de-presse-du-23-janvier-2025/474527759_940501828171710_1311268940748869148_n/index.html]
[www.sabourg.org/wp-content/uploads/2025/02/Immagine-WhatsApp-2025-01-31-ore-15.21.48_1a896879-1024x834.jpg]
[www.sabourg.org/communique-de-presse-du-23-janvier-2025/474080520_940501891505037_8786075577802819943_n/index.html]
[www.sabourg.org/wp-content/uploads/2025/02/Immagine-WhatsApp-2025-01-31-ore-15.21.48_1a896879-300x244.jpg]
[www.sabourg.org/wp-content/uploads/2025/02/Immagine-WhatsApp-2025-01-31-ore-15.41.47_0c740308-1024x1024.jpg]
[www.sabourg.org/wp-content/uploads/2025/02/Immagine-WhatsApp-2025-01-31-ore-15.41.47_0c740308-300x300.jpg]
[www.sabourg.org/communique-de-presse-du-23-janvier-2025/474545634_940421704846389_3407416361333625283_n/index.html]
[www.sabourg.org/wp-content/uploads/2025/02/Immagine-WhatsApp-2025-01-31-ore-15.41.47_31f24fc4-1024x1024.jpg]
[www.sabourg.org/communique-de-presse-du-23-janvier-2025/474477817_1140050584239276_5801523135907319984_n/index.html]
[www.sabourg.org/wp-content/uploads/2025/02/Immagine-WhatsApp-2025-01-31-ore-15.41.47_31f24fc4-300x300.jpg]
[www.sabourg.org/communique-de-presse-du-23-janvier-2025/index.html]
[www.sabourg.org/communique-de-presse-du-23-janvier-2025/immagine-whatsapp-2025-01-31-ore-15-21-48_1a896879/index.html]
[www.sabourg.org/wp-json/oembed/1.0/embed5358.json]
[www.sabourg.org/communique-de-presse-du-23-janvier-2025/immagine-whatsapp-2025-01-31-ore-15-41-47_0c740308/index.html]
[www.sabourg.org/wp-json/oembed/1.0/embedd795]
[www.sabourg.org/wp-json/wp/v2/media/2557.json]
[www.sabourg.org/communique-de-presse-du-23-janvier-2025/immagine-whatsapp-2025-01-31-ore-15-41-47_31f24fc4/index.html]
[www.sabourg.org/wp-content/uploads/2025/01/Immagine-WhatsApp-2025-01-22-ore-22.50.05_f35b0a4b.jpg]
[www.sabourg.org/communique-de-presse-du-15-janvier-2025/immagine-whatsapp-2025-01-22-ore-22-50-05_f35b0a4b/index.html]
[www.sabourg.org/communique-de-presse-du-15-janvier-2025/immagine-whatsapp-2025-01-22-ore-22-50-05_f35b0a4b/feed/index.html]
[www.sabourg.org/wp-json/oembed/1.0/embed0788.json]
[www.sabourg.org/wp-json/oembed/1.0/embed2690]
[www.sabourg.org/wp-content/litespeed/css/20a3b94d54e797813c173e9230e92115bca1.css]
[www.sabourg.org/wp-content/litespeed/js/0ce65de45049e9cac6df6e88d0aa97de1533.js]
[www.sabourg.org/wp-json/wp/v2/pages/2555.json]
[www.sabourg.org/wp-content/uploads/2025/01/Immagine-WhatsApp-2025-01-22-ore-22.50.05_f35b0a4bf7ce.jpg]
[www.sabourg.org/wp-content/uploads/2025/01/Immagine-WhatsApp-2025-01-22-ore-22.50.05_1eaa763f-1024x473.jpg]
[www.sabourg.org/wp-content/uploads/2025/01/Immagine-WhatsApp-2025-01-22-ore-22.50.05_1eaa763f.jpg]
[www.sabourg.org/communique-de-presse-du-15-janvier-2025/index.html]
[www.sabourg.org/communique-de-presse-du-15-janvier-2025/immagine-whatsapp-2025-01-22-ore-22-50-05_1eaa763f/index.html]
[www.sabourg.org/wp-json/oembed/1.0/embed23bc.json]
[www.sabourg.org/wp-json/oembed/1.0/embedfdef]
[www.sabourg.org/communique-de-presse-du-13-decembre-2024/immagine-whatsapp-2024-12-18-ore-17-10-47_46423b31/feed/index.html]
[www.sabourg.org/wp-json/wp/v2/media/2499.json]
[www.sabourg.org/communique-de-presse-du-13-decembre-2024/immagine-whatsapp-2024-12-18-ore-17-10-47_46423b31/index.html]
[www.sabourg.org/wp-json/oembed/1.0/embed07e0.json]
[www.sabourg.org/wp-json/oembed/1.0/embeddc95]
[www.sabourg.org/wp-json/wp/v2/pages/2498.json]
[www.sabourg.org/wp-content/uploads/2024/12/Immagine-WhatsApp-2024-12-18-ore-17.10.47_46423b31.jpg]
[www.sabourg.org/wp-content/uploads/2024/12/guinea-5.png]
[www.sabourg.org/wp-content/uploads/2024/12/guinea-1.png]
[www.sabourg.org/wp-content/uploads/2024/12/guinea-4.png]
[www.sabourg.org/wp-content/uploads/2024/12/guinea-2.png]
[www.sabourg.org/wp-content/uploads/2024/12/guinea-3.png]
[www.sabourg.org/wp-content/uploads/2024/12/liberia.png]
[www.sabourg.org/wp-content/uploads/2024/12/swaziland.png]
[www.sabourg.org/wp-content/uploads/2024/12/mababane.png]
[www.sabourg.org/communique-de-presse-du-13-decembre-2024/index.html]
[www.sabourg.org/communique-de-presse-du-13-decembre-2024/guinea-1/index.html]
[www.sabourg.org/communique-de-presse-du-13-decembre-2024/guinea-5/index.html]
[www.sabourg.org/wp-json/oembed/1.0/embed5ea1.json]
[www.sabourg.org/wp-json/oembed/1.0/embed7a19]
[www.sabourg.org/communique-de-presse-du-13-decembre-2024/guinea-4/index.html]
[www.sabourg.org/wp-json/wp/v2/media/2467.json]
[www.sabourg.org/communiques-officiels-2024/photo-2024-09-30-07-40-58-1/index.html]
[www.sabourg.org/communique-de-presse-du-13-decembre-2024/guinea-2/index.html]
[www.sabourg.org/wp-json/oembed/1.0/embedb4f0.json]
[www.sabourg.org/communique-de-presse-du-13-decembre-2024/guinea-3/index.html]
[www.sabourg.org/communique-de-presse-du-13-decembre-2024/liberia/index.html]
[www.sabourg.org/communique-de-presse-du-13-decembre-2024/swaziland/index.html]
[www.sabourg.org/wp-json/oembed/1.0/embedd630]
[www.sabourg.org/wp-json/wp/v2/pages/2465.json]
[www.sabourg.org/communique-de-presse-du-13-decembre-2024/mababane/index.html]
[www.sabourg.org/communiques-officiels-2024/photo-2024-09-30-07-40-58-1/feed/index.html]
[www.sabourg.org/wp-content/uploads/2024/11/donald-trump.webp]
[www.sabourg.org/wp-content/uploads/2024/11/PHOTO-2024-09-30-07-40-58-1.jpg]
[www.sabourg.org/wp-content/uploads/2024/07/Immagine-WhatsApp-2024-06-27-ore-20.09.18_9fef06c6.jpg]
[www.sabourg.org/communiques-officiels-2024/index.html]
[www.sabourg.org/wp-json/oembed/1.0/embededc9.json]
[www.sabourg.org/wp-json/oembed/1.0/embed5f06]
[www.sabourg.org/wp-json/wp/v2/media/2367.json]
[www.sabourg.org/home/immagine-whatsapp-2024-06-27-ore-20-09-18_9fef06c6/index.html]
[www.sabourg.org/communiques-officiels-2024/donald-trump/index.html]
[www.sabourg.org/wp-json/oembed/1.0/embed8367.json]
[www.sabourg.org/wp-json/oembed/1.0/embed6dcd]
[www.sabourg.org/home/immagine-whatsapp-2024-06-27-ore-20-09-18_9fef06c6/feed/index.html]
[www.sabourg.org/wp-json/wp/v2/pages/1382.json]
[www.sabourg.org/wp-content/uploads/2023/01/sanbernardo.png]
[www.sabourg.org/wp-content/uploads/2023/01/piazza2-1.jpg]
[www.sabourg.org/wp-content/uploads/2023/03/sbg-200.jpg]
[www.sabourg.org/visit-seborga/index.html]
[www.sabourg.org/ordre-equestre-de-saint-martin/index.html]
[www.sabourg.org/conseil-de-la-couronne/sanbernardo/index.html]
[www.sabourg.org/index0e81.html]
[www.sabourg.org/conseil-de-la-couronne/piazza2-2/index.html]
[www.sabourg.org/indexbf77.html]
[www.sabourg.org/lieux-religieux/magdala1/index.html]
[www.sabourg.org/index6725.html]
[www.sabourg.org/lieux-religieux/sbg-200/index.html]
[www.sabourg.org/wp-json/oembed/1.0/embed1fe9.json]
[www.sabourg.org/home/whatsapp-image-2025-12-27-at-18-16-32/feed/index.html]
[www.sabourg.org/wp-json/oembed/1.0/embed62aa]
[www.sabourg.org/wp-json/wp/v2/media/3033.json]
[www.sabourg.org/home/whatsapp-image-2025-12-27-at-18-16-32/index.html]
[www.sabourg.org/wp-json/oembed/1.0/embedb0b9.json]
[www.sabourg.org/home/whatsapp-image-2025-12-23-at-23-23-29/feed/index.html]
[www.sabourg.org/wp-json/oembed/1.0/embed7292]
[www.sabourg.org/wp-json/wp/v2/media/3034.json]
[www.sabourg.org/wp-content/uploads/2025/12/WhatsApp-Image-2025-12-23-at-23.23.29.jpg]
[www.sabourg.org/home/whatsapp-image-2025-12-23-at-23-23-29/index.html]
[www.sabourg.org/wp-content/plugins/litespeed-cache/guest.vary.html]
[www.sabourg.org/wp-content/plugins/js_composer/assets/fonts/vc_icons_v2/fonts/vcpb-plugin-iconsb82a.svg]
[www.sabourg.org/wp-content/plugins/js_composer/assets/fonts/vc_grid/vc_grid_v157a1.svg]
[www.sabourg.org/wp-content/litespeed/ucss/693f09205f02bb019b98d50bb3f4f0c695b8.css]
[www.sabourg.org/indexf1ac.html]
[www.sabourg.org/wp-json/oembed/1.0/embeddd3a.json]
[www.sabourg.org/biographie-prince-abbe-archeveque-de-seborga/conferenza-episcopale-1/feed/index.html]
[www.sabourg.org/wp-json/oembed/1.0/embedf2ec]
[www.sabourg.org/wp-json/wp/v2/media/2430.json]
[www.sabourg.org/wp-content/uploads/2024/10/conferenza-episcopale-1.jpg]
[www.sabourg.org/biographie-prince-abbe-archeveque-de-seborga/conferenza-episcopale-1/index.html]
[www.sabourg.org/index1c2c.html]
[www.sabourg.org/wp-content/litespeed/ucss/ede1a4cdff66d454d7c66b96c88909df95b8.css]
[www.sabourg.org/indexb703.html]
[www.sabourg.org/wp-json/oembed/1.0/embed8646.json]
[www.sabourg.org/conseil-de-la-couronne/logo-seb-2-200/feed/index.html]
[www.sabourg.org/wp-json/oembed/1.0/embedbd9e]
[www.sabourg.org/wp-json/wp/v2/media/337.json]
[www.sabourg.org/conseil-de-la-couronne/logo-seb-2-200/index.html]
[www.sabourg.org/index1521.html]
[www.sabourg.org/index8171.html]
[www.sabourg.org/index92e6.html]
[www.sabourg.org/indexecec.html]
[www.sabourg.org/indexd8fd.html]
[www.sabourg.org/indexc7dc.html]
[www.sabourg.org/indexe71e.html]
[www.sabourg.org/wp-content/litespeed/css/0cd64fb9062ed07a43c28fe913583164dc79.css]
[www.sabourg.org/wp-content/litespeed/css/093f9ca78f69b2d3669e032868b9c00c5c19.css]
[www.sabourg.org/wp-content/litespeed/css/17e5d380061996a91af279b9b18ebba4181c.css]
[www.sabourg.org/wp-content/litespeed/css/0b672c1b874580120f16c210985b7bdb23b7.css]
[www.sabourg.org/wp-content/litespeed/css/c329722b6192383638736a370fbff50c4943.css]
[www.sabourg.org/wp-content/plugins/js_composer/assets/vc/alert.png]
[www.sabourg.org/wp-content/plugins/js_composer/assets/vc/info.png]
[www.sabourg.org/wp-content/plugins/js_composer/assets/vc/tick.png]
[www.sabourg.org/wp-content/plugins/js_composer/assets/vc/exclamation.png]
[www.sabourg.org/wp-content/plugins/js_composer/assets/images/icons/address-book.png]
[www.sabourg.org/wp-content/plugins/js_composer/assets/images/icons/alarm-clock.png]
[www.sabourg.org/wp-content/plugins/js_composer/assets/images/icons/anchor.png]
[www.sabourg.org/wp-content/plugins/js_composer/assets/images/icons/application-image.png]
[www.sabourg.org/wp-content/plugins/js_composer/assets/images/icons/arrow.png]
[www.sabourg.org/wp-content/plugins/js_composer/assets/images/icons/asterisk.png]
[www.sabourg.org/wp-content/plugins/js_composer/assets/images/icons/auction-hammer.png]
[www.sabourg.org/wp-content/plugins/js_composer/assets/images/icons/balloon.png]
[www.sabourg.org/wp-content/plugins/js_composer/assets/images/icons/balloon-buzz.png]
[www.sabourg.org/wp-content/plugins/js_composer/assets/images/icons/balloon-facebook.png]
[www.sabourg.org/wp-content/plugins/js_composer/assets/images/icons/balloon-twitter.png]
[www.sabourg.org/wp-content/plugins/js_composer/assets/images/icons/battery-full.png]
[www.sabourg.org/wp-content/plugins/js_composer/assets/images/icons/binocular.png]
[www.sabourg.org/wp-content/plugins/js_composer/assets/images/icons/blue-document-excel.png]
[www.sabourg.org/wp-content/plugins/js_composer/assets/images/icons/blue-document-image.png]
[www.sabourg.org/wp-content/plugins/js_composer/assets/images/icons/blue-document-music.png]
[www.sabourg.org/wp-content/plugins/js_composer/assets/images/icons/blue-document-office.png]
[www.sabourg.org/wp-content/plugins/js_composer/assets/images/icons/blue-document-pdf.png]
[www.sabourg.org/wp-content/plugins/js_composer/assets/images/icons/blue-document-powerpoint.png]
[www.sabourg.org/wp-content/plugins/js_composer/assets/images/icons/blue-document-word.png]
[www.sabourg.org/wp-content/plugins/js_composer/assets/images/icons/bookmark.png]
[www.sabourg.org/wp-content/plugins/js_composer/assets/images/icons/camcorder.png]
[www.sabourg.org/wp-content/plugins/js_composer/assets/images/icons/camera.png]
[www.sabourg.org/wp-content/plugins/js_composer/assets/images/icons/chart.png]
[www.sabourg.org/wp-content/plugins/js_composer/assets/images/icons/chart-pie.png]
[www.sabourg.org/wp-content/plugins/js_composer/assets/images/icons/clock.png]
[www.sabourg.org/wp-content/plugins/js_composer/assets/images/icons/control.png]
[www.sabourg.org/wp-content/plugins/js_composer/assets/images/icons/fire.png]
[www.sabourg.org/wp-content/plugins/js_composer/assets/images/icons/heart.png]
[www.sabourg.org/wp-content/plugins/js_composer/assets/images/icons/mail.png]
[www.sabourg.org/wp-content/plugins/js_composer/assets/images/icons/plus-shield.png]
[www.sabourg.org/wp-content/plugins/js_composer/assets/images/icons/video.png]
[www.sabourg.org/wp-content/plugins/js_composer/assets/images/toggle_open.png]
[www.sabourg.org/wp-content/plugins/js_composer/assets/images/toggle_close.png]
[www.sabourg.org/wp-content/plugins/js_composer/assets/images/flickr.png]
[www.sabourg.org/wp-content/plugins/js_composer/assets/images/spinner.gif]
[www.sabourg.org/wp-content/litespeed/css/035fdc61f70f913adcc1ab9ce7db75f284fb.css]
[www.sabourg.org/wp-content/plugins/js_composer/assets/vc/remove.png]
[www.sabourg.org/wp-content/themes/dt-the7/images/the7-exclamation-circle-fill.svg]
[www.sabourg.org/wp-content/themes/dt-the7/images/the7-check-circle-fill.svg]
[www.sabourg.org/wp-content/themes/dt-the7/images/zoom-in.svg]
[www.sabourg.org/wp-content/themes/dt-the7/images/zoom-out.svg]
[www.sabourg.org/wp-content/themes/dt-the7/images/fullscreen.svg]
[www.sabourg.org/wp-content/themes/dt-the7/images/fullscreen-exit.svg]
[www.sabourg.org/wp-content/themes/dt-the7/images/the7-chevron-down.svg]
[www.sabourg.org/wp-content/litespeed/css/1720b86bd8cd36cb809605059db8f76cecec.css]
[www.sabourg.org/wp-content/litespeed/css/64b4ea9a555685d3507766df5b5f95e2c5f6.css]
[www.sabourg.org/wp-content/litespeed/css/fdefd50ff95b4208d920dc6fbf01cb61cd60.css]
[www.sabourg.org/wp-content/litespeed/css/a0d7852bf9ddcae137e61be2ca94a14edc56.css]
[www.sabourg.org/wp-content/litespeed/css/993955e7155c8534fba2d05f60eeee037296.css]
[www.sabourg.org/wp-content/litespeed/css/05d6f21fa74607caf039b6fe7e3071d4f585.css]
[www.sabourg.org/wp-content/litespeed/css/b22f9ae166bf0fd762a4201a17fa26eefc01.css]
[www.sabourg.org/wp-content/litespeed/css/8b70d5c2ed9923edbd1191f0b7c079af940d.css]
[www.sabourg.org/wp-content/litespeed/css/730064838b9a00117b80c47ce7538c49a528.css]
[www.sabourg.org/wp-content/litespeed/css/e28710a1fd8820462d61d6db3e2fcc65b295.css]
[www.sabourg.org/wp-content/litespeed/css/70fc8b82866bc002d2f774c4bee072d08894.css]
[www.sabourg.org/wp-content/litespeed/css/52646489b3406d4f9bdba3428f097a450b70.css]
[www.sabourg.org/index9d49.html]
[www.sabourg.org/wp-content/litespeed/css/c24bee40a74e32fb7bb6401eb4d6182cbfa8.css]
[www.sabourg.org/indexaf75.html]
[www.sabourg.org/index1ce4.html]
[www.sabourg.org/index0985.html]
[www.sabourg.org/wp-json/oembed/1.0/embed4f30.json]
[www.sabourg.org/prieure-de-saint-michel/thumbnail_visualizza-foto-recenti/feed/index.html]
[www.sabourg.org/wp-json/oembed/1.0/embed7f24]
[www.sabourg.org/wp-json/wp/v2/media/2831.json]
[www.sabourg.org/prieure-de-saint-michel/thumbnail_visualizza-foto-recenti/index.html]
[www.sabourg.org/wp-json/oembed/1.0/embedc06b.json]
[www.sabourg.org/prieure-de-saint-michel/thumbnail_img_7584/feed/index.html]
[www.sabourg.org/wp-json/oembed/1.0/embed02e1]
[www.sabourg.org/wp-json/wp/v2/media/2830.json]
[www.sabourg.org/prieure-de-saint-michel/thumbnail_img_7584/index.html]
[www.sabourg.org/index1538.html]
[www.sabourg.org/wp-json/oembed/1.0/embedf1f3.json]
[www.sabourg.org/prieure-de-saint-michel/thumbnail_img_7994/feed/index.html]
[www.sabourg.org/wp-json/oembed/1.0/embed5dbc]
[www.sabourg.org/wp-json/wp/v2/media/2829.json]
[www.sabourg.org/prieure-de-saint-michel/thumbnail_img_7994/index.html]
[www.sabourg.org/indexb8c6.html]
[www.sabourg.org/wp-content/themes/dt-the7/images/mask.png]
[www.sabourg.org/wp-content/themes/dt-the7/images/arrow-bar-show.svg]
[www.sabourg.org/wp-content/themes/dt-the7/images/arrow-bar-hide.svg]
[www.sabourg.org/wp-content/themes/dt-the7/images/scroller-play.svg]
[www.sabourg.org/wp-content/themes/dt-the7/images/scroller-pause.svg]
[www.sabourg.org/wp-content/themes/dt-the7/images/the7-grid-3x3-gap-fill.svg]
[www.sabourg.org/wp-content/litespeed/css/19b17ba5944dc0450bed5d786adbf868b9d9.css]
[www.sabourg.org/wp-json/oembed/1.0/embed4c4b.json]
[www.sabourg.org/conseil-de-la-couronne/ordine-lg-2/feed/index.html]
[www.sabourg.org/wp-json/oembed/1.0/embed306c]
[www.sabourg.org/wp-json/wp/v2/media/504.json]
[www.sabourg.org/conseil-de-la-couronne/ordine-lg-2/index.html]
[www.sabourg.org/wp-json/oembed/1.0/embed97a8.json]
[www.sabourg.org/ordre-monastique/foto5/feed/index.html]
[www.sabourg.org/wp-json/oembed/1.0/embedd2b8]
[www.sabourg.org/wp-json/wp/v2/media/623.json]
[www.sabourg.org/ordre-monastique/foto5/index.html]
[www.sabourg.org/wp-json/oembed/1.0/embed02e6.json]
[www.sabourg.org/ordre-monastique/omsito-2/feed/index.html]
[www.sabourg.org/wp-json/oembed/1.0/embed74c3]
[www.sabourg.org/wp-json/wp/v2/media/419.json]
[www.sabourg.org/ordre-monastique/omsito-2/index.html]
[www.sabourg.org/index5355.html]
[www.sabourg.org/wp-json/oembed/1.0/embedad45.json]
[www.sabourg.org/ordre-equestre-de-saint-martin-2/screenshot_23/feed/index.html]
[www.sabourg.org/wp-json/oembed/1.0/embed30ff]
[www.sabourg.org/wp-json/wp/v2/media/2188.json]
[www.sabourg.org/ordre-equestre-de-saint-martin-2/screenshot_23/index.html]
[www.sabourg.org/wp-json/oembed/1.0/embed1984.json]
[www.sabourg.org/ordre-equestre-de-saint-martin-2/screenshot_25-1/feed/index.html]
[www.sabourg.org/wp-json/oembed/1.0/embed1c76]
[www.sabourg.org/wp-json/wp/v2/media/2189.json]
[www.sabourg.org/ordre-equestre-de-saint-martin-2/screenshot_25-1/index.html]
[www.sabourg.org/index5874.html]
[www.sabourg.org/index6d8e.html]
[www.sabourg.org/index71fc.html]
[www.sabourg.org/wp-json/oembed/1.0/embed5984.json]
[www.sabourg.org/wp-json/oembed/1.0/embed37ad]
[www.sabourg.org/ordres-et-distinctions/dec-corona/feed/index.html]
[www.sabourg.org/wp-json/wp/v2/media/363.json]
[www.sabourg.org/ordres-et-distinctions/dec-corona/index.html]
[www.sabourg.org/wp-json/oembed/1.0/embed93b0.json]
[www.sabourg.org/ordres-et-distinctions/dec-merito/feed/index.html]
[www.sabourg.org/wp-json/oembed/1.0/embedfc6c]
[www.sabourg.org/wp-json/wp/v2/media/364.json]
[www.sabourg.org/ordres-et-distinctions/dec-merito/index.html]
[www.sabourg.org/wp-json/oembed/1.0/embedc614.json]
[www.sabourg.org/ordres-et-distinctions/dec-monastico/feed/index.html]
[www.sabourg.org/wp-json/oembed/1.0/embed99a9]
[www.sabourg.org/wp-json/wp/v2/media/365.json]
[www.sabourg.org/ordres-et-distinctions/dec-monastico/index.html]
[www.sabourg.org/wp-json/oembed/1.0/embed1397.json]
[www.sabourg.org/ordres-et-distinctions/dec-mm-1/feed/index.html]
[www.sabourg.org/wp-json/oembed/1.0/embedb981]
[www.sabourg.org/wp-json/wp/v2/media/955.json]
[www.sabourg.org/ordres-et-distinctions/dec-mm-1/index.html]
[www.sabourg.org/wp-json/oembed/1.0/embeda4a7.json]
[www.sabourg.org/ordres-et-distinctions/thumbnail_ordine-di-san-martino-decoraz/feed/index.html]
[www.sabourg.org/wp-json/oembed/1.0/embed841e]
[www.sabourg.org/wp-json/wp/v2/media/2149.json]
[www.sabourg.org/ordres-et-distinctions/thumbnail_ordine-di-san-martino-decoraz/index.html]
[www.sabourg.org/indexc3ba.html]
[www.sabourg.org/indexbc6e.html]
[www.sabourg.org/wp-json/oembed/1.0/embeda74d.json]
[www.sabourg.org/conseil-de-la-couronne/ordinemonastico-2/feed/index.html]
[www.sabourg.org/wp-json/oembed/1.0/embed2d9b]
[www.sabourg.org/wp-json/wp/v2/media/505.json]
[www.sabourg.org/conseil-de-la-couronne/ordinemonastico-2/index.html]
[www.sabourg.org/index87d0.html]
[www.sabourg.org/wp-json/oembed/1.0/embed8ca2.json]
[www.sabourg.org/premier-ministre/porrone-200x200/feed/index.html]
[www.sabourg.org/wp-json/oembed/1.0/embed1410]
[www.sabourg.org/wp-json/wp/v2/media/2906.json]
[www.sabourg.org/premier-ministre/porrone-200x200/index.html]
[www.sabourg.org/wp-json/oembed/1.0/embedf4ba.json]
[www.sabourg.org/premier-ministre/whatsapp-image-2025-11-27-at-17-53-26-2/feed/index.html]
[www.sabourg.org/wp-json/oembed/1.0/embed5daa]
[www.sabourg.org/wp-json/wp/v2/media/2971.json]
[www.sabourg.org/premier-ministre/whatsapp-image-2025-11-27-at-17-53-26-2/index.html]
[www.sabourg.org/indexca89.html]
[www.sabourg.org/wp-json/oembed/1.0/embed6997.json]
[www.sabourg.org/home/sbg-logo3-300/feed/index.html]
[www.sabourg.org/wp-json/oembed/1.0/embed2e96]
[www.sabourg.org/wp-json/wp/v2/media/304.json]
[www.sabourg.org/home/sbg-logo3-300/index.html]
[www.sabourg.org/wp-json/oembed/1.0/embed0276.json]
[www.sabourg.org/conseil-des-dicasteres/gouvernement-2026-2028/feed/index.html]
[www.sabourg.org/wp-json/oembed/1.0/embed95a1]
[www.sabourg.org/wp-json/wp/v2/media/3026.json]
[www.sabourg.org/conseil-des-dicasteres/gouvernement-2026-2028/index.html]
[www.sabourg.org/indexbdc5.html]
[www.sabourg.org/index236f.html]
[www.sabourg.org/index8816.html]
[www.sabourg.org/wp-json/oembed/1.0/embed65af.json]
[www.sabourg.org/feed/index1402.html]
[www.sabourg.org/wp-json/oembed/1.0/embedfcdc]
[www.sabourg.org/wp-json/wp/v2/media/229.json]
[www.sabourg.org/logo-seb-2-150/index.html]
[www.sabourg.org/wp-json/oembed/1.0/embed6393.json]
[www.sabourg.org/conseil-detat/andrea/feed/index.html]
[www.sabourg.org/wp-json/oembed/1.0/embed9fd7]
[www.sabourg.org/wp-json/wp/v2/media/358.json]
[www.sabourg.org/conseil-detat/andrea/index.html]
[www.sabourg.org/index17f1.html]
[www.sabourg.org/indexec1b.html]
[www.sabourg.org/wp-json/oembed/1.0/embed3e74.json]
[www.sabourg.org/feed/index1430.html]
[www.sabourg.org/wp-json/oembed/1.0/embed1707]
[www.sabourg.org/wp-json/wp/v2/media/310.json]
[www.sabourg.org/logo-pas2-200/index.html]
[www.sabourg.org/wp-json/oembed/1.0/embeda3a1.json]
[www.sabourg.org/conseil-detat/immagine-whatsapp-2025-09-30-ore-23-01-01_7c513409/feed/index.html]
[www.sabourg.org/wp-json/oembed/1.0/embed17e4]
[www.sabourg.org/wp-json/wp/v2/media/2912.json]
[www.sabourg.org/conseil-detat/immagine-whatsapp-2025-09-30-ore-23-01-01_7c513409/index.html]
[www.sabourg.org/wp-json/oembed/1.0/embedc208.json]
[www.sabourg.org/conseil-detat/screenshot_95/feed/index.html]
[www.sabourg.org/wp-json/oembed/1.0/embed1e5a]
[www.sabourg.org/wp-json/wp/v2/media/3009.json]
[www.sabourg.org/conseil-detat/screenshot_95/index.html]
[www.sabourg.org/wp-json/oembed/1.0/embed445d.json]
[www.sabourg.org/conseil-detat/whatsapp-image-2025-01-03-at-19-48-55/feed/index.html]
[www.sabourg.org/wp-json/oembed/1.0/embeda9a2]
[www.sabourg.org/wp-json/wp/v2/media/2547.json]
[www.sabourg.org/conseil-detat/whatsapp-image-2025-01-03-at-19-48-55/index.html]
[www.sabourg.org/index93db.html]
[www.sabourg.org/index2202.html]
[www.sabourg.org/wp-json/oembed/1.0/embed4527.json]
[www.sabourg.org/gendarmerie/logo-gendarmeria/feed/index.html]
[www.sabourg.org/wp-json/oembed/1.0/embed3d87]
[www.sabourg.org/wp-json/wp/v2/media/1748.json]
[www.sabourg.org/wp-content/uploads/2023/05/logo-gendarmeria.png]
[www.sabourg.org/gendarmerie/logo-gendarmeria/index.html]
[www.sabourg.org/wp-json/oembed/1.0/embed19fa.json]
[www.sabourg.org/gendarmerie/gendarmeriaeu/feed/index.html]
[www.sabourg.org/wp-json/oembed/1.0/embedf387]
[www.sabourg.org/wp-json/wp/v2/media/2610.json]
[www.sabourg.org/gendarmerie/gendarmeriaeu/index.html]
[www.sabourg.org/index8f57.html]
[www.sabourg.org/index64d4.html]
[www.sabourg.org/index88d7.html]
[www.sabourg.org/indexdbd1.html]
[www.sabourg.org/index2e25.html]
[www.sabourg.org/wp-json/oembed/1.0/embed5b71.json]
[www.sabourg.org/a-s-e-p-a-s/asepas/feed/index.html]
[www.sabourg.org/wp-json/oembed/1.0/embed9afd]
[www.sabourg.org/wp-json/wp/v2/media/397.json]
[www.sabourg.org/a-s-e-p-a-s/asepas/index.html]
[www.sabourg.org/indexf628.html]
[www.sabourg.org/index30a1.html]
[www.sabourg.org/wp-json/oembed/1.0/embed680a.json]
[www.sabourg.org/evenements-2024/santalucia/feed/index.html]
[www.sabourg.org/wp-json/oembed/1.0/embed5ce4]
[www.sabourg.org/wp-json/wp/v2/media/2282.json]
[www.sabourg.org/evenements-2024/santalucia/index.html]
[www.sabourg.org/wp-json/oembed/1.0/embed5e14.json]
[www.sabourg.org/evenements-2024/icocna-natale/feed/index.html]
[www.sabourg.org/wp-json/oembed/1.0/embedcf2d]
[www.sabourg.org/wp-json/wp/v2/media/2283.json]
[www.sabourg.org/evenements-2024/icocna-natale/index.html]
[www.sabourg.org/wp-json/oembed/1.0/embedc27a.json]
[www.sabourg.org/evenements-2024/dormizione-maria2/feed/index.html]
[www.sabourg.org/wp-json/oembed/1.0/embed5696]
[www.sabourg.org/wp-json/wp/v2/media/2284.json]
[www.sabourg.org/evenements-2024/dormizione-maria2/index.html]
[www.sabourg.org/wp-json/oembed/1.0/embed19f0.json]
[www.sabourg.org/evenements-2024/smm/feed/index.html]
[www.sabourg.org/wp-json/oembed/1.0/embede0da]
[www.sabourg.org/wp-json/wp/v2/media/2286.json]
[www.sabourg.org/evenements-2024/smm/index.html]
[www.sabourg.org/wp-json/oembed/1.0/embedbcbd.json]
[www.sabourg.org/evenements-2024/sgb/feed/index.html]
[www.sabourg.org/wp-json/oembed/1.0/embedce97]
[www.sabourg.org/wp-json/wp/v2/media/2287.json]
[www.sabourg.org/evenements-2024/sgb/index.html]
[www.sabourg.org/evenements-2025/pentecoste2/feed/index.html]
[www.sabourg.org/wp-json/oembed/1.0/embed1556.json]
[www.sabourg.org/wp-json/oembed/1.0/embedee7b]
[www.sabourg.org/wp-json/wp/v2/media/2771.json]
[www.sabourg.org/evenements-2025/pentecoste2/index.html]
[www.sabourg.org/wp-json/oembed/1.0/embed260d.json]
[www.sabourg.org/evenements-2025/ascensione/feed/index.html]
[www.sabourg.org/wp-json/oembed/1.0/embed671a]
[www.sabourg.org/wp-json/wp/v2/media/2538.json]
[www.sabourg.org/evenements-2025/ascensione/index.html]
[www.sabourg.org/wp-json/oembed/1.0/embed8d92.json]
[www.sabourg.org/evenements-2025/zimmer/feed/index.html]
[www.sabourg.org/wp-json/oembed/1.0/embed332f]
[www.sabourg.org/wp-json/wp/v2/media/2536.json]
[www.sabourg.org/evenements-2025/zimmer/index.html]
[www.sabourg.org/wp-json/oembed/1.0/embedee19.json]
[www.sabourg.org/evenements-2025/battesimo/feed/index.html]
[www.sabourg.org/wp-json/oembed/1.0/embed2c29]
[www.sabourg.org/wp-json/wp/v2/media/2535.json]
[www.sabourg.org/evenements-2025/battesimo/index.html]
[www.sabourg.org/wp-json/oembed/1.0/embed4d0a.json]
[www.sabourg.org/evenements-2025/sanbenedetto/feed/index.html]
[www.sabourg.org/wp-json/oembed/1.0/embedf54c]
[www.sabourg.org/wp-json/wp/v2/media/2537.json]
[www.sabourg.org/evenements-2025/sanbenedetto/index.html]
[www.sabourg.org/wp-json/oembed/1.0/embeda246.json]
[www.sabourg.org/evenements-2025/palme/feed/index.html]
[www.sabourg.org/wp-json/oembed/1.0/embedd7cc]
[www.sabourg.org/wp-json/wp/v2/media/2534.json]
[www.sabourg.org/evenements-2025/palme/index.html]
[www.sabourg.org/wp-json/oembed/1.0/embeda267.json]
[www.sabourg.org/evenements-2025/ultimacena/feed/index.html]
[www.sabourg.org/wp-json/oembed/1.0/embed677d]
[www.sabourg.org/wp-json/wp/v2/media/2533.json]
[www.sabourg.org/evenements-2025/ultimacena/index.html]
[www.sabourg.org/wp-json/oembed/1.0/embed4b4d.json]
[www.sabourg.org/evenements-2024/ordine-logo-monastico/feed/index.html]
[www.sabourg.org/wp-json/oembed/1.0/embed0b5a]
[www.sabourg.org/wp-json/wp/v2/media/2280.json]
[www.sabourg.org/evenements-2024/ordine-logo-monastico/index.html]
[www.sabourg.org/wp-json/oembed/1.0/embed76f3.json]
[www.sabourg.org/home/san-martino/feed/index.html]
[www.sabourg.org/wp-json/oembed/1.0/embed5b93]
[www.sabourg.org/wp-json/wp/v2/media/2266.json]
[www.sabourg.org/wp-content/uploads/2024/02/san-martino.webp]
[www.sabourg.org/home/san-martino/index.html]
[www.sabourg.org/indexe4db.html]
[www.sabourg.org/index8a56.html]
[www.sabourg.org/index9d87.html]
[www.sabourg.org/wp-json/oembed/1.0/embed6cb8.json]
[www.sabourg.org/institut-oecumenique/iss/feed/index.html]
[www.sabourg.org/wp-json/oembed/1.0/embedaca4]
[www.sabourg.org/wp-json/wp/v2/media/424.json]
[www.sabourg.org/institut-oecumenique/iss/index.html]
[www.sabourg.org/index4192.html]
[www.sabourg.org/index2325.html]
[www.sabourg.org/index834e.html]
[www.sabourg.org/index371d.html]
[www.sabourg.org/indexd233.html]
[www.sabourg.org/wp-json/oembed/1.0/embed2f26.json]
[www.sabourg.org/wp-json/oembed/1.0/embedb1df]
[www.sabourg.org/wp-json/wp/v2/pages/1631.json]
[www.sabourg.org/wp-content/uploads/2023/08/banconota-3.jpg]
[www.sabourg.org/wp-content/uploads/2023/08/banconota-2.jpg]
[www.sabourg.org/wp-content/uploads/2023/05/luigino-antico-1-300x119.jpg]
[www.sabourg.org/wp-content/uploads/2023/05/luigino-giorgio-300x184.jpg]
[www.sabourg.org/spl-seborga-petit-louis-luigino-e-travel-cheque-a-seborga/index.html]
[www.sabourg.org/indexb864.html]
[www.sabourg.org/indexe467.html]
[www.sabourg.org/indexda6e.html]
[www.sabourg.org/index6100.html]
[www.sabourg.org/index4a57.html]
[www.sabourg.org/index52e6.html]
[www.sabourg.org/indexf29d.html]
[www.sabourg.org/indexb7df.html]
[www.sabourg.org/index83c7.html]
[www.sabourg.org/indexff9c.html]
[www.sabourg.org/index1dad.html]
[www.sabourg.org/index0c0a.html]
[www.sabourg.org/index4977.html]
[www.sabourg.org/index2233.html]
[www.sabourg.org/index9ca7.html]
[www.sabourg.org/wp-json/oembed/1.0/embed88c6.json]
[www.sabourg.org/communique-de-presse-du-23-janvier-2025/articolo1/feed/index.html]
[www.sabourg.org/wp-json/oembed/1.0/embed71e7]
[www.sabourg.org/wp-json/wp/v2/media/2564.json]
[www.sabourg.org/communique-de-presse-du-23-janvier-2025/articolo1/index.html]
[www.sabourg.org/wp-json/oembed/1.0/embed1a40.json]
[www.sabourg.org/communique-de-presse-du-23-janvier-2025/474527759_940501828171710_1311268940748869148_n/feed/index.html]
[www.sabourg.org/wp-json/oembed/1.0/embed9589]
[www.sabourg.org/wp-json/wp/v2/media/2570.json]
[www.sabourg.org/wp-content/uploads/2025/02/474527759_940501828171710_1311268940748869148_n.jpg]
[www.sabourg.org/communique-de-presse-du-23-janvier-2025/474527759_940501828171710_1311268940748869148_n/index.html]
[www.sabourg.org/wp-json/oembed/1.0/embed1e79.json]
[www.sabourg.org/communique-de-presse-du-23-janvier-2025/474080520_940501891505037_8786075577802819943_n/feed/index.html]
[www.sabourg.org/wp-json/oembed/1.0/embedd61b]
[www.sabourg.org/wp-json/wp/v2/media/2567.json]
[www.sabourg.org/wp-content/uploads/2025/02/474080520_940501891505037_8786075577802819943_n.jpg]
[www.sabourg.org/communique-de-presse-du-23-janvier-2025/474080520_940501891505037_8786075577802819943_n/index.html]
[www.sabourg.org/wp-json/oembed/1.0/embedab38.json]
[www.sabourg.org/communique-de-presse-du-23-janvier-2025/474545634_940421704846389_3407416361333625283_n/feed/index.html]
[www.sabourg.org/wp-json/oembed/1.0/embed858b]
[www.sabourg.org/wp-json/wp/v2/media/2568.json]
[www.sabourg.org/wp-content/uploads/2025/02/474545634_940421704846389_3407416361333625283_n.jpg]
[www.sabourg.org/communique-de-presse-du-23-janvier-2025/474545634_940421704846389_3407416361333625283_n/index.html]
[www.sabourg.org/wp-json/oembed/1.0/embed0891.json]
[www.sabourg.org/communique-de-presse-du-23-janvier-2025/474477817_1140050584239276_5801523135907319984_n/feed/index.html]
[www.sabourg.org/wp-json/oembed/1.0/embed322e]
[www.sabourg.org/wp-json/wp/v2/media/2572.json]
[www.sabourg.org/wp-content/uploads/2025/02/474477817_1140050584239276_5801523135907319984_n.jpg]
[www.sabourg.org/communique-de-presse-du-23-janvier-2025/474477817_1140050584239276_5801523135907319984_n/index.html]
[www.sabourg.org/wp-json/oembed/1.0/embed9ead.json]
[www.sabourg.org/communique-de-presse-du-23-janvier-2025/immagine-whatsapp-2025-01-31-ore-15-21-48_1a896879/feed/index.html]
[www.sabourg.org/wp-json/oembed/1.0/embed0bd1]
[www.sabourg.org/wp-json/wp/v2/media/2565.json]
[www.sabourg.org/wp-content/uploads/2025/02/Immagine-WhatsApp-2025-01-31-ore-15.21.48_1a896879.jpg]
[www.sabourg.org/communique-de-presse-du-23-janvier-2025/immagine-whatsapp-2025-01-31-ore-15-21-48_1a896879/index.html]
[www.sabourg.org/wp-json/oembed/1.0/embede273.json]
[www.sabourg.org/wp-json/oembed/1.0/embed79c8]
[www.sabourg.org/communique-de-presse-du-23-janvier-2025/immagine-whatsapp-2025-01-31-ore-15-41-47_0c740308/feed/index.html]
[www.sabourg.org/wp-json/wp/v2/media/2566.json]
[www.sabourg.org/wp-content/uploads/2025/02/Immagine-WhatsApp-2025-01-31-ore-15.41.47_0c740308.jpg]
[www.sabourg.org/communique-de-presse-du-23-janvier-2025/immagine-whatsapp-2025-01-31-ore-15-41-47_0c740308/index.html]
[www.sabourg.org/wp-json/oembed/1.0/embed6f52.json]
[www.sabourg.org/communique-de-presse-du-23-janvier-2025/immagine-whatsapp-2025-01-31-ore-15-41-47_31f24fc4/feed/index.html]
[www.sabourg.org/wp-json/oembed/1.0/embed9834]
[www.sabourg.org/wp-json/wp/v2/media/2574.json]
[www.sabourg.org/wp-content/uploads/2025/02/Immagine-WhatsApp-2025-01-31-ore-15.41.47_31f24fc4.jpg]
[www.sabourg.org/communique-de-presse-du-23-janvier-2025/immagine-whatsapp-2025-01-31-ore-15-41-47_31f24fc4/index.html]
[www.sabourg.org/index16bf.html]
[www.sabourg.org/wp-content/litespeed/css/20a3b94d54e797813c173e9230e92115bca1.css]
[www.sabourg.org/indexf51e.html]
[www.sabourg.org/wp-json/oembed/1.0/embed2d99.json]
[www.sabourg.org/communique-de-presse-du-15-janvier-2025/immagine-whatsapp-2025-01-22-ore-22-50-05_1eaa763f/feed/index.html]
[www.sabourg.org/wp-json/oembed/1.0/embeddb55]
[www.sabourg.org/wp-json/wp/v2/media/2556.json]
[www.sabourg.org/communique-de-presse-du-15-janvier-2025/immagine-whatsapp-2025-01-22-ore-22-50-05_1eaa763f/index.html]
[www.sabourg.org/index726a.html]
[www.sabourg.org/index38ce.html]
[www.sabourg.org/wp-json/oembed/1.0/embed22b8.json]
[www.sabourg.org/communique-de-presse-du-13-decembre-2024/guinea-5/feed/index.html]
[www.sabourg.org/wp-json/oembed/1.0/embedbedc]
[www.sabourg.org/wp-json/wp/v2/media/2501.json]
[www.sabourg.org/communique-de-presse-du-13-decembre-2024/guinea-5/index.html]
[www.sabourg.org/communique-de-presse-du-13-decembre-2024/guinea-1/feed/index.html]
[www.sabourg.org/wp-json/oembed/1.0/embed4684.json]
[www.sabourg.org/wp-json/oembed/1.0/embeddc63]
[www.sabourg.org/wp-json/wp/v2/media/2508.json]
[www.sabourg.org/communique-de-presse-du-13-decembre-2024/guinea-1/index.html]
[www.sabourg.org/wp-json/oembed/1.0/embed124d.json]
[www.sabourg.org/communique-de-presse-du-13-decembre-2024/guinea-4/feed/index.html]
[www.sabourg.org/wp-json/oembed/1.0/embedf5a6]
[www.sabourg.org/wp-json/wp/v2/media/2503.json]
[www.sabourg.org/communique-de-presse-du-13-decembre-2024/guinea-4/index.html]
[www.sabourg.org/wp-json/oembed/1.0/embedd220.json]
[www.sabourg.org/communique-de-presse-du-13-decembre-2024/guinea-2/feed/index.html]
[www.sabourg.org/wp-json/oembed/1.0/embeda8a0]
[www.sabourg.org/wp-json/wp/v2/media/2502.json]
[www.sabourg.org/communique-de-presse-du-13-decembre-2024/guinea-2/index.html]
[www.sabourg.org/wp-json/oembed/1.0/embed41f1.json]
[www.sabourg.org/communique-de-presse-du-13-decembre-2024/guinea-3/feed/index.html]
[www.sabourg.org/wp-json/oembed/1.0/embed5544]
[www.sabourg.org/wp-json/wp/v2/media/2504.json]
[www.sabourg.org/communique-de-presse-du-13-decembre-2024/guinea-3/index.html]
[www.sabourg.org/wp-json/oembed/1.0/embed5cef.json]
[www.sabourg.org/wp-json/oembed/1.0/embedb57f]
[www.sabourg.org/communique-de-presse-du-13-decembre-2024/liberia/feed/index.html]
[www.sabourg.org/wp-json/wp/v2/media/2505.json]
[www.sabourg.org/communique-de-presse-du-13-decembre-2024/liberia/index.html]
[www.sabourg.org/wp-json/oembed/1.0/embed1208]
[www.sabourg.org/communique-de-presse-du-13-decembre-2024/swaziland/feed/index.html]
[www.sabourg.org/wp-json/oembed/1.0/embed6964]
[www.sabourg.org/wp-json/wp/v2/media/2507.json]
[www.sabourg.org/communique-de-presse-du-13-decembre-2024/swaziland/index.html]
[www.sabourg.org/wp-json/oembed/1.0/embed9620.json]
[www.sabourg.org/communique-de-presse-du-13-decembre-2024/mababane/feed/index.html]
[www.sabourg.org/wp-json/oembed/1.0/embedbbbf]
[www.sabourg.org/wp-json/wp/v2/media/2506.json]
[www.sabourg.org/communique-de-presse-du-13-decembre-2024/mababane/index.html]
[www.sabourg.org/indexb645.html]
[www.sabourg.org/indexae85.html]
[www.sabourg.org/wp-json/oembed/1.0/embed9b8b.json]
[www.sabourg.org/communiques-officiels-2024/donald-trump/feed/index.html]
[www.sabourg.org/wp-json/oembed/1.0/embed0caf]
[www.sabourg.org/wp-json/wp/v2/media/2466.json]
[www.sabourg.org/communiques-officiels-2024/donald-trump/index.html]
[www.sabourg.org/communiques-officiels-2024/'data_image/svg+xml;utf-8,__xml version=_1.0_ encoding=_utf/W3C/DTD SVG 1.1/EN_ _http_/www.w3.org/Graphics/SVG/1.1/DTD/svg11.dtd___svg width=_14px_ heigh/svg_'.16a.delaye]
[www.sabourg.org/indexc517.html]
[www.sabourg.org/index68e8.html]
[www.sabourg.org/wp-json/oembed/1.0/embedb3cf.json]
[www.sabourg.org/conseil-de-la-couronne/sanbernardo/feed/index.html]
[www.sabourg.org/communiques-officiels-2024/data_image/svg+xml;utf-8,__xml version=_1.0_ encoding=_utf/W3C/DTD SVG 1.1/EN_ _http_/www.w3.org/Graphics/SVG/1.1/DTD/svg11.dtd___svg width=_14px_ height=/svg_.27f.delaye]
[www.sabourg.org/wp-json/oembed/1.0/embed10f0]
[www.sabourg.org/wp-json/wp/v2/media/162.json]
[www.sabourg.org/conseil-de-la-couronne/sanbernardo/index.html]
[www.sabourg.org/wp-json/oembed/1.0/embed752d.json]
[www.sabourg.org/conseil-de-la-couronne/piazza2-2/feed/index.html]
[www.sabourg.org/wp-json/oembed/1.0/embedb748]
[www.sabourg.org/wp-json/wp/v2/media/219.json]
[www.sabourg.org/conseil-de-la-couronne/piazza2-2/index.html]
[www.sabourg.org/wp-json/oembed/1.0/embed4c00.json]
[www.sabourg.org/lieux-religieux/magdala1/feed/index.html]
[www.sabourg.org/wp-json/oembed/1.0/embedc0e2]
[www.sabourg.org/wp-json/wp/v2/media/1969.json]
[www.sabourg.org/lieux-religieux/magdala1/index.html]
[www.sabourg.org/wp-json/oembed/1.0/embed3c93.json]
[www.sabourg.org/lieux-religieux/sbg-200/feed/index.html]
[www.sabourg.org/wp-json/oembed/1.0/embed084c]
[www.sabourg.org/wp-json/wp/v2/media/1390.json]
[www.sabourg.org/lieux-religieux/sbg-200/index.html]
[www.sabourg.org/index3d31.html]
[www.sabourg.org/index514f.html]
[www.sabourg.org/index8f6a.html]
[www.sabourg.org/indexf6a9.html]
[www.sabourg.org/wp-content/plugins/js_composer/assets/vc/blur.svg]
[www.sabourg.org/wp-content/themes/dt-the7/images/the7-exclamation-circle-fill.svg]
[www.sabourg.org/wp-content/themes/dt-the7/images/the7-check-circle-fill.svg]
[www.sabourg.org/wp-content/themes/dt-the7/images/zoom-in.svg]
[www.sabourg.org/wp-content/themes/dt-the7/images/zoom-out.svg]
[www.sabourg.org/wp-content/themes/dt-the7/images/fullscreen.svg]
[www.sabourg.org/wp-content/themes/dt-the7/images/fullscreen-exit.svg]
[www.sabourg.org/wp-content/themes/dt-the7/images/the7-chevron-down.svg]
[www.sabourg.org/index7034.html]
[www.sabourg.org/index38bb.html]
[www.sabourg.org/indexe46b.html]
[www.sabourg.org/wp-content/themes/dt-the7/images/arrow-bar-show.svg]
[www.sabourg.org/wp-content/themes/dt-the7/images/arrow-bar-hide.svg]
[www.sabourg.org/wp-content/themes/dt-the7/images/scroller-play.svg]
[www.sabourg.org/wp-content/themes/dt-the7/images/scroller-pause.svg]
[www.sabourg.org/wp-content/themes/dt-the7/images/the7-grid-3x3-gap-fill.svg]
[www.sabourg.org/indexbc6e-2.html]
[www.sabourg.org/index5024.html]
[www.sabourg.org/indexbdfa.html]
[www.sabourg.org/index5c87.html]
[www.sabourg.org/index20d8.html]
[www.sabourg.org/index481e.html]
[www.sabourg.org/index0364.html]
[www.sabourg.org/index18ee.html]
[www.sabourg.org/index2026.html]
[www.sabourg.org/index756f.html]
[www.sabourg.org/index9b9e.html]
[www.sabourg.org/index22a0.html]
[www.sabourg.org/indexcde6.html]
[www.sabourg.org/indexdd01.html]
[www.sabourg.org/index3408.html]
[www.sabourg.org/index4580.html]
[www.sabourg.org/indexf5a4.html]
[www.sabourg.org/index90b2.html]
[www.sabourg.org/index2cc5.html]
[www.sabourg.org/indexf65c.html]
[www.sabourg.org/index682a.html]
[www.sabourg.org/index66c0.html]
[www.sabourg.org/indexe563.html]
[www.sabourg.org/indexae62.html]
[www.sabourg.org/index8ebd.html]
[www.sabourg.org/index1001.html]
[www.sabourg.org/index401a.html]
[www.sabourg.org/indexfce4.html]
[www.sabourg.org/indexb073.html]
[www.sabourg.org/index2cf7.html]
[www.sabourg.org/indexb904.html]
[www.sabourg.org/indexe445.html]
[www.sabourg.org/indexdc0a.html]
[www.sabourg.org/indexb426.html]
[www.sabourg.org/indexed00.html]
[www.sabourg.org/index7f97.html]
[www.sabourg.org/indexc13a.html]
[www.sabourg.org/index16be.html]
[www.sabourg.org/index007a.html]
[www.sabourg.org/index57d5.html]
[www.sabourg.org/indexb0e3.html]
[www.sabourg.org/index151a.html]
[www.sabourg.org/index8ce6.html]
[www.sabourg.org/index6e27.html]
[www.sabourg.org/index7fa7.html]
[www.sabourg.org/indexaec1.html]
[www.sabourg.org/index122e.html]
[www.sabourg.org/index5663.html]
[www.sabourg.org/index5d57.html]
[www.sabourg.org/indexab7f.html]
[www.sabourg.org/indexf0ec.html]
[www.sabourg.org/index6967.html]
[www.sabourg.org/index521a.html]
[www.sabourg.org/indexe264.html]
[www.sabourg.org/indexd093.html]
[www.sabourg.org/index9137.html]
[www.sabourg.org/indexcefd.html]
[www.sabourg.org/index0718.html]
[www.sabourg.org/communiques-officiels-2024/data_image/svg+xml;utf-8,__xml version=_1.0_ encoding=_utf/W3C/DTD SVG 1.1/EN_ _http_/www.w3.org/Graphics/SVG/1.1/DTD/svg11.dtd___svg width=_14px_ height=/svg_.27f.delaye]
[www.sabourg.org/indexbbc7.html]
[www.sabourg.org/index50f6.html]
[www.sabourg.org/index2a8c.html]
[www.sabourg.org/index93a9.html]
