[www.sabourg.it/index.html]
[www.sabourg.it/wp-content/themes/dt-the7-0/images/x-lg.svg]
[www.sabourg.it/wp-content/themes/dt-the7-0/images/the7-share-fill.svg]
[www.sabourg.it/wp-content/themes/dt-the7-0/images/the7-chevron-left.svg]
[www.sabourg.it/wp-content/themes/dt-the7-0/images/the7-chevron-right.svg]
[backblue.gif]
[fade.gif]
[index.html]
[www.sabourg.it/wp-content/themes/dt-the7-0/images/the7-chevron-side.svg]
[www.sabourg.it/wp-content/litespeed/ucss/3007e9fd2dc8a06a57ab96a0a882333b3a0d.css]
[www.sabourg.it/wp-content/plugins/litespeed-cache/assets/js/css_async.min.js]
[www.sabourg.it/feed/index.html]
[www.sabourg.it/wp-json/oembed/1.0/embeddee3.json]
[www.sabourg.it/wp-json/oembed/1.0/embedc0f0]
[www.sabourg.it/wp-json/wp/v2/pages/7.json]
[www.sabourg.it/xmlrpc0db0.php]
[www.sabourg.it/comments/feed/index.html]
[www.sabourg.it/wp-json/index.html]
[www.sabourg.it/wp-content/uploads/2023/05/logo-seb-2-1.png]
[sabourg.org/wp-content/uploads/2023/01/seborga2d9e6.jpg]
[sabourg.it/wp-content/uploads/2025/03/sabourg-ita.png]
[www.sabourg.it/wp-content/plugins/litespeed-cache/guest.vary.html]
[www.sabourg.it/index.html]
[www.sabourg.it/wp-content/themes/dt-the7-0/images/x-lg.svg]
[www.sabourg.it/biografia-principe-abate/index.html]
[www.sabourg.it/wp-content/themes/dt-the7-0/images/the7-share-fill.svg]
[www.sabourg.it/e-cabinet/index.html]
[www.sabourg.it/cosa-si-intende-oggi-per-principato-di-seborga-2/index.html]
[www.sabourg.it/perche-il-principe-di-seborga-puo-essere-solo-un-religioso/index.html]
[www.sabourg.it/wp-content/themes/dt-the7-0/images/the7-chevron-left.svg]
[www.sabourg.it/ordine-monastico/index.html]
[www.sabourg.it/altri-principi-e-principesse-a-seborga/index.html]
[www.sabourg.it/wp-content/themes/dt-the7-0/images/the7-chevron-right.svg]
[www.sabourg.it/priorato-di-seborga/index.html]
[www.sabourg.it/priorato-di-san-michele/index.html]
[www.sabourg.it/luoghi-di-culto/index.html]
[www.sabourg.it/wp-content/themes/dt-the7-0/images/the7-chevron-side.svg]
[www.sabourg.it/inno-del-principaute-du-sabourg/index.html]
[www.sabourg.it/costituzione/index.html]
[www.sabourg.it/wp-content/themes/dt-the7-0/fonts/icomoon-the7-font/icomoon-the7-fontb9c8.ttf]
[www.sabourg.it/ordini-e-onorificienze/index.html]
[www.sabourg.it/wp-content/themes/dt-the7-0/fonts/icomoon-the7-font/icomoon-the7-fontb9c8.woff]
[www.sabourg.it/wp-content/plugins/js_composer/assets/fonts/vc_icons_v2/fonts/vcpb-plugin-iconsb82a.eot]
[www.sabourg.it/consiglio-monastico/index.html]
[www.sabourg.it/wp-content/plugins/js_composer/assets/fonts/vc_icons_v2/fonts/vcpb-plugin-iconsb82a.ttf]
[www.sabourg.it/wp-content/plugins/js_composer/assets/fonts/vc_icons_v2/fonts/vcpb-plugin-iconsb82a.woff]
[www.sabourg.it/primo-ministro/index.html]
[www.sabourg.it/wp-content/plugins/js_composer/assets/fonts/vc_icons_v2/fonts/vcpb-plugin-iconsb82a.svg]
[www.sabourg.it/wp-content/plugins/js_composer/assets/fonts/vc_grid/vc_grid_v157a1.eot]
[www.sabourg.it/wp-content/plugins/js_composer/assets/fonts/vc_grid/vc_grid_v1d41d.eot]
[www.sabourg.it/wp-content/plugins/js_composer/assets/fonts/vc_grid/vc_grid_v157a1.woff]
[www.sabourg.it/wp-content/plugins/js_composer/assets/fonts/vc_grid/vc_grid_v157a1.ttf]
[www.sabourg.it/dicasteri/index.html]
[www.sabourg.it/wp-content/plugins/js_composer/assets/fonts/vc_grid/vc_grid_v157a1.svg]
[www.sabourg.it/wp-content/litespeed/ucss/3007e9fd2dc8a06a57ab96a0a882333b3a0d.css]
[www.sabourg.it/xmlrpc0db0.html]
[www.sabourg.it/governo-digitale/index.html]
[www.sabourg.it/ambasciate/index.html]
[www.sabourg.it/consiglio-della-corona/index.html]
[www.sabourg.it/wp-json/oembed/1.0/embed179a.json]
[www.sabourg.it/consiglio-dei-dicasteri/index.html]
[www.sabourg.it/wp-json/oembed/1.0/embed2430]
[www.sabourg.it/consiglio-di-stato/index.html]
[www.sabourg.it/wp-content/litespeed/css/0e79af9be1ef2ec1414701186a26fc039696.css]
[www.sabourg.it/giustizia/index.html]
[www.sabourg.it/wp-content/litespeed/css/0824c6a75222fdcd22e1fe12d5108f8eff8a.css]
[www.sabourg.it/wp-content/litespeed/css/e23e5409b814916b0acdfd3949c22b9c7593.css]
[www.sabourg.it/gendarmeria/index.html]
[www.sabourg.it/wp-content/litespeed/css/5f32c9a18a0f84299261d642baf7e5d83438.css]
[www.sabourg.it/wp-content/litespeed/css/1841734d81aabf1e8aea337d90998f0eaebe.css]
[www.sabourg.it/eventi-2025/index.html]
[www.sabourg.it/wp-content/litespeed/css/b2a05f1dc508c4ec6542498573a9fa85a7a8.css]
[www.sabourg.it/wp-content/litespeed/css/03e7ae14d7103c0010dbce087ebc0fa8d9a2.css]
[www.sabourg.it/wp-content/litespeed/css/7b53180886b9c0be5af9e06850e6df0c29ec.css]
[www.sabourg.it/wp-content/litespeed/css/f5af06c6c3edf271fc6e6645ba504bd899b6.css]
[www.sabourg.it/ricorrenze/index.html]
[www.sabourg.it/wp-content/litespeed/css/dbd7ade7b7d0f3ed9f3dc4791111ecb98901.css]
[www.sabourg.it/wp-content/litespeed/css/71d06613a7cd6badf928ce3153cecc2f67f9.css]
[www.sabourg.it/wp-content/litespeed/css/ce31dfbfc040311bc50685fc790aecfa0483.css]
[www.sabourg.it/wp-content/litespeed/css/4774e336f7755af22ac7ee6a837d41e1a9b4.css]
[www.sabourg.it/wp-content/litespeed/css/819b6b13b0b3527533db3f4647c7be547a05.css]
[www.sabourg.it/celebrazioni/index.html]
[www.sabourg.it/wp-content/litespeed/css/3b314d44ad452fa9e462a1755c5438b7ef37.css]
[www.sabourg.it/wp-content/litespeed/css/0bb51283ba6a257c78c40d70380e6dc43575.css]
[www.sabourg.it/wp-includes/js/jquery/jquery.min.js]
[www.sabourg.it/wp-content/litespeed/js/9b198d37889d6e47759b3196441c4b38924a.js]
[www.sabourg.it/identita-digitale/index.html]
[www.sabourg.it/wp-content/litespeed/js/115fa64839fb20797cc22473dc505a62fb96.js]
[www.sabourg.it/wp-content/litespeed/js/bf6c9bbd1a17ad286a06bb75ee0dd4210482.js]
[www.sabourg.it/wp-content/litespeed/js/d2cbc6956314ee45129a87c204b823fe03e0.js]
[www.sabourg.it/wp-content/litespeed/js/aebc1005904e2d744ad4227cf44c1d4e24e2.js]
[www.sabourg.it/e-residence-card/index.html]
[www.sabourg.it/wp-json/wp/v2/pages/385.json]
[www.sabourg.it/wp-content/litespeed/css/259ab87bfdb30e1e2d172c672570ff3b4a36.css]
[www.sabourg.it/wp-content/uploads/2023/05/sbg-150.png]
[www.sabourg.it/e-residence-card-young/index.html]
[www.sabourg.it/e-register/index.html]
[sabourg.org/wp-content/uploads/2023/05/padregiovanni-169x300.jpg]
[www.sabourg.it/wp-content/uploads/2023/03/conferenza-episcopale-792x1024.jpg]
[www.sabourg.it/wp-content/uploads/2023/03/conferenza-episcopale.jpg]
[www.sabourg.it/a-s-e-p-a-s/index.html]
[www.sabourg.it/wp-content/litespeed/js/a5c3aa131586a0567b9002dcab3e9ed056bc.js]
[www.sabourg.it/wp-content/litespeed/js/ae2e28c485377890c440e0a634d09d58faaa.js]
[www.sabourg.it/wp-content/litespeed/js/4a0dcbade65215f9a3faa1617ddb431535bd.js]
[www.sabourg.it/fondazione-digitale/index.html]
[www.sabourg.it/wp-content/litespeed/js/fabfea92eddab0caf8e99f0377b2dc3d20ab.js]
[www.sabourg.it/wp-content/litespeed/js/535625644ff6dcd7c2afc6a2435c64c499ed.js]
[www.sabourg.it/wp-content/litespeed/js/ee2091cdea91f38a3a3e3d514233b7386478.js]
[www.sabourg.it/wp-content/litespeed/js/b8758316579309f4efd6d4aeca98e9ef95e9.js]
[www.sabourg.it/istituto-ecumenico/index.html]
[www.sabourg.it/wp-content/litespeed/js/92bfc722109ce1bf877777a5a4a073c1897d.js]
[www.sabourg.it/wp-content/litespeed/js/3d5b4d6a445147eb00a6c8067ae7e6e39ad9.js]
[www.sabourg.it/biografia-principe-abate/index.html]
[www.sabourg.it/wp-content/litespeed/js/d22c735a2956470f91ee8c64bfb11c1c5b80.js]
[www.sabourg.it/ordine-equestre-di-san-martino/index.html]
[www.sabourg.it/wp-json/oembed/1.0/embedfa8e.json]
[www.sabourg.it/storia-da-sebaste-de-sepulca-al-1261/index.html]
[www.sabourg.it/storia-1-dal-954-d-c-al-1729/index.html]
[www.sabourg.it/wp-json/oembed/1.0/embed7c12]
[www.sabourg.it/storia-2-dal-1730-al-1945/index.html]
[www.sabourg.it/wp-json/wp/v2/pages/1022.json]
[www.sabourg.it/storia-3-dal-1946-ad-oggi/index.html]
[www.sabourg.it/i-falsi-miti-a-seborga/index.html]
[www.sabourg.it/wp-content/litespeed/css/f18176cbdfd78b4aea75bcc4ec2af43d9258.css]
[www.sabourg.it/conferenze-e-comunicati-stampa/index.html]
[www.sabourg.it/wp-content/uploads/2023/05/logo-seb-2-200.png]
[www.sabourg.it/e-cabinet/index.html]
[www.sabourg.it/wp-content/litespeed/js/5c9ee0719a03f7efccd8441125d5efb64eb4.js]
[www.sabourg.it/home/logo-seb-2-175/index.html]
[www.sabourg.it/wp-json/oembed/1.0/embed1024.json]
[www.sabourg.it/consiglio-dei-dicasteri/consigiio-dicasteri-3-3/index.html]
[www.sabourg.it/wp-json/oembed/1.0/embed64b5]
[www.sabourg.it/home/padregiovanni-jpeg-3-3/index.html]
[www.sabourg.it/home/whatsapp-image-2025-12-15-at-17-52-46/index.html]
[www.sabourg.it/comunicato-stampa-22-aprile-2025/index.html]
[www.sabourg.it/wp-json/wp/v2/pages/1160.json]
[www.sabourg.it/home/whatsapp-image-2025-12-27-at-18-16-32/index.html]
[sabourg.org/wp-content/uploads/2023/03/sbg-102.png]
[www.sabourg.it/home/whatsapp-image-2025-12-23-at-23-23-29/index.html]
[sabourg.org/wp-content/uploads/2023/03/sbg-103.png]
[www.sabourg.it/cosa-si-intende-oggi-per-principato-di-seborga-2/index.html]
[www.sabourg.it/biografia-principe-abate/conferenza-episcopale/index.html]
[www.sabourg.it/consiglio-della-corona/logo-seb-2-200/index.html]
[www.sabourg.it/wp-json/oembed/1.0/embed69e2.json]
[www.sabourg.it/wp-json/oembed/1.0/embed717b]
[www.sabourg.it/perche-il-principe-di-seborga-puo-essere-solo-un-religioso/index.html]
[www.sabourg.it/wp-json/wp/v2/pages/1590.json]
[www.sabourg.it/wp-json/oembed/1.0/embeda976.json]
[www.sabourg.it/wp-json/oembed/1.0/embed8edd]
[www.sabourg.it/wp-json/wp/v2/pages/1360.json]
[sabourg.org/wp-content/uploads/2023/03/sbg-108.jpg]
[sabourg.org/wp-content/uploads/2023/03/sbg-109.jpg]
[sabourg.org/wp-content/uploads/2023/05/sanbernardo-225x300.jpg]
[sabourg.org/wp-content/uploads/2023/03/sbg-111.jpg]
[sabourg.org/wp-content/uploads/2023/03/sbg-111-1024x420.jpg]
[sabourg.org/wp-content/uploads/2023/03/sbg-107.jpg]
[sabourg.org/wp-content/uploads/2023/03/sbg-107-1024x800.jpg]
[sabourg.org/wp-content/uploads/2023/03/sbg-110.jpg]
[www.sabourg.it/altri-principi-e-principesse-a-seborga/index.html]
[www.sabourg.it/wp-json/oembed/1.0/embed765f.json]
[www.sabourg.it/wp-json/oembed/1.0/embed2742]
[www.sabourg.it/wp-json/wp/v2/pages/3179.json]
[www.sabourg.it/wp-content/uploads/2025/08/thumbnail_Visualizza-foto-recenti.png.webp]
[www.sabourg.it/wp-content/uploads/2025/08/thumbnail_IMG_7584.jpg-1024x768.webp]
[www.sabourg.it/wp-content/uploads/2025/08/thumbnail_IMG_7584.jpg.webp]
[www.sabourg.it/priorato-di-seborga/index.html]
[www.sabourg.it/wp-json/oembed/1.0/embed7bcb.json]
[www.sabourg.it/priorato-di-seborga/thumbnail_visualizza-foto-recenti-png/index.html]
[www.sabourg.it/wp-json/oembed/1.0/embed7f4a]
[www.sabourg.it/priorato-di-seborga/thumbnail_img_7584-jpg/index.html]
[www.sabourg.it/wp-json/wp/v2/pages/3183.json]
[www.sabourg.it/priorato-di-san-michele/index.html]
[www.sabourg.it/wp-content/uploads/2025/08/thumbnail_IMG_7994.jpg.webp]
[www.sabourg.it/wp-json/oembed/1.0/embed4ed8.json]
[www.sabourg.it/wp-json/oembed/1.0/embed631f]
[www.sabourg.it/priorato-di-san-michele/thumbnail_img_7994-jpg/index.html]
[www.sabourg.it/wp-json/wp/v2/pages/417.json]
[www.sabourg.it/wp-content/uploads/2023/05/sbg-logo3-300.png]
[www.sabourg.it/wp-content/uploads/2023/01/ordine-lg-1.png]
[www.sabourg.it/wp-content/uploads/2023/01/foto5.webp]
[www.sabourg.it/wp-content/uploads/2023/01/omsito-1.png]
[www.sabourg.it/ordine-monastico/index.html]
[www.sabourg.it/wp-json/oembed/1.0/embed978e.json]
[www.sabourg.it/home/sbg-logo3-300/index.html]
[www.sabourg.it/consiglio-della-corona/ordine-lg-2/index.html]
[www.sabourg.it/wp-json/oembed/1.0/embedbcad]
[www.sabourg.it/ordine-monastico/foto5/index.html]
[www.sabourg.it/ordine-monastico/omsito-2/index.html]
[www.sabourg.it/wp-json/wp/v2/pages/1389.json]
[sabourg.org/wp-content/uploads/2023/01/sanbernardo-1024x423.png]
[sabourg.org/wp-content/uploads/2023/01/piazza2-1-1024x582.jpg]
[www.sabourg.it/wp-content/uploads/2023/08/magdala1.jpg]
[www.sabourg.it/wp-content/uploads/2025/12/WhatsApp-Image-2025-12-15-at-17.52.46-2.jpg]
[sabourg.org/wp-content/uploads/2023/03/sbg-200-1024x587.jpg]
[www.sabourg.it/luoghi-di-culto/index.html]
[www.sabourg.it/wp-json/oembed/1.0/embed6557.json]
[www.sabourg.it/wp-json/oembed/1.0/embed77f9]
[www.sabourg.it/wp-json/wp/v2/pages/2596.json]
[sabourg.org/wp-content/uploads/2023/05/logo-bandiera9300.jpg]
[www.sabourg.it/inno-del-principaute-du-sabourg/index.html]
[www.sabourg.it/wp-json/oembed/1.0/embed002e.json]
[www.sabourg.it/wp-json/oembed/1.0/embedbada]
[www.sabourg.it/costituzione/index.html]
[www.sabourg.it/wp-json/wp/v2/pages/372.json]
[www.sabourg.it/wp-json/oembed/1.0/embed8006.json]
[www.sabourg.it/wp-json/oembed/1.0/embed9451]
[www.sabourg.it/wp-json/wp/v2/pages/336.json]
[www.sabourg.it/wp-content/uploads/2023/01/dec-corona.webp]
[www.sabourg.it/wp-content/uploads/2023/01/dec-merito.webp]
[www.sabourg.it/wp-content/uploads/2023/01/dec-monastico.webp]
[www.sabourg.it/wp-content/uploads/2023/02/dec-mm-1.webp]
[www.sabourg.it/wp-content/uploads/2023/11/thumbnail_ordine-di-San-Martino-decoraz-724x1024.jpg]
[www.sabourg.it/wp-content/uploads/2023/11/thumbnail_ordine-di-San-Martino-decoraz.jpg]
[www.sabourg.it/ordini-e-onorificienze/index.html]
[www.sabourg.it/ordini-e-onorificienze/dec-corona/index.html]
[www.sabourg.it/wp-json/oembed/1.0/embedc031.json]
[www.sabourg.it/ordini-e-onorificienze/dec-merito/index.html]
[www.sabourg.it/ordini-e-onorificienze/dec-monastico/index.html]
[www.sabourg.it/wp-json/oembed/1.0/embed9336]
[www.sabourg.it/ordini-e-onorificienze/dec-mm-1/index.html]
[www.sabourg.it/wp-json/wp/v2/pages/353.json]
[www.sabourg.it/consiglio-monastico/index.html]
[www.sabourg.it/wp-content/uploads/2023/01/ordinemonastico-1.webp]
[www.sabourg.it/ordini-e-onorificienze/thumbnail_ordine-di-san-martino-decoraz/index.html]
[www.sabourg.it/wp-json/oembed/1.0/embeda23f.json]
[www.sabourg.it/wp-json/oembed/1.0/embeddbe9]
[www.sabourg.it/consiglio-della-corona/ordinemonastico-2/index.html]
[www.sabourg.it/wp-json/wp/v2/pages/1020.json]
[www.sabourg.it/wp-content/uploads/2023/01/consigiio-dicasteri-3-2.webp]
[www.sabourg.it/wp-content/plugins/js_composer/assets/vc/no_image.png]
[www.sabourg.it/primo-ministro/index.html]
[www.sabourg.it/wp-json/oembed/1.0/embed0e05.json]
[www.sabourg.it/wp-json/oembed/1.0/embede6d5]
[www.sabourg.it/wp-json/wp/v2/pages/980.json]
[www.sabourg.it/wp-content/uploads/2025/12/Gouvernement-2026-2028.jpg]
[www.sabourg.it/dicasteri/index.html]
[www.sabourg.it/wp-json/oembed/1.0/embed07a1.json]
[www.sabourg.it/wp-json/oembed/1.0/embedfce5]
[www.sabourg.it/consiglio-dei-dicasteri/gouvernement-2026-2028/index.html]
[www.sabourg.it/governo-digitale/index.html]
[www.sabourg.it/wp-json/wp/v2/pages/430.json]
[www.sabourg.it/wp-json/oembed/1.0/embed4a7c.json]
[www.sabourg.it/wp-json/oembed/1.0/embed0a9f]
[www.sabourg.it/wp-json/wp/v2/pages/973.json]
[www.sabourg.it/ambasciate/index.html]
[www.sabourg.it/wp-content/litespeed/js/20b110e49d03b777c5bb4241108cda9a749a.js]
[www.sabourg.it/wp-json/oembed/1.0/embed40d0.json]
[www.sabourg.it/wp-json/oembed/1.0/embed8bd7]
[www.sabourg.it/wp-json/wp/v2/pages/161.json]
[www.sabourg.it/wp-content/uploads/2023/05/logo-seb-2-150.png]
[www.sabourg.it/wp-content/uploads/2023/01/andrea.webp]
[www.sabourg.it/consiglio-della-corona/index.html]
[www.sabourg.it/wp-json/oembed/1.0/embede81c.json]
[www.sabourg.it/logo-seb-2-150/index.html]
[www.sabourg.it/wp-json/oembed/1.0/embedbeac]
[www.sabourg.it/consiglio-di-stato/andrea/index.html]
[www.sabourg.it/wp-json/wp/v2/pages/346.json]
[www.sabourg.it/wp-content/uploads/2025/12/Gouvernement-2026-2028-300x221.jpg]
[www.sabourg.it/consiglio-dei-dicasteri/index.html]
[www.sabourg.it/wp-json/oembed/1.0/embeddd15.json]
[www.sabourg.it/wp-json/oembed/1.0/embed56be]
[www.sabourg.it/wp-json/wp/v2/pages/357.json]
[www.sabourg.it/wp-content/uploads/2023/01/logo-pas2-200.png]
[www.sabourg.it/wp-content/uploads/2025/10/Immagine-WhatsApp-2025-09-30-ore-23.01.01_7c513409-135x395.jpg]
[www.sabourg.it/wp-content/uploads/2025/12/Immagine-WhatsApp-2025-12-15-ore-13.40.46_abb3addb-137x395.jpg]
[www.sabourg.it/consiglio-di-stato/index.html]
[www.sabourg.it/wp-json/oembed/1.0/embed3b29.json]
[www.sabourg.it/logo-pas2-200/index.html]
[www.sabourg.it/consiglio-di-stato/immagine-whatsapp-2025-09-30-ore-23-01-01_7c513409/index.html]
[www.sabourg.it/wp-json/oembed/1.0/embed385c]
[www.sabourg.it/consiglio-di-stato/immagine-whatsapp-2025-12-15-ore-13-40-46_abb3addb/index.html]
[www.sabourg.it/wp-json/wp/v2/pages/3186.json]
[www.sabourg.it/giustizia/index.html]
[www.sabourg.it/consiglio-di-stato/creator-gd-jpeg-v1-0-using-ijg-jpeg-v80-quality-82/index.html]
[www.sabourg.it/wp-json/oembed/1.0/embed139e.json]
[www.sabourg.it/wp-json/oembed/1.0/embedfc9f]
[www.sabourg.it/wp-json/wp/v2/pages/426.json]
[www.sabourg.it/wp-content/uploads/2023/05/logo-gendarmeria-200x203.png]
[www.sabourg.it/wp-content/uploads/2025/03/gendarmeriaeu.webp]
[www.sabourg.it/gendarmeria/index.html]
[www.sabourg.it/wp-json/oembed/1.0/embed873c.json]
[www.sabourg.it/gendarmeria/logo-gendarmeria/index.html]
[www.sabourg.it/wp-json/oembed/1.0/embedc805]
[www.sabourg.it/gendarmeria/gendarmeriaeu-2/index.html]
[www.sabourg.it/wp-json/wp/v2/pages/2873.json]
[www.sabourg.it/wp-content/uploads/2024/02/logo-youtube-300x300.png]
[www.sabourg.it/wp-content/uploads/2023/10/nativita-226x300.jpg]
[www.sabourg.it/wp-content/uploads/2024/02/dormizione-maria2-210x300.jpg]
[www.sabourg.it/wp-content/uploads/2024/02/smm-211x300.jpg]
[www.sabourg.it/wp-content/uploads/2024/02/sgb-300x300.jpg]
[www.sabourg.it/wp-content/uploads/2024/12/pentecoste-229x300.jpg]
[www.sabourg.it/wp-content/uploads/2024/12/ascensione.jpg]
[www.sabourg.it/wp-content/uploads/2024/12/zimmer-226x300.jpg]
[www.sabourg.it/wp-content/uploads/2024/12/ultimacena-237x300.webp]
[www.sabourg.it/wp-content/uploads/2024/12/palme-300x300.webp]
[www.sabourg.it/wp-content/uploads/2024/12/sanbenedetto-155x300.jpg]
[www.sabourg.it/wp-content/uploads/2024/12/battesimo-300x300.webp]
[www.sabourg.it/wp-content/uploads/2024/02/ordine-logo-monastico-232x300.png]
[www.sabourg.it/eventi-2024/logo-youtube/index.html]
[www.sabourg.it/wp-content/uploads/2024/02/san-martino-2-300x169.webp]
[www.sabourg.it/eventi-2025/index.html]
[www.sabourg.it/wp-json/oembed/1.0/embededb3.json]
[www.sabourg.it/eventi-2024/dormizione-maria2/index.html]
[www.sabourg.it/eventi-2023/nativita/index.html]
[www.sabourg.it/eventi-2024/smm/index.html]
[www.sabourg.it/wp-json/oembed/1.0/embedf0cd]
[www.sabourg.it/eventi-2024/sgb/index.html]
[www.sabourg.it/ricorrenze/index.html]
[www.sabourg.it/wp-json/wp/v2/pages/362.json]
[www.sabourg.it/eventi-2025/pentecoste/index.html]
[www.sabourg.it/eventi-2025/ascensione/index.html]
[www.sabourg.it/eventi-2025/zimmer/index.html]
[www.sabourg.it/eventi-2025/ultimacena/index.html]
[www.sabourg.it/wp-json/oembed/1.0/embed2583.json]
[www.sabourg.it/eventi-2025/palme/index.html]
[www.sabourg.it/wp-json/oembed/1.0/embedda7c]
[www.sabourg.it/eventi-2025/sanbenedetto/index.html]
[www.sabourg.it/eventi-2025/battesimo/index.html]
[www.sabourg.it/celebrazioni/index.html]
[www.sabourg.it/wp-json/wp/v2/pages/2014.json]
[www.sabourg.it/home/san-martino-3/index.html]
[www.sabourg.it/eventi-2024/ordine-logo-monastico/index.html]
[www.sabourg.it/wp-json/oembed/1.0/embedf6cf.json]
[www.sabourg.it/wp-json/oembed/1.0/embed2e6c]
[www.sabourg.it/wp-json/wp/v2/pages/1012.json]
[www.sabourg.it/wp-content/uploads/2023/07/e-pass-front.jpg]
[www.sabourg.it/wp-content/uploads/2023/08/E-Passport-2.png]
[www.sabourg.it/identita-digitale/index.html]
[www.sabourg.it/wp-json/oembed/1.0/embed484c.json]
[www.sabourg.it/wp-json/oembed/1.0/embed006c]
[www.sabourg.it/wp-json/wp/v2/pages/391.json]
[www.sabourg.it/wp-content/uploads/2023/08/E-Passport.png]
[www.sabourg.it/wp-content/uploads/2023/08/E-Passport-1.png]
[www.sabourg.it/e-residence-card/index.html]
[www.sabourg.it/wp-json/oembed/1.0/embedd5b1.json]
[www.sabourg.it/wp-json/oembed/1.0/embed7159]
[www.sabourg.it/wp-json/wp/v2/pages/3144.json]
[www.sabourg.it/wp-content/uploads/2025/07/E-Passport-10.png]
[www.sabourg.it/wp-content/uploads/2025/07/E-Passport-11.png]
[www.sabourg.it/e-residence-card-young/index.html]
[www.sabourg.it/wp-json/oembed/1.0/embed7364.json]
[www.sabourg.it/wp-json/oembed/1.0/embed0119]
[www.sabourg.it/e-register/index.html]
[www.sabourg.it/wp-json/wp/v2/pages/3152.json]
[www.sabourg.it/wp-json/oembed/1.0/embed6a89.json]
[www.sabourg.it/wp-json/oembed/1.0/embedaeef]
[www.sabourg.it/wp-json/wp/v2/pages/396.json]
[www.sabourg.it/wp-content/uploads/2023/01/asepas.png]
[www.sabourg.it/a-s-e-p-a-s/index.html]
[www.sabourg.it/wp-json/oembed/1.0/embed7a9b.json]
[www.sabourg.it/wp-json/oembed/1.0/embed08d4]
[www.sabourg.it/a-s-e-p-a-s/asepas/index.html]
[www.sabourg.it/wp-json/wp/v2/pages/1017.json]
[www.sabourg.it/wp-content/litespeed/css/96d9a0997fae3d5991d01b5fe900711b9b2a.css]
[www.sabourg.it/fondazione-digitale/index.html]
[www.sabourg.it/wp-content/litespeed/js/936ddebbb1aa6dcb1592ad69c11ab6005d25.js]
[www.sabourg.it/wp-json/oembed/1.0/embed1906.json]
[www.sabourg.it/wp-json/oembed/1.0/embed1a2c]
[www.sabourg.it/wp-json/wp/v2/pages/422.json]
[www.sabourg.it/wp-content/uploads/2023/01/iss.png]
[www.sabourg.it/istituto-ecumenico/index.html]
[www.sabourg.it/wp-json/oembed/1.0/embed3384.json]
[www.sabourg.it/istituto-ecumenico/iss/index.html]
[www.sabourg.it/wp-json/oembed/1.0/embeda499]
[www.sabourg.it/wp-json/wp/v2/pages/2224.json]
[www.sabourg.it/wp-content/uploads/2024/01/thumbnail_logo-OESMC-300.jpg]
[www.sabourg.it/wp-content/uploads/2024/01/Screenshot_25.jpg]
[www.sabourg.it/ordine-equestre-di-san-martino/index.html]
[www.sabourg.it/wp-json/oembed/1.0/embed4e9c.json]
[www.sabourg.it/ordine-equestre-di-san-martino/thumbnail_logo-oesmc-300/index.html]
[www.sabourg.it/wp-json/oembed/1.0/embedd4d6]
[www.sabourg.it/ordine-equestre-di-san-martino/screenshot_25/index.html]
[www.sabourg.it/storia-da-sebaste-de-sepulca-al-1261/index.html]
[www.sabourg.it/wp-json/wp/v2/pages/1008.json]
[www.sabourg.it/wp-json/oembed/1.0/embede71f.json]
[www.sabourg.it/wp-json/oembed/1.0/embedbd86]
[www.sabourg.it/storia-1-dal-954-d-c-al-1729/index.html]
[www.sabourg.it/wp-json/wp/v2/pages/389.json]
[www.sabourg.it/wp-json/oembed/1.0/embedbd5a.json]
[www.sabourg.it/wp-json/oembed/1.0/embed558e]
[www.sabourg.it/storia-2-dal-1730-al-1945/index.html]
[www.sabourg.it/wp-json/wp/v2/pages/329.json]
[www.sabourg.it/wp-json/oembed/1.0/embedc465.json]
[www.sabourg.it/wp-json/oembed/1.0/embed7a0c]
[www.sabourg.it/storia-3-dal-1946-ad-oggi/index.html]
[www.sabourg.it/wp-json/wp/v2/pages/331.json]
[www.sabourg.it/wp-json/oembed/1.0/embedee0d.json]
[www.sabourg.it/wp-json/oembed/1.0/embedeb5d]
[www.sabourg.it/wp-json/wp/v2/pages/1363.json]
[sabourg.org/wp-content/uploads/2023/05/documento.jpg]
[sabourg.org/wp-content/uploads/2023/05/documento-225x300.jpg]
[sabourg.org/wp-content/uploads/2023/03/sbg-107-1-300x199.jpg]
[www.sabourg.it/i-falsi-miti-a-seborga/index.html]
[www.sabourg.it/wp-json/oembed/1.0/embed2e5c.json]
[www.sabourg.it/wp-json/oembed/1.0/embed712e]
[www.sabourg.it/conferenze-e-comunicati-stampa/index.html]
[www.sabourg.it/wp-json/wp/v2/pages/1841.json]
[www.sabourg.it/wp-json/oembed/1.0/embed55b9.json]
[www.sabourg.it/home/logo-seb-2-175/feed/index.html]
[www.sabourg.it/wp-json/oembed/1.0/embedfc2b]
[www.sabourg.it/wp-json/wp/v2/media/1802.json]
[www.sabourg.it/home/logo-seb-2-175/index.html]
[www.sabourg.it/wp-content/litespeed/js/d39b69d2b91c46bdeab42509a0e355e9f4f5.js]
[www.sabourg.it/wp-json/oembed/1.0/embedf2e9.json]
[www.sabourg.it/consiglio-dei-dicasteri/consigiio-dicasteri-3-3/feed/index.html]
[www.sabourg.it/wp-json/oembed/1.0/embedb91a]
[www.sabourg.it/wp-json/wp/v2/media/502.json]
[www.sabourg.it/consiglio-dei-dicasteri/consigiio-dicasteri-3-3/index.html]
[www.sabourg.it/wp-json/oembed/1.0/embed2b78.json]
[www.sabourg.it/wp-json/oembed/1.0/embeda06d]
[www.sabourg.it/home/padregiovanni-jpeg-3-3/feed/index.html]
[www.sabourg.it/wp-json/wp/v2/media/2726.json]
[www.sabourg.it/home/padregiovanni-jpeg-3-3/index.html]
[www.sabourg.it/wp-json/oembed/1.0/embede7a8.json]
[www.sabourg.it/home/whatsapp-image-2025-12-15-at-17-52-46/feed/index.html]
[www.sabourg.it/wp-json/oembed/1.0/embeddaf8]
[www.sabourg.it/wp-json/wp/v2/media/3312.json]
[www.sabourg.it/wp-content/uploads/2025/12/WhatsApp-Image-2025-12-15-at-17.52.46.jpg]
[www.sabourg.it/home/whatsapp-image-2025-12-15-at-17-52-46/index.html]
[www.sabourg.it/wp-json/oembed/1.0/embedcc79.json]
[www.sabourg.it/wp-json/oembed/1.0/embed83a7]
[www.sabourg.it/wp-json/wp/v2/pages/3123.json]
[www.sabourg.it/wp-content/uploads/2025/04/pope-francis-707390_19209b05.jpg]
[www.sabourg.it/wp-content/uploads/2025/04/pope-5678517_1280-731x1024.jpg]
[www.sabourg.it/wp-content/uploads/2025/04/pope-5678517_1280.jpg]
[www.sabourg.it/comunicato-stampa-22-aprile-2025/index.html]
[www.sabourg.it/home/pope-5678517_1280/index.html]
[www.sabourg.it/wp-json/oembed/1.0/embed11f9.json]
[www.sabourg.it/home/whatsapp-image-2025-12-27-at-18-16-32/feed/index.html]
[www.sabourg.it/wp-json/oembed/1.0/embedb16c]
[www.sabourg.it/wp-json/wp/v2/media/3330.json]
[www.sabourg.it/home/whatsapp-image-2025-12-27-at-18-16-32/index.html]
[www.sabourg.it/wp-json/oembed/1.0/embed967d.json]
[www.sabourg.it/home/whatsapp-image-2025-12-23-at-23-23-29/feed/index.html]
[www.sabourg.it/wp-json/oembed/1.0/embed01a2]
[www.sabourg.it/wp-json/wp/v2/media/3331.json]
[www.sabourg.it/wp-content/uploads/2025/12/WhatsApp-Image-2025-12-23-at-23.23.29.jpg]
[www.sabourg.it/home/whatsapp-image-2025-12-23-at-23-23-29/index.html]
[www.sabourg.it/wp-content/plugins/litespeed-cache/guest.vary.html]
[www.sabourg.it/wp-content/plugins/js_composer/assets/fonts/vc_icons_v2/fonts/vcpb-plugin-iconsb82a.svg]
[www.sabourg.it/wp-content/plugins/js_composer/assets/fonts/vc_grid/vc_grid_v157a1.svg]
[www.sabourg.it/wp-content/litespeed/css/0e79af9be1ef2ec1414701186a26fc039696.css]
[www.sabourg.it/wp-content/litespeed/css/0824c6a75222fdcd22e1fe12d5108f8eff8a.css]
[www.sabourg.it/wp-content/litespeed/css/e23e5409b814916b0acdfd3949c22b9c7593.css]
[www.sabourg.it/wp-content/litespeed/css/5f32c9a18a0f84299261d642baf7e5d83438.css]
[www.sabourg.it/wp-content/plugins/js_composer/assets/vc/alert.png]
[www.sabourg.it/wp-content/plugins/js_composer/assets/vc/info.png]
[www.sabourg.it/wp-content/plugins/js_composer/assets/vc/tick.png]
[www.sabourg.it/wp-content/plugins/js_composer/assets/vc/exclamation.png]
[www.sabourg.it/wp-content/plugins/js_composer/assets/images/icons/address-book.png]
[www.sabourg.it/wp-content/plugins/js_composer/assets/images/icons/alarm-clock.png]
[www.sabourg.it/wp-content/plugins/js_composer/assets/images/icons/anchor.png]
[www.sabourg.it/wp-content/plugins/js_composer/assets/images/icons/application-image.png]
[www.sabourg.it/wp-content/plugins/js_composer/assets/images/icons/arrow.png]
[www.sabourg.it/wp-content/plugins/js_composer/assets/images/icons/asterisk.png]
[www.sabourg.it/wp-content/plugins/js_composer/assets/images/icons/auction-hammer.png]
[www.sabourg.it/wp-content/plugins/js_composer/assets/images/icons/balloon.png]
[www.sabourg.it/wp-content/plugins/js_composer/assets/images/icons/balloon-buzz.png]
[www.sabourg.it/wp-content/plugins/js_composer/assets/images/icons/balloon-facebook.png]
[www.sabourg.it/wp-content/plugins/js_composer/assets/images/icons/balloon-twitter.png]
[www.sabourg.it/wp-content/plugins/js_composer/assets/images/icons/battery-full.png]
[www.sabourg.it/wp-content/plugins/js_composer/assets/images/icons/binocular.png]
[www.sabourg.it/wp-content/plugins/js_composer/assets/images/icons/blue-document-excel.png]
[www.sabourg.it/wp-content/plugins/js_composer/assets/images/icons/blue-document-image.png]
[www.sabourg.it/wp-content/plugins/js_composer/assets/images/icons/blue-document-music.png]
[www.sabourg.it/wp-content/plugins/js_composer/assets/images/icons/blue-document-office.png]
[www.sabourg.it/wp-content/plugins/js_composer/assets/images/icons/blue-document-pdf.png]
[www.sabourg.it/wp-content/plugins/js_composer/assets/images/icons/blue-document-powerpoint.png]
[www.sabourg.it/wp-content/plugins/js_composer/assets/images/icons/blue-document-word.png]
[www.sabourg.it/wp-content/plugins/js_composer/assets/images/icons/bookmark.png]
[www.sabourg.it/wp-content/plugins/js_composer/assets/images/icons/camcorder.png]
[www.sabourg.it/wp-content/plugins/js_composer/assets/images/icons/camera.png]
[www.sabourg.it/wp-content/plugins/js_composer/assets/images/icons/chart.png]
[www.sabourg.it/wp-content/plugins/js_composer/assets/images/icons/chart-pie.png]
[www.sabourg.it/wp-content/plugins/js_composer/assets/images/icons/clock.png]
[www.sabourg.it/wp-content/plugins/js_composer/assets/images/icons/control.png]
[www.sabourg.it/wp-content/plugins/js_composer/assets/images/icons/fire.png]
[www.sabourg.it/wp-content/plugins/js_composer/assets/images/icons/heart.png]
[www.sabourg.it/wp-content/plugins/js_composer/assets/images/icons/mail.png]
[www.sabourg.it/wp-content/plugins/js_composer/assets/images/icons/plus-shield.png]
[www.sabourg.it/wp-content/plugins/js_composer/assets/images/icons/video.png]
[www.sabourg.it/wp-content/plugins/js_composer/assets/images/toggle_open.png]
[www.sabourg.it/wp-content/plugins/js_composer/assets/images/toggle_close.png]
[www.sabourg.it/wp-content/plugins/js_composer/assets/images/flickr.png]
[www.sabourg.it/wp-content/plugins/js_composer/assets/images/spinner.gif]
[www.sabourg.it/wp-content/plugins/js_composer/assets/vc/remove.png]
[www.sabourg.it/wp-content/litespeed/css/1841734d81aabf1e8aea337d90998f0eaebe.css]
[www.sabourg.it/wp-content/themes/dt-the7-0/images/the7-exclamation-circle-fill.svg]
[www.sabourg.it/wp-content/themes/dt-the7-0/images/the7-check-circle-fill.svg]
[www.sabourg.it/wp-content/themes/dt-the7-0/images/zoom-in.svg]
[www.sabourg.it/wp-content/themes/dt-the7-0/images/zoom-out.svg]
[www.sabourg.it/wp-content/themes/dt-the7-0/images/fullscreen.svg]
[www.sabourg.it/wp-content/themes/dt-the7-0/images/fullscreen-exit.svg]
[www.sabourg.it/wp-content/themes/dt-the7-0/images/the7-chevron-down.svg]
[www.sabourg.it/wp-content/litespeed/css/b2a05f1dc508c4ec6542498573a9fa85a7a8.css]
[www.sabourg.it/wp-content/litespeed/css/03e7ae14d7103c0010dbce087ebc0fa8d9a2.css]
[www.sabourg.it/wp-content/litespeed/css/7b53180886b9c0be5af9e06850e6df0c29ec.css]
[www.sabourg.it/wp-content/litespeed/css/f5af06c6c3edf271fc6e6645ba504bd899b6.css]
[www.sabourg.it/wp-content/litespeed/css/dbd7ade7b7d0f3ed9f3dc4791111ecb98901.css]
[www.sabourg.it/wp-content/litespeed/css/71d06613a7cd6badf928ce3153cecc2f67f9.css]
[www.sabourg.it/wp-content/litespeed/css/ce31dfbfc040311bc50685fc790aecfa0483.css]
[www.sabourg.it/wp-content/litespeed/css/4774e336f7755af22ac7ee6a837d41e1a9b4.css]
[www.sabourg.it/wp-content/litespeed/css/819b6b13b0b3527533db3f4647c7be547a05.css]
[www.sabourg.it/wp-content/litespeed/css/3b314d44ad452fa9e462a1755c5438b7ef37.css]
[www.sabourg.it/wp-content/litespeed/css/134f853f0adb8dc07f4308ae396d5d4cd247.css]
[www.sabourg.it/wp-content/litespeed/css/0bb51283ba6a257c78c40d70380e6dc43575.css]
[www.sabourg.it/indexf1ac.html]
[www.sabourg.it/wp-content/litespeed/css/259ab87bfdb30e1e2d172c672570ff3b4a36.css]
[www.sabourg.it/biografia-principe-abate/conferenza-episcopale/feed/index.html]
[www.sabourg.it/wp-json/oembed/1.0/embedd9e2.json]
[www.sabourg.it/wp-json/oembed/1.0/embed006c-2]
[www.sabourg.it/wp-json/wp/v2/media/1134.json]
[www.sabourg.it/biografia-principe-abate/conferenza-episcopale/index.html]
[www.sabourg.it/indexb703.html]
[www.sabourg.it/wp-content/themes/dt-the7-0/images/mask.png]
[www.sabourg.it/wp-content/themes/dt-the7-0/images/arrow-bar-show.svg]
[www.sabourg.it/wp-content/themes/dt-the7-0/images/arrow-bar-hide.svg]
[www.sabourg.it/wp-content/themes/dt-the7-0/images/scroller-play.svg]
[www.sabourg.it/wp-content/themes/dt-the7-0/images/scroller-pause.svg]
[www.sabourg.it/wp-content/themes/dt-the7-0/images/the7-grid-3x3-gap-fill.svg]
[www.sabourg.it/wp-content/litespeed/css/f18176cbdfd78b4aea75bcc4ec2af43d9258.css]
[www.sabourg.it/wp-json/oembed/1.0/embed4cdf.json]
[www.sabourg.it/consiglio-della-corona/logo-seb-2-200/feed/index.html]
[www.sabourg.it/wp-json/oembed/1.0/embed9dab]
[www.sabourg.it/wp-json/wp/v2/media/337.json]
[www.sabourg.it/consiglio-della-corona/logo-seb-2-200/index.html]
[www.sabourg.it/index9d49.html]
[www.sabourg.it/indexaf75.html]
[www.sabourg.it/index1ce4.html]
[www.sabourg.it/index88e8.html]
[www.sabourg.it/wp-json/oembed/1.0/embedab27.json]
[www.sabourg.it/wp-json/oembed/1.0/embedb093]
[www.sabourg.it/priorato-di-seborga/thumbnail_visualizza-foto-recenti-png/feed/index.html]
[www.sabourg.it/wp-json/wp/v2/media/3180.json]
[www.sabourg.it/priorato-di-seborga/thumbnail_visualizza-foto-recenti-png/index.html]
[www.sabourg.it/wp-json/oembed/1.0/embed23b8.json]
[www.sabourg.it/priorato-di-seborga/thumbnail_img_7584-jpg/feed/index.html]
[www.sabourg.it/wp-json/oembed/1.0/embed58d2]
[www.sabourg.it/wp-json/wp/v2/media/3181.json]
[www.sabourg.it/priorato-di-seborga/thumbnail_img_7584-jpg/index.html]
[www.sabourg.it/indexae92.html]
[www.sabourg.it/wp-json/oembed/1.0/embed0f7b.json]
[www.sabourg.it/priorato-di-san-michele/thumbnail_img_7994-jpg/feed/index.html]
[www.sabourg.it/wp-json/oembed/1.0/embeddb9b]
[www.sabourg.it/wp-json/wp/v2/media/3184.json]
[www.sabourg.it/priorato-di-san-michele/thumbnail_img_7994-jpg/index.html]
[www.sabourg.it/indexb8c6.html]
[www.sabourg.it/wp-json/oembed/1.0/embed3753.json]
[www.sabourg.it/home/sbg-logo3-300/feed/index.html]
[www.sabourg.it/wp-json/oembed/1.0/embede2a9]
[www.sabourg.it/wp-json/wp/v2/media/304.json]
[www.sabourg.it/home/sbg-logo3-300/index.html]
[www.sabourg.it/wp-json/oembed/1.0/embedd8e1.json]
[www.sabourg.it/consiglio-della-corona/ordine-lg-2/feed/index.html]
[www.sabourg.it/wp-json/oembed/1.0/embed5649]
[www.sabourg.it/wp-json/wp/v2/media/504.json]
[www.sabourg.it/consiglio-della-corona/ordine-lg-2/index.html]
[www.sabourg.it/wp-json/oembed/1.0/embedbf7e.json]
[www.sabourg.it/ordine-monastico/foto5/feed/index.html]
[www.sabourg.it/wp-json/oembed/1.0/embed17b1]
[www.sabourg.it/wp-json/wp/v2/media/623.json]
[www.sabourg.it/ordine-monastico/foto5/index.html]
[www.sabourg.it/wp-json/oembed/1.0/embed45fc.json]
[www.sabourg.it/ordine-monastico/omsito-2/feed/index.html]
[www.sabourg.it/wp-json/oembed/1.0/embede30c]
[www.sabourg.it/wp-json/wp/v2/media/419.json]
[www.sabourg.it/ordine-monastico/omsito-2/index.html]
[www.sabourg.it/index5874.html]
[www.sabourg.it/index2639.html]
[www.sabourg.it/indexc3ba.html]
[www.sabourg.it/index71fc.html]
[www.sabourg.it/wp-json/oembed/1.0/embed526d.json]
[www.sabourg.it/ordini-e-onorificienze/dec-corona/feed/index.html]
[www.sabourg.it/wp-json/oembed/1.0/embedcac6]
[www.sabourg.it/wp-json/wp/v2/media/363.json]
[www.sabourg.it/ordini-e-onorificienze/dec-corona/index.html]
[www.sabourg.it/wp-json/oembed/1.0/embedf486.json]
[www.sabourg.it/ordini-e-onorificienze/dec-merito/feed/index.html]
[www.sabourg.it/wp-json/oembed/1.0/embeda303]
[www.sabourg.it/wp-json/wp/v2/media/364.json]
[www.sabourg.it/ordini-e-onorificienze/dec-merito/index.html]
[www.sabourg.it/wp-json/oembed/1.0/embed3cde.json]
[www.sabourg.it/ordini-e-onorificienze/dec-monastico/feed/index.html]
[www.sabourg.it/wp-json/oembed/1.0/embed2c05]
[www.sabourg.it/wp-json/wp/v2/media/365.json]
[www.sabourg.it/ordini-e-onorificienze/dec-monastico/index.html]
[www.sabourg.it/wp-json/oembed/1.0/embed3ce9.json]
[www.sabourg.it/ordini-e-onorificienze/dec-mm-1/feed/index.html]
[www.sabourg.it/wp-json/oembed/1.0/embed8a19]
[www.sabourg.it/wp-json/wp/v2/media/955.json]
[www.sabourg.it/ordini-e-onorificienze/dec-mm-1/index.html]
[www.sabourg.it/wp-json/oembed/1.0/embed5960.json]
[www.sabourg.it/ordini-e-onorificienze/thumbnail_ordine-di-san-martino-decoraz/feed/index.html]
[www.sabourg.it/wp-json/oembed/1.0/embed7678]
[www.sabourg.it/wp-json/wp/v2/media/2114.json]
[www.sabourg.it/ordini-e-onorificienze/thumbnail_ordine-di-san-martino-decoraz/index.html]
[www.sabourg.it/indexbc6e.html]
[www.sabourg.it/wp-json/oembed/1.0/embed7176.json]
[www.sabourg.it/consiglio-della-corona/ordinemonastico-2/feed/index.html]
[www.sabourg.it/wp-json/oembed/1.0/embedebfa]
[www.sabourg.it/wp-json/wp/v2/media/505.json]
[www.sabourg.it/consiglio-della-corona/ordinemonastico-2/index.html]
[www.sabourg.it/index87d0.html]
[www.sabourg.it/indexca89.html]
[www.sabourg.it/wp-json/oembed/1.0/embed19fd.json]
[www.sabourg.it/consiglio-dei-dicasteri/gouvernement-2026-2028/feed/index.html]
[www.sabourg.it/wp-json/oembed/1.0/embed78a8]
[www.sabourg.it/wp-json/wp/v2/media/3320.json]
[www.sabourg.it/consiglio-dei-dicasteri/gouvernement-2026-2028/index.html]
[www.sabourg.it/indexbdc5.html]
[www.sabourg.it/index236f.html]
[www.sabourg.it/index8816.html]
[www.sabourg.it/wp-json/oembed/1.0/embed1b2b.json]
[www.sabourg.it/feed/index1402.html]
[www.sabourg.it/wp-json/oembed/1.0/embed9609]
[www.sabourg.it/wp-json/wp/v2/media/229.json]
[www.sabourg.it/logo-seb-2-150/index.html]
[www.sabourg.it/wp-json/oembed/1.0/embeda884.json]
[www.sabourg.it/consiglio-di-stato/andrea/feed/index.html]
[www.sabourg.it/wp-json/oembed/1.0/embed232c]
[www.sabourg.it/wp-json/wp/v2/media/358.json]
[www.sabourg.it/consiglio-di-stato/andrea/index.html]
[www.sabourg.it/index17f1.html]
[www.sabourg.it/indexec1b.html]
[www.sabourg.it/wp-json/oembed/1.0/embed7384.json]
[www.sabourg.it/feed/index1430.html]
[www.sabourg.it/wp-json/oembed/1.0/embed5e40]
[www.sabourg.it/wp-json/wp/v2/media/310.json]
[www.sabourg.it/logo-pas2-200/index.html]
[www.sabourg.it/wp-json/oembed/1.0/embede712.json]
[www.sabourg.it/consiglio-di-stato/immagine-whatsapp-2025-09-30-ore-23-01-01_7c513409/feed/index.html]
[www.sabourg.it/wp-json/oembed/1.0/embedf92a]
[www.sabourg.it/wp-json/wp/v2/media/3229.json]
[www.sabourg.it/consiglio-di-stato/immagine-whatsapp-2025-09-30-ore-23-01-01_7c513409/index.html]
[www.sabourg.it/wp-json/oembed/1.0/embedb9dc.json]
[www.sabourg.it/consiglio-di-stato/immagine-whatsapp-2025-12-15-ore-13-40-46_abb3addb/feed/index.html]
[www.sabourg.it/wp-json/oembed/1.0/embedc2aa]
[www.sabourg.it/wp-json/wp/v2/media/3297.json]
[www.sabourg.it/consiglio-di-stato/immagine-whatsapp-2025-12-15-ore-13-40-46_abb3addb/index.html]
[www.sabourg.it/wp-json/oembed/1.0/embedfdf4.json]
[www.sabourg.it/consiglio-di-stato/creator-gd-jpeg-v1-0-using-ijg-jpeg-v80-quality-82/feed/index.html]
[www.sabourg.it/wp-json/oembed/1.0/embed432d]
[www.sabourg.it/wp-json/wp/v2/media/2900.json]
[www.sabourg.it/consiglio-di-stato/creator-gd-jpeg-v1-0-using-ijg-jpeg-v80-quality-82/index.html]
[www.sabourg.it/indexa9fa.html]
[www.sabourg.it/index2202.html]
[www.sabourg.it/wp-json/oembed/1.0/embedfd32.json]
[www.sabourg.it/gendarmeria/logo-gendarmeria/feed/index.html]
[www.sabourg.it/wp-json/oembed/1.0/embedbb6c]
[www.sabourg.it/wp-json/wp/v2/media/1748.json]
[www.sabourg.it/wp-content/uploads/2023/05/logo-gendarmeria.png]
[www.sabourg.it/gendarmeria/logo-gendarmeria/index.html]
[www.sabourg.it/wp-json/oembed/1.0/embed6237.json]
[www.sabourg.it/gendarmeria/gendarmeriaeu-2/feed/index.html]
[www.sabourg.it/wp-json/oembed/1.0/embed3798]
[www.sabourg.it/wp-json/wp/v2/media/3033.json]
[www.sabourg.it/gendarmeria/gendarmeriaeu-2/index.html]
[www.sabourg.it/index138b.html]
[www.sabourg.it/wp-json/oembed/1.0/embed561c.json]
[www.sabourg.it/eventi-2024/logo-youtube/feed/index.html]
[www.sabourg.it/wp-json/oembed/1.0/embed3b42]
[www.sabourg.it/wp-json/wp/v2/media/2318.json]
[www.sabourg.it/eventi-2024/logo-youtube/index.html]
[www.sabourg.it/wp-json/oembed/1.0/embed84fa.json]
[www.sabourg.it/eventi-2023/nativita/feed/index.html]
[www.sabourg.it/wp-json/oembed/1.0/embed2158]
[www.sabourg.it/wp-json/wp/v2/media/2067.json]
[www.sabourg.it/eventi-2023/nativita/index.html]
[www.sabourg.it/wp-json/oembed/1.0/embeda122.json]
[www.sabourg.it/eventi-2024/dormizione-maria2/feed/index.html]
[www.sabourg.it/wp-json/oembed/1.0/embed4995]
[www.sabourg.it/wp-json/wp/v2/media/2333.json]
[www.sabourg.it/eventi-2024/dormizione-maria2/index.html]
[www.sabourg.it/wp-json/oembed/1.0/embed29dc.json]
[www.sabourg.it/eventi-2024/smm/feed/index.html]
[www.sabourg.it/wp-json/oembed/1.0/embed583d]
[www.sabourg.it/wp-json/wp/v2/media/2332.json]
[www.sabourg.it/eventi-2024/smm/index.html]
[www.sabourg.it/wp-json/oembed/1.0/embedb457.json]
[www.sabourg.it/eventi-2024/sgb/feed/index.html]
[www.sabourg.it/wp-json/oembed/1.0/embedae6a]
[www.sabourg.it/wp-json/wp/v2/media/2331.json]
[www.sabourg.it/eventi-2024/sgb/index.html]
[www.sabourg.it/wp-json/oembed/1.0/embed1afd.json]
[www.sabourg.it/eventi-2025/pentecoste/feed/index.html]
[www.sabourg.it/wp-json/oembed/1.0/embed842e]
[www.sabourg.it/wp-json/wp/v2/media/2887.json]
[www.sabourg.it/eventi-2025/pentecoste/index.html]
[www.sabourg.it/wp-json/oembed/1.0/embedc0e6.json]
[www.sabourg.it/eventi-2025/ascensione/feed/index.html]
[www.sabourg.it/wp-json/oembed/1.0/embed3bb4]
[www.sabourg.it/wp-json/wp/v2/media/2888.json]
[www.sabourg.it/eventi-2025/ascensione/index.html]
[www.sabourg.it/wp-json/oembed/1.0/embed003f.json]
[www.sabourg.it/eventi-2025/zimmer/feed/index.html]
[www.sabourg.it/wp-json/oembed/1.0/embed0fcc]
[www.sabourg.it/wp-json/wp/v2/media/2885.json]
[www.sabourg.it/eventi-2025/zimmer/index.html]
[www.sabourg.it/wp-json/oembed/1.0/embed2521.json]
[www.sabourg.it/eventi-2025/ultimacena/feed/index.html]
[www.sabourg.it/wp-json/oembed/1.0/embed8cb0]
[www.sabourg.it/wp-json/wp/v2/media/2882.json]
[www.sabourg.it/eventi-2025/ultimacena/index.html]
[www.sabourg.it/wp-json/oembed/1.0/embede645.json]
[www.sabourg.it/eventi-2025/palme/feed/index.html]
[www.sabourg.it/wp-json/oembed/1.0/embedece6]
[www.sabourg.it/wp-json/wp/v2/media/2883.json]
[www.sabourg.it/eventi-2025/palme/index.html]
[www.sabourg.it/wp-json/oembed/1.0/embed6cbf.json]
[www.sabourg.it/eventi-2025/sanbenedetto/feed/index.html]
[www.sabourg.it/wp-json/oembed/1.0/embedddde]
[www.sabourg.it/wp-json/wp/v2/media/2890.json]
[www.sabourg.it/eventi-2025/sanbenedetto/index.html]
[www.sabourg.it/wp-json/oembed/1.0/embed79d8.json]
[www.sabourg.it/eventi-2025/battesimo/feed/index.html]
[www.sabourg.it/wp-json/oembed/1.0/embed23db]
[www.sabourg.it/wp-json/wp/v2/media/2884.json]
[www.sabourg.it/eventi-2025/battesimo/index.html]
[www.sabourg.it/wp-json/oembed/1.0/embed7612.json]
[www.sabourg.it/eventi-2024/ordine-logo-monastico/feed/index.html]
[www.sabourg.it/wp-json/oembed/1.0/embedbc40]
[www.sabourg.it/wp-json/wp/v2/media/2341.json]
[www.sabourg.it/eventi-2024/ordine-logo-monastico/index.html]
[www.sabourg.it/wp-json/oembed/1.0/embed30af.json]
[www.sabourg.it/wp-json/oembed/1.0/embed97b3]
[www.sabourg.it/wp-json/wp/v2/media/2328.json]
[www.sabourg.it/home/san-martino-3/feed/index.html]
[www.sabourg.it/wp-content/uploads/2024/02/san-martino-2.webp]
[www.sabourg.it/home/san-martino-3/index.html]
[www.sabourg.it/indexe4db.html]
[www.sabourg.it/index8a56.html]
[www.sabourg.it/index8f57.html]
[www.sabourg.it/index64d4.html]
[www.sabourg.it/index56a9.html]
[www.sabourg.it/indexb7e6.html]
[www.sabourg.it/index2e25.html]
[www.sabourg.it/wp-json/oembed/1.0/embedb205.json]
[www.sabourg.it/a-s-e-p-a-s/asepas/feed/index.html]
[www.sabourg.it/wp-json/oembed/1.0/embeda1c9]
[www.sabourg.it/wp-json/wp/v2/media/397.json]
[www.sabourg.it/a-s-e-p-a-s/asepas/index.html]
[www.sabourg.it/indexf628.html]
[www.sabourg.it/wp-content/litespeed/css/96d9a0997fae3d5991d01b5fe900711b9b2a.css]
[www.sabourg.it/index9d87.html]
[www.sabourg.it/wp-json/oembed/1.0/embed0bd8.json]
[www.sabourg.it/istituto-ecumenico/iss/feed/index.html]
[www.sabourg.it/wp-json/oembed/1.0/embedd71d]
[www.sabourg.it/wp-json/wp/v2/media/424.json]
[www.sabourg.it/istituto-ecumenico/iss/index.html]
[www.sabourg.it/index2303.html]
[www.sabourg.it/wp-json/oembed/1.0/embed0063.json]
[www.sabourg.it/ordine-equestre-di-san-martino/thumbnail_logo-oesmc-300/feed/index.html]
[www.sabourg.it/wp-json/oembed/1.0/embedc249]
[www.sabourg.it/wp-json/wp/v2/media/2227.json]
[www.sabourg.it/ordine-equestre-di-san-martino/thumbnail_logo-oesmc-300/index.html]
[www.sabourg.it/wp-json/oembed/1.0/embedbc1e.json]
[www.sabourg.it/ordine-equestre-di-san-martino/screenshot_25/feed/index.html]
[www.sabourg.it/wp-json/oembed/1.0/embedd30c]
[www.sabourg.it/wp-json/wp/v2/media/2229.json]
[www.sabourg.it/ordine-equestre-di-san-martino/screenshot_25/index.html]
[www.sabourg.it/index4192.html]
[www.sabourg.it/index2325.html]
[www.sabourg.it/index834e.html]
[www.sabourg.it/index371d.html]
[www.sabourg.it/indexd233.html]
[www.sabourg.it/indexb864.html]
[www.sabourg.it/indexe467.html]
[www.sabourg.it/indexda6e.html]
[www.sabourg.it/index0c0a.html]
[www.sabourg.it/index09de.html]
[www.sabourg.it/index4cfe.html]
[www.sabourg.it/wp-json/oembed/1.0/embed315e.json]
[www.sabourg.it/home/pope-5678517_1280/feed/index.html]
[www.sabourg.it/wp-json/oembed/1.0/embed3c7d]
[www.sabourg.it/wp-json/wp/v2/media/3121.json]
[www.sabourg.it/home/pope-5678517_1280/index.html]
[www.sabourg.it/index4701.html]
[www.sabourg.it/indexf0e1.html]
[www.sabourg.it/wp-content/plugins/js_composer/assets/vc/blur.svg]
[www.sabourg.it/wp-content/themes/dt-the7-0/images/the7-exclamation-circle-fill.svg]
[www.sabourg.it/wp-content/themes/dt-the7-0/images/the7-check-circle-fill.svg]
[www.sabourg.it/wp-content/themes/dt-the7-0/images/zoom-in.svg]
[www.sabourg.it/wp-content/themes/dt-the7-0/images/zoom-out.svg]
[www.sabourg.it/wp-content/themes/dt-the7-0/images/fullscreen.svg]
[www.sabourg.it/wp-content/themes/dt-the7-0/images/fullscreen-exit.svg]
[www.sabourg.it/wp-content/themes/dt-the7-0/images/the7-chevron-down.svg]
[www.sabourg.it/index6635.html]
[www.sabourg.it/wp-content/themes/dt-the7-0/images/arrow-bar-show.svg]
[www.sabourg.it/wp-content/themes/dt-the7-0/images/arrow-bar-hide.svg]
[www.sabourg.it/wp-content/themes/dt-the7-0/images/scroller-play.svg]
[www.sabourg.it/wp-content/themes/dt-the7-0/images/scroller-pause.svg]
[www.sabourg.it/wp-content/themes/dt-the7-0/images/the7-grid-3x3-gap-fill.svg]
[www.sabourg.it/indexf6a9.html]
[www.sabourg.it/index9117.html]
[www.sabourg.it/indexd042.html]
[www.sabourg.it/indexa26c.html]
[www.sabourg.it/indexdd01.html]
[www.sabourg.it/indexbc6e-2.html]
[www.sabourg.it/index5024.html]
[www.sabourg.it/indexbdfa.html]
[www.sabourg.it/index481e.html]
[www.sabourg.it/index0364.html]
[www.sabourg.it/index18ee.html]
[www.sabourg.it/index2026.html]
[www.sabourg.it/index4faf.html]
[www.sabourg.it/index9b9e.html]
[www.sabourg.it/index5e2b.html]
[www.sabourg.it/index4580.html]
[www.sabourg.it/indexf5a4.html]
[www.sabourg.it/index90b2.html]
[www.sabourg.it/index91a1.html]
[www.sabourg.it/indexf87d.html]
[www.sabourg.it/index70da.html]
[www.sabourg.it/index66c0.html]
[www.sabourg.it/index3d31.html]
[www.sabourg.it/index2501.html]
[www.sabourg.it/indexad2c.html]
[www.sabourg.it/index6015.html]
[www.sabourg.it/index180e.html]
[www.sabourg.it/index988d.html]
[www.sabourg.it/index33e4.html]
[www.sabourg.it/index2799.html]
[www.sabourg.it/indexb2be.html]
[www.sabourg.it/index74db.html]
[www.sabourg.it/index36e7.html]
[www.sabourg.it/index8848.html]
[www.sabourg.it/indexdde8.html]
[www.sabourg.it/index8fb7.html]
[www.sabourg.it/index6fa8.html]
[www.sabourg.it/indexae62.html]
[www.sabourg.it/index007a.html]
[www.sabourg.it/indexf883.html]
[www.sabourg.it/index3d15.html]
[www.sabourg.it/index6c1e.html]
