[www.sabourg.com/index.html]
[backblue.gif]
[fade.gif]
[index.html]
[ajax.googleapis.com/ajax/libs/webfont/1/webfont.js]
[www.sabourg.com/wp-json/oembed/1.0/embed40ac.json]
[www.sabourg.com/it/home-italiano/index.html]
[www.sabourg.com/en/english/index.html]
[www.sabourg.com/feed/index.html]
[www.sabourg.com/wp-json/oembed/1.0/embed7af5]
[www.sabourg.com/wp-content/plugins/menu-image/includes/css/menu-imageae34.css]
[www.sabourg.com/wp-includes/css/dashicons.mind4d0.css]
[www.sabourg.com/wp-content/plugins/wm-video-playlists/assets/css/style20b9.css]
[www.sabourg.com/wp-content/plugins/complianz-gdpr/assets/css/cookieblocker.min64c6.css]
[www.sabourg.com/wp-content/themes/jannah/assets/css/base.min8c10.css]
[www.sabourg.com/wp-content/themes/jannah/assets/css/style.min8c10.css]
[www.sabourg.com/wp-content/themes/jannah/assets/css/widgets.min8c10.css]
[www.sabourg.com/wp-content/themes/jannah/assets/css/helpers.min8c10.css]
[www.sabourg.com/wp-content/themes/jannah/assets/css/fontawesome8c10.css]
[www.sabourg.com/wp-content/themes/jannah/assets/ilightbox/dark-skin/skin8c10.css]
[www.sabourg.com/wp-content/themes/jannah/assets/css/plugins/shortcodes.min8c10.css]
[www.sabourg.com/wp-content/themes/jannah/assets/css/plugins/taqyeem.min8c10.css]
[www.sabourg.com/wp-includes/js/jquery/jquery.minf43b.js]
[www.sabourg.com/wp-includes/js/jquery/jquery-migrate.min5589.js]
[www.sabourg.com/wp-json/wp/v2/pages/1019.json]
[www.sabourg.com/wp-json/index.html]
[www.sabourg.com/xmlrpc0db0.php]
[www.sabourg.com/wp-content/uploads/2025/02/Sabourg-1.png]
[www.sabourg.com/wp-content/uploads/2025/02/Benvenuti-nel-portale-di-informazione-del-Principato-del-Sabourg-2.png]
[www.sabourg.com/wp-content/uploads/2025/12/Primo-Ministro-giuramnto-2025-768x1024-1-768x470.jpg]
[www.sabourg.com/wp-content/uploads/2025/12/WhatsApp-Image-2025-12-15-at-17.52.47-780x470.jpg]
[www.sabourg.com/2025/12/19/prise-de-serment-du-premier-ministre-et-son-gouvernement-pour-la-periode-2026-2028/index.html]
[www.sabourg.com/wp-content/uploads/2025/12/Screenshot_89.png]
[www.sabourg.com/wp-content/uploads/2025/11/Immagine-WhatsApp-2025-10-31-ore-21.00.40_f2426a3c-780x470.jpg]
[www.sabourg.com/wp-content/uploads/2025/10/san-martino-1024x576-1-780x470.webp]
[www.sabourg.com/wp-content/uploads/2025/06/Immagine-WhatsApp-2025-06-04-ore-16.47.13_90d2e7c5-220x150.jpg]
[www.sabourg.com/wp-content/uploads/2025/05/Immagine-WhatsApp-2025-05-14-ore-18.21.56_9ff66641-220x150.jpg]
[www.sabourg.com/2025/12/11/fete-du-prince-abbe-2025/index.html]
[www.sabourg.com/wp-content/uploads/2025/05/prevost-3-1-220x150.webp]
[www.sabourg.com/wp-content/uploads/2025/05/1000196481-220x150.jpg]
[www.sabourg.com/wp-content/uploads/2025/04/pope-francis-707390_1920-220x150.jpg]
[www.sabourg.com/2025/12/05/principaute-de-sabourg-declaration-officielle-sur-la-rectification-des-fausses-affirmations-dans-les-reseaux-sociaux/index.html]
[www.sabourg.com/wp-content/uploads/2025/12/WhatsApp-Image-2025-12-15-at-17.52.47-390x220.jpg]
[www.sabourg.com/wp-content/uploads/2025/10/san-martino-1024x576-1-220x150.webp]
[www.sabourg.com/wp-content/uploads/2025/10/Immagine-WhatsApp-2025-10-01-ore-18.52.10_f5b4ef04-220x150.jpg]
[www.sabourg.com/wp-content/uploads/2025/10/Immagine-WhatsApp-2025-10-01-ore-15.27.34_a0e006ec-220x150.jpg]
[www.sabourg.com/wp-content/uploads/2025/07/d30b4d0b-4922-4c63-9c8b-2f23002ba978-220x150.jpg]
[www.sabourg.com/2025/11/07/reconnaissance-de-la-souverainete-du-sabourg-par-le-cameroun/index.html]
[www.sabourg.com/wp-content/uploads/2024/05/Screenshot_96-390x220.png]
[www.sabourg.com/wp-content/uploads/2025/12/Primo-Ministro-giuramnto-2025-768x1024-1-390x220.jpg]
[www.sabourg.com/wp-content/uploads/2025/12/Screenshot_89-390x220.png]
[www.sabourg.com/wp-content/uploads/2025/10/Immagine-WhatsApp-2025-10-01-ore-15.27.34_a0e006ec-390x220.jpg]
[www.sabourg.com/2025/10/28/fete-de-saint-martin-de-tour/index.html]
[www.sabourg.com/wp-content/uploads/2024/06/Immagine-WhatsApp-2024-06-27-ore-20.09.18_9fef06c6-1-390x220.jpg]
[www.sabourg.com/wp-content/uploads/2023/11/video5-390x220.png]
[www.sabourg.com/wp-content/uploads/2023/10/video-6-390x220.png]
[www.sabourg.com/wp-content/uploads/2025/03/video-7-390x220.png]
[www.sabourg.com/2025/10/02/fete-de-saint-michel-archange/index.html]
[www.sabourg.com/wp-content/uploads/2025/03/video-8-390x220.png]
[www.sabourg.com/wp-content/uploads/2025/10/Immagine-WhatsApp-2025-10-01-ore-18.52.10_f5b4ef04-390x220.jpg]
[www.sabourg.com/2025/10/01/sofferenza-e-liberazione-en-avant-premiere-a-monaco/index.html]
[www.sabourg.com/2025/07/26/fete-en-lhonneur-de-sainte-marie-de-magdala/index.html]
[www.sabourg.com/2025/06/06/de-la-chine-technologie-et-spiritualite/index.html]
[www.sabourg.com/2025/05/22/au-gabon-pour-donner-dignite-et-avenir-aux-jeunes/index.html]
[connect.facebook.net/fr_FR/sdk.js]
[www.sabourg.com/wp-content/themes/jannah/assets/js/scripts.min8c10.js]
[www.sabourg.com/category/diplomatie/index.html]
[www.sabourg.com/wp-content/themes/jannah/assets/ilightbox/lightbox8c10.js]
[www.sabourg.com/wp-content/themes/jannah/assets/js/sliders.min8c10.js]
[www.sabourg.com/wp-content/themes/jannah/assets/js/shortcodes8c10.js]
[www.sabourg.com/wp-content/plugins/complianz-gdpr/cookiebanner/js/complianz.min64c6.js]
[www.sabourg.com/2025/05/21/consentement-des-etats-dafrique-centrale-a-sabourg/index.html]
[www.sabourg.com/index.html]
[www.sabourg.com/wp-content/themes/jannah/assets/js/br-news8c10.js]
[www.sabourg.com/2025/05/20/a-leon-xiv-le-saint-esprit-inspira-le-premier-appel-au-peuple/index.html]
[www.sabourg.com/wp-json/oembed/1.0/embedd97b.json]
[www.sabourg.com/2025/05/06/le-prince-abbe-giovanni-luca-present-a-la-ceremonie-dinvestiture-du-nouveau-president-elu-du-gabon-brice-clotaire-oligui-nguema/index.html]
[www.sabourg.com/2025/04/22/papa-francis-a-laisse-un-signe-indelible-de-paix-de-justice-et-de-misericordie/index.html]
[www.sabourg.com/wp-json/oembed/1.0/embed7930]
[www.sabourg.com/2024/05/05/presentation-officielle-de-la-fondation-numerique-et-emission-de-144-000-unites-numeriques/index.html]
[www.sabourg.com/wp-json/wp/v2/pages/1020.json]
[www.sabourg.com/2024/06/24/rencontre-au-vatican-de-son-altesse-reverendissime-le-prince-abbe-giovanni-luca/index.html]
[www.sabourg.com/2023/11/19/conference-historique-sur-st-martin-de-tours-et-la-charite/index.html]
[www.sabourg.com/wp-content/uploads/2025/12/Primo-Ministro-giuramnto-2025-780x470.jpeg]
[www.sabourg.com/2023/10/02/conference-il-grange/index.html]
[www.sabourg.com/wp-content/uploads/2025/12/WhatsApp-Image-2025-12-15-at-17.52.47-1-780x470.jpg]
[www.sabourg.com/wp-content/uploads/2025/05/prevost-3-2-220x150.webp]
[www.sabourg.com/2023/05/31/la-principaute-du-sabourg-est-depuis-1261-le-premier-etat-monastique-de-lhistoire-de-lhumanite-gouverne-par-des-religieux-elus-par-dautres-religieux/index.html]
[www.sabourg.com/wp-content/uploads/2025/05/1000196481-1-220x150.jpg]
[www.sabourg.com/wp-content/uploads/2025/12/WhatsApp-Image-2025-12-15-at-17.52.47-1-390x220.jpg]
[www.sabourg.com/wp-content/uploads/2025/10/san-martino-1024x576-3-220x150.webp]
[www.sabourg.com/wp-content/uploads/2025/07/d30b4d0b-4922-4c63-9c8b-2f23002ba978-1-220x150.jpg]
[www.sabourg.com/wp-content/uploads/2025/03/PHOTO-2024-09-30-07-40-58-1-2-220x150.jpg]
[www.sabourg.com/2022/09/02/seborga-entre-mythe-histoire-et-realite/index.html]
[www.sabourg.com/wp-content/uploads/2024/05/Screenshot_81-1-390x220.png]
[www.sabourg.com/wp-content/uploads/2025/12/Primo-Ministro-giuramnto-2025-390x220.jpg]
[www.sabourg.com/wp-content/uploads/2024/05/video1-390x220.png]
[www.sabourg.com/wp-content/uploads/2025/11/Immagine-WhatsApp-2025-10-31-ore-21.00.40_f2426a3c-390x220.jpg]
[www.sabourg.com/category/charite/index.html]
[www.sabourg.com/wp-content/themes/jannah/assets/js/desktop.min8c10.js]
[www.sabourg.com/wp-content/themes/jannah/assets/js/live-search8c10.js]
[www.sabourg.com/it/home-italiano/index.html]
[www.sabourg.com/category/communiques-officiels/index.html]
[www.sabourg.com/wp-json/oembed/1.0/embedeb64.json]
[www.sabourg.com/category/conferences-officielles/index.html]
[www.sabourg.com/wp-json/oembed/1.0/embedddaf]
[www.sabourg.com/category/e-citizen-fr/index.html]
[www.sabourg.com/wp-json/wp/v2/pages/1434.json]
[www.sabourg.com/category/evenements/index.html]
[www.sabourg.com/wp-content/uploads/2025/12/WhatsApp-Image-2025-12-15-at-17.52.47-2-780x470.jpg]
[www.sabourg.com/category/news/index.html]
[www.sabourg.com/wp-content/uploads/2025/10/san-martino-1024x576-2-780x470.webp]
[www.sabourg.com/it/feed/index.html]
[www.sabourg.com/wp-content/uploads/2025/10/Immagine-WhatsApp-2025-10-01-ore-15.27.34_a0e006ec-780x470.jpg]
[www.sabourg.com/wp-content/uploads/2025/10/Immagine-WhatsApp-2025-10-01-ore-18.52.10_f5b4ef04-780x470.jpg]
[www.sabourg.com/wp-content/uploads/2025/07/d30b4d0b-4922-4c63-9c8b-2f23002ba978-1-780x470.jpg]
[www.sabourg.com/it/2025/12/19/giuramento-solenne-del-primo-ministro-e-del-governo-per-il-triennio-2026-2028/index.html]
[www.sabourg.com/wp-content/uploads/2025/12/WhatsApp-Image-2025-12-15-at-17.52.47-2-390x220.jpg]
[www.sabourg.com/it/2025/12/11/1563/index.html]
[www.sabourg.com/wp-content/uploads/2025/10/san-martino-1024x576-2-220x150.webp]
[www.sabourg.com/wp-content/uploads/2025/10/Screenshot_96-390x220.png]
[www.sabourg.com/wp-content/uploads/2025/03/video-7-220x150.png]
[www.sabourg.com/it/2025/12/05/dichiarazione-ufficiale-sulla-rettifica-delle-false-affermazioni-rilasciate-dai-social-media/index.html]
[www.sabourg.com/wp-content/uploads/2025/03/video-8-220x150.png]
[www.sabourg.com/en/english/index.html]
[www.sabourg.com/wp-content/plugins/menu-image/includes/css/menu-imageae34.css]
[www.sabourg.com/it/2025/11/07/riconoscimento-della-sovranita-del-sabourg-da-parte-del-camerun/index.html]
[www.sabourg.com/it/2025/10/28/festa-di-san-martino/index.html]
[www.sabourg.com/wp-includes/fonts/dashicons7d4b.eot]
[www.sabourg.com/it/2025/09/29/festa-di-san-michele-arcangelo/index.html]
[www.sabourg.com/wp-includes/css/dashicons.mind4d0.css]
[www.sabourg.com/wp-includes/fonts/dashicons7d4b.ttf]
[www.sabourg.com/wp-content/plugins/wm-video-playlists/assets/css/style20b9.css]
[www.sabourg.com/it/2025/10/01/sofferenza-e-liberazione-in-anteprima-a-monaco/index.html]
[www.sabourg.com/it/2025/07/26/festa-in-onore-di-santa-maria-di-magdala/index.html]
[www.sabourg.com/wp-content/plugins/complianz-gdpr/assets/css/cookieblocker.min64c6.css]
[www.sabourg.com/wp-content/themes/jannah/assets/css/base.min8c10.css]
[www.sabourg.com/it/2025/05/22/nel-gabon-per-dare-dignita-e-opportunita-ai-giovani/index.html]
[www.sabourg.com/it/category/diplomazia/index.html]
[www.sabourg.com/it/2025/06/06/dalla-cina-tecnologia-e-spiritualita/index.html]
[www.sabourg.com/it/author/admin/index.html]
[www.sabourg.com/it/2025/05/21/il-consenso-degli-stati-centro-africani-al-sabourg/index.html]
[www.sabourg.com/wp-content/themes/jannah/assets/images/code-bg.png]
[www.sabourg.com/wp-content/themes/jannah/assets/css/style.min8c10.css]
[www.sabourg.com/wp-content/themes/jannah/assets/css/widgets.min8c10.css]
[www.sabourg.com/it/2025/05/20/a-leone-xiv-il-santo-spirito-ha-ispirtato-il-primo-appello-ai-popoli/index.html]
[www.sabourg.com/it/2025/04/22/papa-francesco-ha-lasciato-un-segno-indelebile-di-pace-giustizia-e-misericordia/index.html]
[www.sabourg.com/it/2024/09/29/celebrazione-del-quinto-anniversario-dellordine-monastico/index.html]
[www.sabourg.com/it/2024/05/05/presentazione-ufficiale-della-fondazione-digitale-2/index.html]
[www.sabourg.com/wp-content/themes/jannah/assets/fonts/tielabs-fonticon/tielabs-fonticon519d.woff2]
[www.sabourg.com/it/2025/05/06/il-principe-abbate-giovanni-luca-ha-partecipato-alla-cerimonia-di-insediamento-del-neoeletto-presidente-del-gabon-brice-clotaire-oligui-nguema/index.html]
[www.sabourg.com/wp-content/themes/jannah/assets/fonts/tielabs-fonticon/tielabs-fonticon519d.woff]
[www.sabourg.com/it/2024/06/24/comunicato-ufficiale-dellincontro-in-vaticano-di-sua-altezza-reverendissima-giovanni-luca-principe-abate/index.html]
[www.sabourg.com/wp-content/themes/jannah/assets/fonts/tielabs-fonticon/tielabs-fonticon519d.ttf]
[www.sabourg.com/wp-content/themes/jannah/assets/css/helpers.min8c10.css]
[www.sabourg.com/wp-content/themes/jannah/assets/fonts/tielabs-fonticon/tielabs-fonticon519d.svg]
[www.sabourg.com/it/2024/05/05/presentazione-ufficiale-della-fondazione-digitale/index.html]
[www.sabourg.com/it/category/comunicati-ufficiali/index.html]
[www.sabourg.com/wp-content/themes/jannah/assets/fonts/fontawesome/fa-brands-400.eot]
[www.sabourg.com/it/category/carita/index.html]
[www.sabourg.com/wp-content/themes/jannah/assets/fonts/fontawesome/fa-brands-400d41d.eot]
[www.sabourg.com/wp-content/themes/jannah/assets/fonts/fontawesome/fa-brands-400.woff2]
[www.sabourg.com/wp-content/themes/jannah/assets/fonts/fontawesome/fa-brands-400.woff]
[www.sabourg.com/it/category/e-citizen/index.html]
[www.sabourg.com/wp-content/themes/jannah/assets/fonts/fontawesome/fa-brands-400.ttf]
[www.sabourg.com/wp-content/themes/jannah/assets/fonts/fontawesome/fa-brands-400.svg]
[www.sabourg.com/wp-content/themes/jannah/assets/fonts/fontawesome/fa-regular-400.eot]
[www.sabourg.com/wp-content/themes/jannah/assets/fonts/fontawesome/fa-regular-400d41d.eot]
[www.sabourg.com/wp-content/themes/jannah/assets/fonts/fontawesome/fa-regular-400.woff2]
[www.sabourg.com/wp-content/themes/jannah/assets/fonts/fontawesome/fa-regular-400.woff]
[www.sabourg.com/it/category/eventi/index.html]
[www.sabourg.com/wp-content/themes/jannah/assets/fonts/fontawesome/fa-regular-400.ttf]
[www.sabourg.com/wp-content/themes/jannah/assets/fonts/fontawesome/fa-regular-400.svg]
[www.sabourg.com/wp-content/themes/jannah/assets/fonts/fontawesome/fa-solid-900.eot]
[www.sabourg.com/wp-content/themes/jannah/assets/fonts/fontawesome/fa-solid-900d41d.eot]
[www.sabourg.com/it/category/non-classe-it/index.html]
[www.sabourg.com/wp-content/themes/jannah/assets/fonts/fontawesome/fa-solid-900.woff2]
[www.sabourg.com/wp-content/themes/jannah/assets/fonts/fontawesome/fa-solid-900.woff]
[www.sabourg.com/wp-content/themes/jannah/assets/fonts/fontawesome/fa-solid-900.ttf]
[www.sabourg.com/wp-content/themes/jannah/assets/css/fontawesome8c10.css]
[www.sabourg.com/wp-content/themes/jannah/assets/fonts/fontawesome/fa-solid-900.svg]
[www.sabourg.com/en/feed/index.html]
[www.sabourg.com/en/2025/12/19/swearing-in-of-the-prime-minister-and-his-government-for-the-period-2026-2028/index.html]
[www.sabourg.com/en/2025/12/11/prince-abbots-feast-day-2025/index.html]
[www.sabourg.com/wp-content/themes/jannah/assets/ilightbox/dark-skin/ilightbox/closedhand.6d.delayed]
[www.sabourg.com/en/2025/12/05/principality-of-sabourg-official-statement-on-the-correction-of-false-claims-in-social-media/index.html]
[www.sabourg.com/wp-content/themes/jannah/assets/ilightbox/dark-skin/preloader.gif]
[www.sabourg.com/en/2025/11/07/recognition-of-sabourgs-sovereignty-by-cameroon/index.html]
[www.sabourg.com/wp-content/themes/jannah/assets/ilightbox/dark-skin/caption-bg.png]
[www.sabourg.com/wp-content/themes/jannah/assets/ilightbox/dark-skin/alert.png]
[www.sabourg.com/wp-content/themes/jannah/assets/ilightbox/dark-skin/buttons.png]
[www.sabourg.com/en/2025/10/28/feast-of-st-martin-of-tour/index.html]
[www.sabourg.com/wp-content/themes/jannah/assets/ilightbox/dark-skin/fullscreen-icon-64.png]
[www.sabourg.com/wp-content/themes/jannah/assets/ilightbox/dark-skin/fullscreen-icon-ie.png]
[www.sabourg.com/wp-content/themes/jannah/assets/ilightbox/dark-skin/x-mark-icon-64.png]
[www.sabourg.com/wp-content/themes/jannah/assets/ilightbox/dark-skin/x-mark-icon-ie.png]
[www.sabourg.com/en/2025/10/09/souffrance-et-delivrance/index.html]
[www.sabourg.com/wp-content/themes/jannah/assets/ilightbox/dark-skin/arrow-next-icon-64.png]
[www.sabourg.com/wp-content/themes/jannah/assets/ilightbox/dark-skin/arrow-next-icon-ie.png]
[www.sabourg.com/wp-content/themes/jannah/assets/ilightbox/dark-skin/arrow-prev-icon-64.png]
[www.sabourg.com/en/2025/10/09/feast-day-of-st-michael-the-archangel-patron-saint-of-sabourg/index.html]
[www.sabourg.com/wp-content/themes/jannah/assets/ilightbox/dark-skin/arrow-prev-icon-ie.png]
[www.sabourg.com/en/2025/10/09/feast-in-honor-of-saint-mary-magdalene/index.html]
[www.sabourg.com/wp-content/themes/jannah/assets/ilightbox/dark-skin/play-icon-64.png]
[www.sabourg.com/wp-content/themes/jannah/assets/ilightbox/dark-skin/play-icon-ie.png]
[www.sabourg.com/wp-content/themes/jannah/assets/ilightbox/dark-skin/pause-icon-64.png]
[www.sabourg.com/en/2025/10/09/from-china-technology-and-spirituality/index.html]
[www.sabourg.com/wp-content/themes/jannah/assets/ilightbox/dark-skin/pause-icon-ie.png]
[www.sabourg.com/wp-content/themes/jannah/assets/ilightbox/dark-skin/thumb-overlay-play.png]
[www.sabourg.com/wp-content/themes/jannah/assets/ilightbox/dark-skin/arrow-next-vertical-icon-64.png]
[www.sabourg.com/wp-content/themes/jannah/assets/ilightbox/dark-skin/arrow-prev-vertical-icon-64.png]
[www.sabourg.com/wp-content/themes/jannah/assets/ilightbox/dark-skin/skin8c10.css]
[www.sabourg.com/wp-content/themes/jannah/assets/css/plugins/shortcodes.min8c10.css]
[www.sabourg.com/en/2025/10/09/in-gabon-to-give-dignity-and-opportunities-to-young-people/index.html]
[www.sabourg.com/wp-content/themes/jannah/assets/css/plugins/taqyeem.min8c10.css]
[www.sabourg.com/en/category/diplomacy/index.html]
[www.sabourg.com/xmlrpc0db0.html]
[www.sabourg.com/en/author/admin/index.html]
[www.sabourg.com/en/2025/10/09/the-consensus-of-central-african-states-in-sabourg/index.html]
[www.sabourg.com/en/2025/10/09/to-leo-xiv-the-holy-spirit-inspired-the-first-appeal-to-the-peoples/index.html]
[www.sabourg.com/wp-json/oembed/1.0/embed119c.json]
[www.sabourg.com/en/2025/10/09/prince-abbot-giovanni-luca-attends-the-inauguration-ceremony-of-gabons-newly-elected-president-brice-clotaire-oligui-nguema/index.html]
[www.sabourg.com/wp-json/oembed/1.0/embedfead]
[www.sabourg.com/en/2025/10/09/pope-francis-has-left-an-indelible-mark-of-peace-justice-and-mercy/index.html]
[www.sabourg.com/en/2025/10/08/celebration-of-the-fifth-anniversary-of-the-monastic-order/index.html]
[www.sabourg.com/wp-content/themes/jannah/assets/css/single.min8c10.css]
[www.sabourg.com/en/2025/10/08/official-presentation-of-the-digital-foundation-2/index.html]
[www.sabourg.com/wp-content/themes/jannah/assets/css/print8c10.css]
[www.sabourg.com/en/2025/10/08/official-announcement-of-the-meeting-in-the-vatican-of-his-most-reverend-highness-giovanni-luca-prince-abbot/index.html]
[www.sabourg.com/wp-json/wp/v2/posts/1595.json]
[www.sabourg.com/en/2025/10/08/official-presentation-of-the-digital-foundation/index.html]
[www.sabourg.com/wp-content/uploads/2025/12/Primo-Ministro-giuramnto-2025-768x1024-1.jpg]
[www.sabourg.com/wp-content/uploads/2025/12/Primo-Ministro-giuramnto-2025-768x1024.jpg]
[www.sabourg.com/en/2025/10/08/the-principality-of-sabourg-founded-in-1261-is-the-first-monastic-state-in-human-history-governed-by-religious-leaders-elected-by-other-religious-leaders/index.html]
[www.sabourg.com/wp-content/uploads/2025/12/Primo-Ministro-bis-2025-768x1024.jpg]
[www.sabourg.com/wp-content/uploads/2025/12/chancellier-detat-2025-1-768x1024.jpg]
[www.sabourg.com/wp-content/uploads/2025/12/Ministres-Conseillers-2026-2028-768x1024.jpg]
[www.sabourg.com/wp-content/uploads/2025/12/Relique-Saint-Martin-576x1024.jpg]
[www.sabourg.com/wp-content/themes/jannah/assets/js/single.min8c10.js]
[www.sabourg.com/en/2025/10/08/seborga-between-myth-history-and-reality/index.html]
[www.sabourg.com/wp-includes/js/imagesloaded.minbb93.js]
[www.sabourg.com/wp-content/themes/jannah/assets/js/parallax8c10.js]
[www.sabourg.com/2025/12/19/prise-de-serment-du-premier-ministre-et-son-gouvernement-pour-la-periode-2026-2028/index.html]
[www.sabourg.com/en/category/official-releases/index.html]
[www.sabourg.com/wp-json/oembed/1.0/embedd858.json]
[www.sabourg.com/en/category/charity/index.html]
[www.sabourg.com/wp-json/oembed/1.0/embed9ac0]
[www.sabourg.com/en/category/conference/index.html]
[www.sabourg.com/en/category/e-citizenship/index.html]
[www.sabourg.com/wp-json/wp/v2/posts/1558.json]
[www.sabourg.com/en/category/e-residence-en/index.html]
[www.sabourg.com/wp-content/uploads/2025/12/WhatsApp-Image-2025-12-15-at-17.52.47.jpg]
[www.sabourg.com/wp-content/uploads/2025/10/san-martino-1024x576-1-390x220.webp]
[www.sabourg.com/wp-content/uploads/2025/07/d30b4d0b-4922-4c63-9c8b-2f23002ba978-390x220.jpg]
[www.sabourg.com/2025/12/11/fete-du-prince-abbe-2025/index.html]
[www.sabourg.com/en/category/events/index.html]
[www.sabourg.com/wp-json/oembed/1.0/embedcd97.json]
[www.sabourg.com/en/category/non-classe-it-en/index.html]
[www.sabourg.com/wp-json/oembed/1.0/embed8f6a]
[www.sabourg.com/wp-json/wp/v2/posts/1543.json]
[www.sabourg.com/2025/12/05/principaute-de-sabourg-declaration-officielle-sur-la-rectification-des-fausses-affirmations-dans-les-reseaux-sociaux/index.html]
[www.sabourg.com/2024/05/05/presentation-officielle-de-la-fondation-numerique-5-mai-2024/index.html]
[www.sabourg.com/wp-json/oembed/1.0/embedfe16.json]
[www.sabourg.com/wp-json/oembed/1.0/embed8a40]
[www.sabourg.com/wp-json/wp/v2/posts/1530.json]
[www.sabourg.com/wp-content/uploads/2025/11/Immagine-WhatsApp-2025-10-31-ore-21.00.40_f2426a3c.jpg]
[www.sabourg.com/wp-content/uploads/2025/06/Immagine-WhatsApp-2025-06-04-ore-16.47.13_90d2e7c5-390x220.jpg]
[www.sabourg.com/wp-content/uploads/2025/05/Immagine-WhatsApp-2025-05-14-ore-18.21.56_9ff66641-390x220.jpg]
[www.sabourg.com/wp-content/uploads/2025/05/prevost-3-1-390x220.webp]
[www.sabourg.com/wp-content/uploads/2025/05/1000196481-390x220.jpg]
[www.sabourg.com/2025/11/07/reconnaissance-de-la-souverainete-du-sabourg-par-le-cameroun/index.html]
[www.sabourg.com/wp-json/oembed/1.0/embedb3c5.json]
[www.sabourg.com/wp-json/oembed/1.0/embedcb76]
[www.sabourg.com/wp-json/wp/v2/posts/1511.json]
[www.sabourg.com/wp-content/uploads/2025/10/san-martino-1024x576-1.webp]
[www.sabourg.com/2025/10/28/fete-de-saint-martin-de-tour/index.html]
[www.sabourg.com/wp-json/oembed/1.0/embed6e5d.json]
[www.sabourg.com/wp-json/oembed/1.0/embed0702]
[www.sabourg.com/wp-json/wp/v2/posts/1430.json]
[www.sabourg.com/wp-content/uploads/2025/10/Immagine-WhatsApp-2025-10-01-ore-18.52.10_f5b4ef04.jpg]
[www.sabourg.com/2025/10/02/fete-de-saint-michel-archange/index.html]
[www.sabourg.com/wp-json/oembed/1.0/embed3552.json]
[www.sabourg.com/tag/video-fr/index.html]
[www.sabourg.com/wp-json/oembed/1.0/embed4a23]
[www.sabourg.com/wp-json/wp/v2/posts/1423.json]
[www.sabourg.com/wp-content/uploads/2025/10/Immagine-WhatsApp-2025-10-01-ore-15.27.34_a0e006ec.jpg]
[www.sabourg.com/2025/10/01/sofferenza-e-liberazione-en-avant-premiere-a-monaco/index.html]
[www.sabourg.com/wp-json/oembed/1.0/embedf7ca.json]
[www.sabourg.com/wp-json/oembed/1.0/embed817e]
[www.sabourg.com/wp-json/wp/v2/posts/1412.json]
[www.sabourg.com/wp-content/uploads/2025/07/d30b4d0b-4922-4c63-9c8b-2f23002ba978.jpg]
[www.sabourg.com/wp-content/uploads/2025/07/63ba05a9-5e1d-44fd-921e-33ea505d305c-768x1024.jpg]
[www.sabourg.com/2025/07/26/fete-en-lhonneur-de-sainte-marie-de-magdala/index.html]
[www.sabourg.com/wp-json/oembed/1.0/embed358c.json]
[www.sabourg.com/wp-json/oembed/1.0/embed4627]
[www.sabourg.com/wp-json/wp/v2/posts/1379.json]
[www.sabourg.com/wp-content/uploads/2025/06/Immagine-WhatsApp-2025-06-04-ore-16.47.13_90d2e7c5.jpg]
[www.sabourg.com/wp-content/uploads/2025/06/Immagine-WhatsApp-2025-06-06-ore-18.55.51_22d3f458-1.jpg]
[www.sabourg.com/wp-content/uploads/2025/06/Immagine-WhatsApp-2025-06-04-ore-16.48.20_039ab896-1-724x1024.jpg]
[www.sabourg.com/wp-content/uploads/2025/06/Immagine-WhatsApp-2025-06-06-ore-18.55.51_22d3f458-1-1024x768.jpg]
[www.sabourg.com/wp-content/uploads/2025/06/Immagine-WhatsApp-2025-06-04-ore-16.47.13_56f058de-1.jpg]
[www.sabourg.com/wp-content/uploads/2025/06/Immagine-WhatsApp-2025-06-04-ore-16.47.13_56f058de-1-1024x768.jpg]
[www.sabourg.com/wp-content/uploads/2025/06/Immagine-WhatsApp-2025-06-04-ore-16.47.13_48a42d00-1.jpg]
[www.sabourg.com/wp-content/uploads/2025/06/Immagine-WhatsApp-2025-06-04-ore-16.47.13_48a42d00-1-682x1024.jpg]
[www.sabourg.com/wp-content/uploads/2025/06/Immagine-WhatsApp-2025-06-04-ore-16.47.13_90d2e7c5-1-1024x576.jpg]
[www.sabourg.com/wp-content/uploads/2025/06/Immagine-WhatsApp-2025-06-04-ore-16.47.13_93ad44db-1.jpg]
[www.sabourg.com/wp-content/uploads/2025/06/Immagine-WhatsApp-2025-06-04-ore-16.47.13_93ad44db-1-1024x576.jpg]
[www.sabourg.com/wp-content/uploads/2025/06/Immagine-WhatsApp-2025-06-04-ore-17.07.22_60546f6e-1.jpg]
[www.sabourg.com/wp-content/uploads/2025/06/Immagine-WhatsApp-2025-06-04-ore-17.07.22_60546f6e-1-1024x768.jpg]
[www.sabourg.com/2025/06/06/de-la-chine-technologie-et-spiritualite/index.html]
[www.sabourg.com/wp-json/oembed/1.0/embed7b68.json]
[www.sabourg.com/wp-json/oembed/1.0/embed001f]
[www.sabourg.com/wp-json/wp/v2/posts/1365.json]
[www.sabourg.com/wp-content/uploads/2025/05/Immagine-WhatsApp-2025-05-07-ore-14.21.02_af685c2b.jpg]
[www.sabourg.com/wp-content/uploads/2025/05/Immagine-WhatsApp-2025-05-07-ore-14.21.02_bc3b7f09-1.jpg]
[www.sabourg.com/wp-content/uploads/2025/05/Immagine-WhatsApp-2025-05-07-ore-14.21.02_af685c2b-1-1024x683.jpg]
[www.sabourg.com/2025/05/22/au-gabon-pour-donner-dignite-et-avenir-aux-jeunes/index.html]
[www.sabourg.com/wp-json/wp/v2/categories/55.json]
[www.sabourg.com/wp-content/uploads/2025/04/pope-francis-707390_1920-390x220.jpg]
[www.sabourg.com/category/diplomatie/feed/index.html]
[www.sabourg.com/author/admin/index.html]
[www.sabourg.com/wp-content/uploads/2025/03/473533162_940501848171708_8010719105155063463_n-1-390x220.jpg]
[www.sabourg.com/wp-content/uploads/2025/01/Immagine-WhatsApp-2025-01-22-ore-22.50.05_f35b0a4b-390x220.jpg]
[www.sabourg.com/wp-content/uploads/2025/03/guinea-5-390x220.png]
[www.sabourg.com/category/diplomatie/index.html]
[www.sabourg.com/2025/01/15/le-prince-abbe-de-sabourg-invite-dhonneur-a-linvestiture-officielle-du-president-de-la-republique-du-mozambique/index.html]
[www.sabourg.com/2025/01/22/le-prince-abbe-de-sabourg-recu-officiellement-par-le-premier-ministre-de-guinee-conakry/index.html]
[www.sabourg.com/wp-json/oembed/1.0/embed4123.json]
[www.sabourg.com/2024/12/13/le-prince-abbe-de-sabourg-recu-en-tant-que-chef-detat-en-afrique/index.html]
[www.sabourg.com/wp-json/oembed/1.0/embed1cc1]
[www.sabourg.com/wp-json/wp/v2/posts/1352.json]
[www.sabourg.com/wp-content/uploads/2025/05/Immagine-WhatsApp-2025-05-14-ore-18.21.56_9ff66641.jpg]
[www.sabourg.com/wp-content/uploads/2025/05/Immagine-WhatsApp-2025-05-14-ore-18.17.53_3684e64a-1-1024x768.jpg]
[www.sabourg.com/wp-content/uploads/2025/05/Immagine-WhatsApp-2025-05-14-ore-18.18.31_64fa76cb-1-1024x768.jpg]
[www.sabourg.com/wp-content/uploads/2025/05/Immagine-WhatsApp-2025-05-14-ore-18.21.56_9ff66641-1-1024x768.jpg]
[www.sabourg.com/wp-content/uploads/2025/05/Immagine-WhatsApp-2025-05-14-ore-18.22.33_fbfcef9c-1-1024x768.jpg]
[www.sabourg.com/wp-content/uploads/2025/05/Immagine-WhatsApp-2025-05-14-ore-18.34.39_41ae99b4-1-1024x768.jpg]
[www.sabourg.com/2025/05/21/consentement-des-etats-dafrique-centrale-a-sabourg/index.html]
[www.sabourg.com/wp-json/oembed/1.0/embeded4e.json]
[www.sabourg.com/wp-json/oembed/1.0/embed73a9]
[www.sabourg.com/wp-json/wp/v2/posts/1338.json]
[www.sabourg.com/2025/05/20/a-leon-xiv-le-saint-esprit-inspira-le-premier-appel-au-peuple/index.html]
[www.sabourg.com/wp-content/uploads/2025/05/prevost-3-1.webp]
[www.sabourg.com/wp-json/oembed/1.0/embed541c.json]
[www.sabourg.com/wp-json/oembed/1.0/embed37d3]
[www.sabourg.com/wp-json/wp/v2/posts/1320.json]
[www.sabourg.com/wp-content/uploads/2025/05/1000196481.jpg]
[www.sabourg.com/wp-content/uploads/2025/05/1000196479-1024x768.jpg]
[www.sabourg.com/2025/05/06/le-prince-abbe-giovanni-luca-present-a-la-ceremonie-dinvestiture-du-nouveau-president-elu-du-gabon-brice-clotaire-oligui-nguema/index.html]
[www.sabourg.com/wp-json/oembed/1.0/embedd219.json]
[www.sabourg.com/wp-json/oembed/1.0/embedace3]
[www.sabourg.com/wp-json/wp/v2/posts/1309.json]
[www.sabourg.com/wp-content/uploads/2025/04/pope-francis-707390_1920.jpg]
[www.sabourg.com/wp-content/uploads/2025/04/pope-5678517_1280-731x1024.jpg]
[www.sabourg.com/2025/04/22/papa-francis-a-laisse-un-signe-indelible-de-paix-de-justice-et-de-misericordie/index.html]
[www.sabourg.com/wp-json/oembed/1.0/embeddbbe.json]
[www.sabourg.com/wp-json/oembed/1.0/embede99e]
[www.sabourg.com/wp-json/wp/v2/posts/1190.json]
[www.sabourg.com/2024/05/05/presentation-officielle-de-la-fondation-numerique-et-emission-de-144-000-unites-numeriques/index.html]
[www.sabourg.com/wp-json/oembed/1.0/embedb5df.json]
[www.sabourg.com/wp-json/oembed/1.0/embedae4e]
[www.sabourg.com/wp-json/wp/v2/posts/1133.json]
[www.sabourg.com/wp-content/uploads/2024/06/Immagine-WhatsApp-2024-06-27-ore-20.09.18_9fef06c6-1-780x470.jpg]
[www.sabourg.com/2024/06/24/rencontre-au-vatican-de-son-altesse-reverendissime-le-prince-abbe-giovanni-luca/index.html]
[www.sabourg.com/wp-json/oembed/1.0/embedf8ca.json]
[www.sabourg.com/it/2023/11/19/conferenza-storica-dal-tema-san-martino-di-tours-e-la-carita/index.html]
[www.sabourg.com/en/2025/10/08/historical-conference-on-the-theme-of-saint-martin-of-tours-and-charity/index.html]
[www.sabourg.com/wp-json/oembed/1.0/embed1ded]
[www.sabourg.com/wp-json/wp/v2/posts/1150.json]
[www.sabourg.com/2023/11/19/conference-historique-sur-st-martin-de-tours-et-la-charite/index.html]
[www.sabourg.com/wp-json/oembed/1.0/embeddf0e.json]
[www.sabourg.com/it/2023/09/29/conferenza-il-grange-della-principaute-du-sabourg/index.html]
[www.sabourg.com/wp-json/oembed/1.0/embed4908]
[www.sabourg.com/en/2025/10/08/conference-the-grange-of-the-principality-of-sabourg/index.html]
[www.sabourg.com/wp-json/wp/v2/posts/1153.json]
[www.sabourg.com/2023/10/02/conference-il-grange/index.html]
[www.sabourg.com/wp-json/oembed/1.0/embed6a9d.json]
[www.sabourg.com/it/2023/05/31/principato-del-sabourg-dal-1261-e-il-primo-stato-monastico-della-storia-dellumanita-governato-da-religiosi-eletti-da-altri-religiosi/index.html]
[www.sabourg.com/wp-json/oembed/1.0/embed29ec]
[www.sabourg.com/wp-json/wp/v2/posts/1156.json]
[www.sabourg.com/2023/05/31/la-principaute-du-sabourg-est-depuis-1261-le-premier-etat-monastique-de-lhistoire-de-lhumanite-gouverne-par-des-religieux-elus-par-dautres-religieux/index.html]
[www.sabourg.com/wp-json/oembed/1.0/embed558b.json]
[www.sabourg.com/it/2022/10/02/seborga-tra-mito-storia-e-realta/index.html]
[www.sabourg.com/wp-json/oembed/1.0/embed22ce]
[www.sabourg.com/wp-json/wp/v2/posts/1161.json]
[www.sabourg.com/wp-content/uploads/2025/03/video-8.png]
[www.sabourg.com/2022/09/02/seborga-entre-mythe-histoire-et-realite/index.html]
[www.sabourg.com/wp-json/wp/v2/categories/115.json]
[www.sabourg.com/category/charite/feed/index.html]
[www.sabourg.com/wp-content/uploads/2025/05/Immagine-WhatsApp-2025-05-07-ore-14.21.02_af685c2b-390x220.jpg]
[www.sabourg.com/category/charite/index.html]
[www.sabourg.com/wp-json/wp/v2/categories/59.json]
[www.sabourg.com/category/communiques-officiels/feed/index.html]
[www.sabourg.com/wp-content/uploads/2023/12/video2-390x220.png]
[www.sabourg.com/wp-content/uploads/2025/03/video-3-390x220.png]
[www.sabourg.com/wp-content/uploads/2025/03/video4-390x220.png]
[www.sabourg.com/category/communiques-officiels/index.html]
[www.sabourg.com/2023/12/13/intronisations-officielles-de-la-fete-nationale-2023/index.html]
[www.sabourg.com/wp-json/wp/v2/categories/75.json]
[www.sabourg.com/category/conferences-officielles/index.html]
[www.sabourg.com/category/conferences-officielles/feed/index.html]
[www.sabourg.com/2023/09/29/conseil-des-dicasteres-2023/index.html]
[www.sabourg.com/2023/06/23/presentation-par-le-premier-ministre/index.html]
[www.sabourg.com/category/e-citizen-fr/feed/index.html]
[www.sabourg.com/wp-json/wp/v2/categories/83.json]
[www.sabourg.com/category/e-citizen-fr/index.html]
[www.sabourg.com/wp-json/wp/v2/categories/63.json]
[www.sabourg.com/category/evenements/feed/index.html]
[www.sabourg.com/wp-content/uploads/2025/07/d30b4d0b-4922-4c63-9c8b-2f23002ba978-780x470.jpg]
[www.sabourg.com/wp-content/uploads/2025/03/PHOTO-2024-09-30-07-40-58-1-2-700x470.jpg]
[www.sabourg.com/wp-content/uploads/2025/03/video-9-780x442.png]
[www.sabourg.com/2024/09/24/celebration-du-cinquieme-anniversaire-de-lordre-monastique/index.html]
[www.sabourg.com/wp-content/uploads/2025/03/smm-1-454x470.jpg]
[www.sabourg.com/wp-content/uploads/2025/03/video-10-780x448.png]
[www.sabourg.com/wp-content/uploads/2025/03/video-11-780x443.png]
[www.sabourg.com/wp-includes/js/masonry.min3a05.js]
[www.sabourg.com/2024/07/26/26-juillet-2024-fete-de-sainte-marie-de-magdala-co-patronne-de-la-principaute-de-sabourg/index.html]
[www.sabourg.com/wp-includes/js/jquery/jquery.masonry.minef70.js]
[www.sabourg.com/category/evenements/index.html]
[www.sabourg.com/2024/05/18/premier-festival-de-musique-de-film-pour-les-jeunes-au-festival-de-cannes/index.html]
[www.sabourg.com/wp-json/wp/v2/categories/1.json]
[www.sabourg.com/category/news/index.html]
[www.sabourg.com/2024/07/22/fete-de-la-co-patronne-de-sabourg-sainte-marie-de-magdala/index.html]
[www.sabourg.com/2024/05/05/concert-de-la-sainte-paques-orthodoxe-seborga/index.html]
[www.sabourg.com/category/news/feed/index.html]
[www.sabourg.com/category/evenements/page/2/index.html]
[connect.facebook.net/fr_FR/sdk.js]
[www.sabourg.com/2025/03/27/declaration-conformement-a-lart-13-et-suivants-du-reglement-ue-n-679-2016/index.html]
[www.sabourg.com/wp-json/oembed/1.0/embed476f.json]
[www.sabourg.com/wp-json/oembed/1.0/embed0a00]
[www.sabourg.com/wp-json/wp/v2/posts/1608.json]
[www.sabourg.com/wp-content/uploads/2025/12/Primo-Ministro-giuramnto-2025.jpg]
[www.sabourg.com/it/2025/12/19/giuramento-solenne-del-primo-ministro-e-del-governo-per-il-triennio-2026-2028/index.html]
[www.sabourg.com/wp-json/oembed/1.0/embed2a67.json]
[www.sabourg.com/wp-json/oembed/1.0/embed13e9]
[www.sabourg.com/wp-json/wp/v2/posts/1563.json]
[www.sabourg.com/wp-content/uploads/2025/12/WhatsApp-Image-2025-12-15-at-17.52.47-1.jpg]
[www.sabourg.com/wp-content/uploads/2025/10/san-martino-1024x576-3-390x220.webp]
[www.sabourg.com/wp-content/uploads/2025/07/d30b4d0b-4922-4c63-9c8b-2f23002ba978-1-390x220.jpg]
[www.sabourg.com/wp-content/uploads/2025/03/PHOTO-2024-09-30-07-40-58-1-2-390x220.jpg]
[www.sabourg.com/it/2025/12/11/1563/index.html]
[www.sabourg.com/wp-json/oembed/1.0/embedc99d.json]
[www.sabourg.com/wp-json/oembed/1.0/embed6f08]
[www.sabourg.com/wp-json/wp/v2/posts/1538.json]
[www.sabourg.com/it/2025/12/05/dichiarazione-ufficiale-sulla-rettifica-delle-false-affermazioni-rilasciate-dai-social-media/index.html]
[www.sabourg.com/wp-json/oembed/1.0/embed7ade.json]
[www.sabourg.com/wp-json/oembed/1.0/embedb8c3]
[www.sabourg.com/wp-json/wp/v2/posts/1533.json]
[www.sabourg.com/wp-content/uploads/2025/05/prevost-3-2-390x220.webp]
[www.sabourg.com/wp-content/uploads/2025/05/1000196481-1-390x220.jpg]
[www.sabourg.com/it/2025/11/07/riconoscimento-della-sovranita-del-sabourg-da-parte-del-camerun/index.html]
[www.sabourg.com/wp-json/oembed/1.0/embed4d17.json]
[www.sabourg.com/wp-json/oembed/1.0/embedf5eb]
[www.sabourg.com/wp-json/wp/v2/posts/1517.json]
[www.sabourg.com/wp-content/uploads/2025/10/san-martino-1024x576-3.webp]
[www.sabourg.com/it/2025/10/28/festa-di-san-martino/index.html]
[www.sabourg.com/wp-json/oembed/1.0/embed0a5f.json]
[www.sabourg.com/wp-json/oembed/1.0/embedc85f]
[www.sabourg.com/wp-json/wp/v2/posts/1420.json]
[www.sabourg.com/it/2025/10/01/sofferenza-e-liberazione-in-anteprima-a-monaco/index.html]
[www.sabourg.com/wp-json/oembed/1.0/embed2338.json]
[www.sabourg.com/wp-json/oembed/1.0/embedabb9]
[www.sabourg.com/wp-json/wp/v2/posts/1426.json]
[www.sabourg.com/wp-content/uploads/2025/10/Immagine-WhatsApp-2025-10-01-ore-18.58.13_7593e2da-768x1024.jpg]
[www.sabourg.com/it/2025/09/29/festa-di-san-michele-arcangelo/index.html]
[www.sabourg.com/wp-json/oembed/1.0/embedfb63.json]
[www.sabourg.com/wp-json/oembed/1.0/embedc5fa]
[www.sabourg.com/wp-json/wp/v2/posts/1409.json]
[www.sabourg.com/wp-content/uploads/2025/07/d30b4d0b-4922-4c63-9c8b-2f23002ba978-1.jpg]
[www.sabourg.com/wp-content/uploads/2025/09/63ba05a9-5e1d-44fd-921e-33ea505d305c-768x1024.jpg]
[www.sabourg.com/it/2025/07/26/festa-in-onore-di-santa-maria-di-magdala/index.html]
[www.sabourg.com/wp-json/oembed/1.0/embed5aa3.json]
[www.sabourg.com/wp-json/oembed/1.0/embed2943]
[www.sabourg.com/wp-json/wp/v2/posts/1370.json]
[www.sabourg.com/wp-content/uploads/2025/06/Immagine-WhatsApp-2025-06-04-ore-16.48.20_039ab896.jpg]
[www.sabourg.com/wp-content/uploads/2025/06/Immagine-WhatsApp-2025-06-04-ore-16.48.20_039ab896-724x1024.jpg]
[www.sabourg.com/wp-content/uploads/2025/06/Immagine-WhatsApp-2025-06-06-ore-18.55.51_22d3f458.jpg]
[www.sabourg.com/wp-content/uploads/2025/06/Immagine-WhatsApp-2025-06-06-ore-18.55.51_22d3f458-1024x768.jpg]
[www.sabourg.com/wp-content/uploads/2025/06/Immagine-WhatsApp-2025-06-04-ore-16.47.13_56f058de.jpg]
[www.sabourg.com/wp-content/uploads/2025/06/Immagine-WhatsApp-2025-06-04-ore-16.47.13_56f058de-1024x768.jpg]
[www.sabourg.com/wp-content/uploads/2025/06/Immagine-WhatsApp-2025-06-04-ore-16.47.13_48a42d00.jpg]
[www.sabourg.com/wp-content/uploads/2025/06/Immagine-WhatsApp-2025-06-04-ore-16.47.13_48a42d00-682x1024.jpg]
[www.sabourg.com/wp-content/uploads/2025/06/Immagine-WhatsApp-2025-06-04-ore-16.47.13_90d2e7c5-1024x576.jpg]
[www.sabourg.com/wp-content/uploads/2025/06/Immagine-WhatsApp-2025-06-04-ore-16.47.13_93ad44db-1024x576.jpg]
[www.sabourg.com/wp-content/uploads/2025/06/Immagine-WhatsApp-2025-06-04-ore-17.07.22_60546f6e.jpg]
[www.sabourg.com/wp-content/uploads/2025/06/Immagine-WhatsApp-2025-06-04-ore-17.07.22_60546f6e-1024x768.jpg]
[www.sabourg.com/it/2025/06/06/dalla-cina-tecnologia-e-spiritualita/index.html]
[www.sabourg.com/wp-json/oembed/1.0/embed70d4.json]
[www.sabourg.com/wp-json/oembed/1.0/embedf23f]
[www.sabourg.com/wp-json/wp/v2/posts/1359.json]
[www.sabourg.com/wp-content/uploads/2025/05/Immagine-WhatsApp-2025-05-07-ore-14.21.02_bc3b7f09.jpg]
[www.sabourg.com/it/2025/05/22/nel-gabon-per-dare-dignita-e-opportunita-ai-giovani/index.html]
[www.sabourg.com/wp-json/wp/v2/categories/73.json]
[www.sabourg.com/it/category/diplomazia/index.html]
[www.sabourg.com/it/category/diplomazia/feed/index.html]
[www.sabourg.com/it/2025/03/06/il-principe-abate-del-sabourg-ospite-donore-allinvestitura-ufficiale-del-presidente-della-repubblica-del-mozambico/index.html]
[www.sabourg.com/wp-json/wp/v2/users/1.json]
[www.sabourg.com/it/author/admin/index.html]
[www.sabourg.com/it/2025/01/23/comunicato-stampa-del-23-gennaio-2025-il-principe-abate-del-sabourg-ricevuto-ufficialmente-dal-primo-ministro-della-guinea-conakry/index.html]
[www.sabourg.com/it/author/admin/feed/index.html]
[www.sabourg.com/it/2024/12/13/il-principe-abate-del-sabourg-e-stato-ricevuto-capo-di-stato-in-africa/index.html]
[www.sabourg.com/wp-json/oembed/1.0/embed5320.json]
[www.sabourg.com/it/author/admin/page/2/index.html]
[www.sabourg.com/wp-json/oembed/1.0/embed3dae]
[www.sabourg.com/wp-json/wp/v2/posts/1343.json]
[www.sabourg.com/wp-content/uploads/2025/05/Immagine-WhatsApp-2025-05-14-ore-18.17.53_3684e64a-1024x768.jpg]
[www.sabourg.com/wp-content/uploads/2025/05/Immagine-WhatsApp-2025-05-14-ore-18.18.31_64fa76cb-1024x768.jpg]
[www.sabourg.com/wp-content/uploads/2025/05/Immagine-WhatsApp-2025-05-14-ore-18.21.56_9ff66641-1024x768.jpg]
[www.sabourg.com/wp-content/uploads/2025/05/Immagine-WhatsApp-2025-05-14-ore-18.22.33_fbfcef9c-1024x768.jpg]
[www.sabourg.com/wp-content/uploads/2025/05/Immagine-WhatsApp-2025-05-14-ore-18.34.39_41ae99b4-1024x768.jpg]
[www.sabourg.com/it/2025/05/21/il-consenso-degli-stati-centro-africani-al-sabourg/index.html]
[www.sabourg.com/wp-json/oembed/1.0/embedaec7.json]
[www.sabourg.com/wp-json/oembed/1.0/embed1afc]
[www.sabourg.com/wp-json/wp/v2/posts/1333.json]
[www.sabourg.com/wp-content/uploads/2025/05/prevost-3-2.webp]
[www.sabourg.com/wp-content/uploads/2025/05/Foto-Ufficiale-Papa-Leone-XIV_Copyright-VATICAN-MEDIA-724x1024.jpg]
[www.sabourg.com/it/2025/05/20/a-leone-xiv-il-santo-spirito-ha-ispirtato-il-primo-appello-ai-popoli/index.html]
[www.sabourg.com/wp-json/oembed/1.0/embed4771.json]
[www.sabourg.com/wp-json/oembed/1.0/embed375c]
[www.sabourg.com/wp-json/wp/v2/posts/1326.json]
[www.sabourg.com/wp-content/uploads/2025/05/1000196481-1.jpg]
[www.sabourg.com/wp-content/uploads/2025/05/1000196479-1-1024x768.jpg]
[www.sabourg.com/it/2025/05/06/il-principe-abbate-giovanni-luca-ha-partecipato-alla-cerimonia-di-insediamento-del-neoeletto-presidente-del-gabon-brice-clotaire-oligui-nguema/index.html]
[www.sabourg.com/wp-json/oembed/1.0/embed61b3.json]
[www.sabourg.com/wp-json/oembed/1.0/embedb52a]
[www.sabourg.com/wp-json/wp/v2/posts/1314.json]
[www.sabourg.com/wp-content/uploads/2025/04/pope-5678517_1280-1-731x1024.jpg]
[www.sabourg.com/it/2025/04/22/papa-francesco-ha-lasciato-un-segno-indelebile-di-pace-giustizia-e-misericordia/index.html]
[www.sabourg.com/wp-json/oembed/1.0/embede505.json]
[www.sabourg.com/wp-json/oembed/1.0/embeddec3]
[www.sabourg.com/wp-json/wp/v2/posts/1256.json]
[www.sabourg.com/it/2024/09/29/celebrazione-del-quinto-anniversario-dellordine-monastico/index.html]
[www.sabourg.com/wp-json/oembed/1.0/embedc418.json]
[www.sabourg.com/wp-json/oembed/1.0/embed46f9]
[www.sabourg.com/wp-json/wp/v2/posts/1289.json]
[www.sabourg.com/it/2024/05/05/presentazione-ufficiale-della-fondazione-digitale-2/index.html]
[www.sabourg.com/wp-json/oembed/1.0/embedb1f3.json]
[www.sabourg.com/wp-json/oembed/1.0/embedf00a]
[www.sabourg.com/wp-json/wp/v2/posts/1241.json]
[www.sabourg.com/it/2024/06/24/comunicato-ufficiale-dellincontro-in-vaticano-di-sua-altezza-reverendissima-giovanni-luca-principe-abate/index.html]
[www.sabourg.com/wp-json/oembed/1.0/embed2528.json]
[www.sabourg.com/wp-json/oembed/1.0/embedaf42]
[www.sabourg.com/wp-json/wp/v2/posts/1285.json]
[www.sabourg.com/it/2024/05/05/presentazione-ufficiale-della-fondazione-digitale/index.html]
[www.sabourg.com/wp-json/wp/v2/categories/65.json]
[www.sabourg.com/it/category/comunicati-ufficiali/index.html]
[www.sabourg.com/it/category/comunicati-ufficiali/feed/index.html]
[www.sabourg.com/it/2023/09/29/presentazione-consiglio-dei-dicasteri-2023-2025/index.html]
[www.sabourg.com/it/2023/12/13/investiture-ufficiali-della-festa-nazionale-2023/index.html]
[www.sabourg.com/it/2023/06/23/presentazione-del-primo-ministro/index.html]
[www.sabourg.com/wp-json/wp/v2/categories/113.json]
[www.sabourg.com/it/category/carita/index.html]
[www.sabourg.com/it/category/carita/feed/index.html]
[www.sabourg.com/wp-json/wp/v2/categories/81.json]
[www.sabourg.com/it/category/e-citizen/index.html]
[www.sabourg.com/it/category/e-citizen/feed/index.html]
[www.sabourg.com/wp-json/wp/v2/categories/71.json]
[www.sabourg.com/it/category/eventi/feed/index.html]
[www.sabourg.com/wp-content/uploads/2025/03/video-9-390x220.png]
[www.sabourg.com/wp-content/uploads/2025/03/video-11-390x220.png]
[www.sabourg.com/wp-content/uploads/2025/03/video-12-390x220.png]
[www.sabourg.com/it/2024/07/26/festa-di-santa-maria-di-magdala-copatrona-del-principato-del-sabourg/index.html]
[www.sabourg.com/wp-content/uploads/2025/03/video-13-390x220.png]
[www.sabourg.com/it/2024/05/05/concerto-per-la-santa-pasqua-ortodossa/index.html]
[www.sabourg.com/wp-content/uploads/2023/11/video-16-390x220.png]
[www.sabourg.com/it/category/eventi/index.html]
[www.sabourg.com/it/2023/12/13/celebrazione-ufficiale-della-festa-del-principe-abate-arcivescovo-di-sabourg/index.html]
[www.sabourg.com/wp-json/wp/v2/categories/29.json]
[www.sabourg.com/it/category/non-classe-it/index.html]
[www.sabourg.com/it/2023/09/29/festa-dellordine-monastico-iv-anniversario/index.html]
[www.sabourg.com/it/2023/09/19/cerimonia-di-investitura-dei-cavalieri-dellordine-equestre-di-san-martino-il-caritatevole/index.html]
[www.sabourg.com/wp-json/oembed/1.0/embed05ae.json]
[www.sabourg.com/it/category/non-classe-it/feed/index.html]
[www.sabourg.com/it/category/eventi/page/2/index.html]
[www.sabourg.com/it/2025/03/27/informativa-privacy/index.html]
[www.sabourg.com/wp-json/oembed/1.0/embed0fb7]
[www.sabourg.com/en/2025/12/19/swearing-in-of-the-prime-minister-and-his-government-for-the-period-2026-2028/index.html]
[www.sabourg.com/wp-json/wp/v2/posts/1614.json]
[www.sabourg.com/wp-json/oembed/1.0/embed80ec.json]
[www.sabourg.com/wp-json/oembed/1.0/embedd3c5]
[www.sabourg.com/wp-json/wp/v2/posts/1566.json]
[www.sabourg.com/wp-content/uploads/2025/12/WhatsApp-Image-2025-12-15-at-17.52.47-2.jpg]
[www.sabourg.com/wp-content/uploads/2025/10/san-martino-1024x576-2-390x220.webp]
[www.sabourg.com/en/2025/12/11/prince-abbots-feast-day-2025/index.html]
[www.sabourg.com/wp-json/oembed/1.0/embed3941.json]
[www.sabourg.com/wp-json/oembed/1.0/embedaa43]
[www.sabourg.com/wp-json/wp/v2/posts/1545.json]
[www.sabourg.com/en/2025/12/05/principality-of-sabourg-official-statement-on-the-correction-of-false-claims-in-social-media/index.html]
[www.sabourg.com/wp-json/oembed/1.0/embedee85.json]
[www.sabourg.com/wp-json/oembed/1.0/embed4220]
[www.sabourg.com/wp-json/wp/v2/posts/1535.json]
[www.sabourg.com/en/2025/11/07/recognition-of-sabourgs-sovereignty-by-cameroon/index.html]
[www.sabourg.com/wp-json/oembed/1.0/embede2fa.json]
[www.sabourg.com/wp-json/oembed/1.0/embed2aa6]
[www.sabourg.com/wp-json/wp/v2/posts/1514.json]
[www.sabourg.com/wp-content/uploads/2025/10/san-martino-1024x576-2.webp]
[www.sabourg.com/en/2025/10/28/feast-of-st-martin-of-tour/index.html]
[www.sabourg.com/wp-json/oembed/1.0/embed602e.json]
[www.sabourg.com/wp-json/oembed/1.0/embed1833]
[www.sabourg.com/wp-json/wp/v2/posts/1506.json]
[www.sabourg.com/en/2025/10/09/souffrance-et-delivrance/index.html]
[www.sabourg.com/wp-json/oembed/1.0/embed8c8b.json]
[www.sabourg.com/wp-json/oembed/1.0/embedeb67]
[www.sabourg.com/wp-json/wp/v2/posts/1504.json]
[www.sabourg.com/en/2025/10/09/feast-day-of-st-michael-the-archangel-patron-saint-of-sabourg/index.html]
[www.sabourg.com/wp-json/oembed/1.0/embeda1ee.json]
[www.sabourg.com/wp-json/oembed/1.0/embed16ef]
[www.sabourg.com/wp-json/wp/v2/posts/1502.json]
[www.sabourg.com/en/2025/10/09/feast-in-honor-of-saint-mary-magdalene/index.html]
[www.sabourg.com/wp-json/oembed/1.0/embedc622.json]
[www.sabourg.com/wp-json/oembed/1.0/embed2df8]
[www.sabourg.com/en/2025/10/09/from-china-technology-and-spirituality/index.html]
[www.sabourg.com/wp-json/wp/v2/posts/1500.json]
[www.sabourg.com/wp-json/oembed/1.0/embed04a5.json]
[www.sabourg.com/wp-json/oembed/1.0/embed8a84]
[www.sabourg.com/wp-json/wp/v2/posts/1498.json]
[www.sabourg.com/en/2025/10/09/in-gabon-to-give-dignity-and-opportunities-to-young-people/index.html]
[www.sabourg.com/wp-json/wp/v2/categories/133.json]
[www.sabourg.com/en/category/diplomacy/index.html]
[www.sabourg.com/en/author/admin/index.html]
[www.sabourg.com/en/category/diplomacy/feed/index.html]
[www.sabourg.com/en/2025/10/09/prince-abbe-de-sabourg-officially-received-by-the-prime-minister-of-guinea-conakry/index.html]
[www.sabourg.com/en/2025/10/09/prince-abbot-of-sabourg-guest-of-honor-at-the-official-inauguration-of-the-president-of-the-republic-of-mozambique/index.html]
[www.sabourg.com/en/author/admin/feed/index.html]
[www.sabourg.com/en/2025/10/09/the-prince-abbot-of-sabourg-was-received-as-head-of-state-in-africa/index.html]
[www.sabourg.com/wp-json/oembed/1.0/embeda1ea.json]
[www.sabourg.com/wp-json/oembed/1.0/embed100a]
[www.sabourg.com/en/author/admin/page/2/index.html]
[www.sabourg.com/en/2025/10/09/the-consensus-of-central-african-states-in-sabourg/index.html]
[www.sabourg.com/wp-json/wp/v2/posts/1496.json]
[www.sabourg.com/wp-json/oembed/1.0/embed952c.json]
[www.sabourg.com/wp-json/oembed/1.0/embed91e2]
[www.sabourg.com/wp-json/wp/v2/posts/1492.json]
[www.sabourg.com/en/2025/10/09/to-leo-xiv-the-holy-spirit-inspired-the-first-appeal-to-the-peoples/index.html]
[www.sabourg.com/wp-json/oembed/1.0/embed09a3.json]
[www.sabourg.com/wp-json/oembed/1.0/embed410d]
[www.sabourg.com/wp-json/wp/v2/posts/1490.json]
[www.sabourg.com/en/2025/10/09/prince-abbot-giovanni-luca-attends-the-inauguration-ceremony-of-gabons-newly-elected-president-brice-clotaire-oligui-nguema/index.html]
[www.sabourg.com/wp-json/oembed/1.0/embed7aa5.json]
[www.sabourg.com/wp-json/oembed/1.0/embed105f]
[www.sabourg.com/wp-json/wp/v2/posts/1487.json]
[www.sabourg.com/en/2025/10/09/pope-francis-has-left-an-indelible-mark-of-peace-justice-and-mercy/index.html]
[www.sabourg.com/wp-json/oembed/1.0/embed54d1.json]
[www.sabourg.com/wp-json/oembed/1.0/embed9652]
[www.sabourg.com/wp-json/wp/v2/posts/1479.json]
[www.sabourg.com/en/2025/10/08/celebration-of-the-fifth-anniversary-of-the-monastic-order/index.html]
[www.sabourg.com/wp-json/oembed/1.0/embed6dd2.json]
[www.sabourg.com/wp-json/oembed/1.0/embed6874]
[www.sabourg.com/wp-json/wp/v2/posts/1471.json]
[www.sabourg.com/en/2025/10/08/official-presentation-of-the-digital-foundation-2/index.html]
[www.sabourg.com/wp-json/oembed/1.0/embed5178.json]
[www.sabourg.com/wp-json/oembed/1.0/embed0b4d]
[www.sabourg.com/wp-json/wp/v2/posts/1475.json]
[www.sabourg.com/en/2025/10/08/official-announcement-of-the-meeting-in-the-vatican-of-his-most-reverend-highness-giovanni-luca-prince-abbot/index.html]
[www.sabourg.com/wp-json/oembed/1.0/embede84e.json]
[www.sabourg.com/wp-json/oembed/1.0/embed1ac1]
[www.sabourg.com/wp-json/wp/v2/posts/1469.json]
[www.sabourg.com/en/2025/10/08/official-presentation-of-the-digital-foundation/index.html]
[www.sabourg.com/wp-json/oembed/1.0/embed3a3e.json]
[www.sabourg.com/wp-json/oembed/1.0/embed666b]
[www.sabourg.com/wp-json/wp/v2/posts/1440.json]
[www.sabourg.com/en/2025/10/08/the-principality-of-sabourg-founded-in-1261-is-the-first-monastic-state-in-human-history-governed-by-religious-leaders-elected-by-other-religious-leaders/index.html]
[www.sabourg.com/wp-json/oembed/1.0/embede268.json]
[www.sabourg.com/wp-json/oembed/1.0/embed5469]
[www.sabourg.com/wp-json/wp/v2/posts/1437.json]
[www.sabourg.com/en/2025/10/08/seborga-between-myth-history-and-reality/index.html]
[www.sabourg.com/wp-json/wp/v2/categories/129.json]
[www.sabourg.com/en/category/official-releases/index.html]
[www.sabourg.com/en/tag/video/index.html]
[www.sabourg.com/en/category/official-releases/feed/index.html]
[www.sabourg.com/wp-json/wp/v2/categories/127.json]
[www.sabourg.com/en/category/charity/index.html]
[www.sabourg.com/en/2025/10/08/presentation-of-the-council-of-dicasteries-2023-2025/index.html]
[www.sabourg.com/en/2025/10/08/presentation-by-the-prime-minister/index.html]
[www.sabourg.com/en/2025/10/08/official-investitures-of-the-national-holiday-2023/index.html]
[www.sabourg.com/en/category/charity/feed/index.html]
[www.sabourg.com/wp-json/wp/v2/categories/131.json]
[www.sabourg.com/en/category/conference/index.html]
[www.sabourg.com/en/category/conference/feed/index.html]
[www.sabourg.com/wp-json/wp/v2/categories/135.json]
[www.sabourg.com/en/category/e-citizenship/index.html]
[www.sabourg.com/en/category/e-citizenship/feed/index.html]
[www.sabourg.com/wp-json/wp/v2/categories/137.json]
[www.sabourg.com/en/category/e-residence-en/index.html]
[www.sabourg.com/en/category/e-residence-en/feed/index.html]
[www.sabourg.com/wp-json/wp/v2/categories/139.json]
[www.sabourg.com/en/category/events/index.html]
[www.sabourg.com/en/category/events/feed/index.html]
[www.sabourg.com/en/2025/10/08/feast-of-saint-mary-magdalene-co-patron-saint-of-the-principality-of-sabourg/index.html]
[www.sabourg.com/wp-json/wp/v2/categories/145.json]
[www.sabourg.com/en/category/non-classe-it-en/index.html]
[www.sabourg.com/en/2025/10/08/concert-for-orthodox-holy-easter/index.html]
[www.sabourg.com/wp-content/themes/jannah/assets/fonts/tielabs-fonticon/tielabs-fonticon519d.svg]
[www.sabourg.com/en/2025/10/08/celebration-of-the-fourth-anniversary-of-the-monastic-order/index.html]
[www.sabourg.com/en/2025/10/08/investiture-ceremony-of-the-knights-of-the-equestrian-order-of-st-martin-the-charitable/index.html]
[www.sabourg.com/en/2025/10/08/official-celebration-of-the-feast-of-the-prince-abbot-archbishop-of-sabourg/index.html]
[www.sabourg.com/en/category/events/page/2/index.html]
[www.sabourg.com/wp-content/themes/jannah/assets/fonts/fontawesome/fa-brands-400.svg]
[www.sabourg.com/wp-content/themes/jannah/assets/fonts/fontawesome/fa-regular-400.svg]
[www.sabourg.com/wp-content/themes/jannah/assets/fonts/fontawesome/fa-solid-900.svg]
[www.sabourg.com/wp-content/themes/jannah/assets/ilightbox/dark-skin/ilightbox/closedhand.html]
[www.sabourg.com/wp-content/themes/jannah/assets/css/single.min8c10.css]
[www.sabourg.com/wp-content/themes/jannah/assets/css/print8c10.css]
[www.sabourg.com/indexdd87.html]
[www.sabourg.com/en/category/non-classe-it-en/feed/index.html]
[www.sabourg.com/wp-json/oembed/1.0/embed4f99.json]
[www.sabourg.com/wp-json/oembed/1.0/embed623a]
[www.sabourg.com/wp-json/wp/v2/posts/1138.json]
[www.sabourg.com/2024/05/05/presentation-officielle-de-la-fondation-numerique-5-mai-2024/index.html]
[www.sabourg.com/index799a.html]
[www.sabourg.com/index0984.html]
[www.sabourg.com/index60da.html]
[www.sabourg.com/index071e.html]
[www.sabourg.com/indexb988.html]
[www.sabourg.com/wp-json/wp/v2/tags/159.json]
[www.sabourg.com/tag/video-fr/index.html]
[www.sabourg.com/indexed0f.html]
[www.sabourg.com/index83ef.html]
[www.sabourg.com/index876b.html]
[www.sabourg.com/index4c94.html]
[www.sabourg.com/author/admin/index.html]
[www.sabourg.com/tag/video-fr/feed/index.html]
[www.sabourg.com/author/admin/feed/index.html]
[www.sabourg.com/wp-json/oembed/1.0/embed5be0.json]
[www.sabourg.com/author/admin/page/2/index.html]
[www.sabourg.com/wp-json/oembed/1.0/embed2c47]
[www.sabourg.com/wp-json/wp/v2/posts/1095.json]
[www.sabourg.com/wp-content/uploads/2025/01/473533162_940501848171708_8010719105155063463_n-780x470.jpg]
[www.sabourg.com/wp-content/uploads/2025/01/474080520_940501891505037_8786075577802819943_n-780x470.jpg]
[www.sabourg.com/wp-content/uploads/2025/01/474527759_940501828171710_1311268940748869148_n-780x470.jpg]
[www.sabourg.com/wp-content/uploads/2025/01/Immagine-WhatsApp-2025-01-31-ore-15.41.47_31f24fc4-780x470.jpg]
[www.sabourg.com/wp-content/uploads/2025/01/Immagine-WhatsApp-2025-01-31-ore-15.41.47_0c740308-780x470.jpg]
[www.sabourg.com/wp-content/uploads/2025/03/473533162_940501848171708_8010719105155063463_n-1-1024x599.jpg]
[www.sabourg.com/wp-content/uploads/2025/01/474527759_940501828171710_1311268940748869148_n-300x240.jpg]
[www.sabourg.com/wp-content/uploads/2025/01/474545634_940421704846389_3407416361333625283_n-300x243.jpg]
[www.sabourg.com/wp-content/uploads/2025/01/Immagine-WhatsApp-2025-01-31-ore-15.21.48_1a896879-300x244.jpg]
[www.sabourg.com/wp-content/uploads/2025/01/474477817_1140050584239276_5801523135907319984_n-300x225.jpg]
[www.sabourg.com/wp-content/uploads/2025/01/Immagine-WhatsApp-2025-01-31-ore-15.41.47_0c740308-300x300.jpg]
[www.sabourg.com/wp-content/uploads/2025/01/Immagine-WhatsApp-2025-01-31-ore-15.41.47_31f24fc4-300x300.jpg]
[www.sabourg.com/2025/01/22/le-prince-abbe-de-sabourg-recu-officiellement-par-le-premier-ministre-de-guinee-conakry/index.html]
[www.sabourg.com/wp-json/oembed/1.0/embeded44.json]
[www.sabourg.com/wp-json/oembed/1.0/embed28bf]
[www.sabourg.com/wp-json/wp/v2/posts/1117.json]
[www.sabourg.com/wp-content/uploads/2025/01/Immagine-WhatsApp-2025-01-22-ore-22.50.05_f35b0a4b-780x470.jpg]
[www.sabourg.com/wp-content/uploads/2025/01/Immagine-WhatsApp-2025-01-22-ore-22.50.05_14207c29-780x470.jpg]
[www.sabourg.com/wp-content/uploads/2025/01/Immagine-WhatsApp-2025-01-22-ore-22.50.05_f35b0a4b-1024x473.jpg]
[www.sabourg.com/wp-content/uploads/2025/01/Immagine-WhatsApp-2025-01-22-ore-22.50.05_14207c29-1024x473.jpg]
[www.sabourg.com/2025/01/15/le-prince-abbe-de-sabourg-invite-dhonneur-a-linvestiture-officielle-du-president-de-la-republique-du-mozambique/index.html]
[www.sabourg.com/wp-json/oembed/1.0/embed60fa.json]
[www.sabourg.com/wp-json/oembed/1.0/embed653a]
[www.sabourg.com/wp-json/wp/v2/posts/1119.json]
[www.sabourg.com/wp-content/uploads/2025/03/guinea-5-780x470.png]
[www.sabourg.com/wp-content/uploads/2025/03/guinea-5-1024x454.png]
[www.sabourg.com/wp-content/uploads/2025/03/mababane-225x300.png]
[www.sabourg.com/wp-content/uploads/2025/03/swaziland-225x300.png]
[www.sabourg.com/wp-content/uploads/2025/03/liberia-300x225.png]
[www.sabourg.com/wp-content/uploads/2025/03/guinea-3-289x300.png]
[www.sabourg.com/wp-content/uploads/2025/03/guinea-1-300x202.png]
[www.sabourg.com/wp-content/uploads/2025/03/guinea-4-300x226.png]
[www.sabourg.com/wp-content/uploads/2025/03/guinea-2-300x236.png]
[www.sabourg.com/2024/12/13/le-prince-abbe-de-sabourg-recu-en-tant-que-chef-detat-en-afrique/index.html]
[www.sabourg.com/index8005.html]
[www.sabourg.com/indexc547.html]
[www.sabourg.com/index1e77.html]
[www.sabourg.com/indexdc32.html]
[www.sabourg.com/index0959.html]
[www.sabourg.com/indexa6f6.html]
[www.sabourg.com/wp-json/oembed/1.0/embed5368.json]
[www.sabourg.com/wp-json/oembed/1.0/embed8be2]
[www.sabourg.com/wp-json/wp/v2/posts/1277.json]
[www.sabourg.com/it/2023/11/19/conferenza-storica-dal-tema-san-martino-di-tours-e-la-carita/index.html]
[www.sabourg.com/wp-json/oembed/1.0/embed1c8c.json]
[www.sabourg.com/wp-json/oembed/1.0/embed4346]
[www.sabourg.com/wp-json/wp/v2/posts/1467.json]
[www.sabourg.com/en/2025/10/08/historical-conference-on-the-theme-of-saint-martin-of-tours-and-charity/index.html]
[www.sabourg.com/index8b53.html]
[www.sabourg.com/wp-json/oembed/1.0/embed46c1.json]
[www.sabourg.com/wp-json/oembed/1.0/embedf3c5]
[www.sabourg.com/wp-json/wp/v2/posts/1275.json]
[www.sabourg.com/it/2023/09/29/conferenza-il-grange-della-principaute-du-sabourg/index.html]
[www.sabourg.com/wp-json/oembed/1.0/embed5cb8.json]
[www.sabourg.com/wp-json/oembed/1.0/embed7e09]
[www.sabourg.com/wp-json/wp/v2/posts/1461.json]
[www.sabourg.com/en/2025/10/08/conference-the-grange-of-the-principality-of-sabourg/index.html]
[www.sabourg.com/index3f85.html]
[www.sabourg.com/wp-json/oembed/1.0/embed1bfc.json]
[www.sabourg.com/wp-json/oembed/1.0/embedaebf]
[www.sabourg.com/wp-json/wp/v2/posts/1263.json]
[www.sabourg.com/it/2023/05/31/principato-del-sabourg-dal-1261-e-il-primo-stato-monastico-della-storia-dellumanita-governato-da-religiosi-eletti-da-altri-religiosi/index.html]
[www.sabourg.com/indexe196.html]
[www.sabourg.com/wp-json/oembed/1.0/embed465a.json]
[www.sabourg.com/wp-json/oembed/1.0/embedd9fa]
[www.sabourg.com/wp-json/wp/v2/posts/1261.json]
[www.sabourg.com/it/2022/10/02/seborga-tra-mito-storia-e-realta/index.html]
[www.sabourg.com/index78e6.html]
[www.sabourg.com/wp-json/oembed/1.0/embed212b.json]
[www.sabourg.com/wp-json/oembed/1.0/embed1d05]
[www.sabourg.com/wp-json/wp/v2/posts/1141.json]
[www.sabourg.com/2023/12/13/intronisations-officielles-de-la-fete-nationale-2023/index.html]
[www.sabourg.com/wp-json/oembed/1.0/embed0c71.json]
[www.sabourg.com/wp-json/oembed/1.0/embedee03]
[www.sabourg.com/wp-json/wp/v2/posts/1144.json]
[www.sabourg.com/2023/09/29/conseil-des-dicasteres-2023/index.html]
[www.sabourg.com/wp-json/oembed/1.0/embeddacd.json]
[www.sabourg.com/wp-json/oembed/1.0/embed48ad]
[www.sabourg.com/wp-json/wp/v2/posts/1147.json]
[www.sabourg.com/2023/06/23/presentation-par-le-premier-ministre/index.html]
[www.sabourg.com/wp-json/oembed/1.0/embed1e6b.json]
[www.sabourg.com/wp-json/oembed/1.0/embed2b1c]
[www.sabourg.com/wp-json/wp/v2/posts/1193.json]
[www.sabourg.com/2024/09/24/celebration-du-cinquieme-anniversaire-de-lordre-monastique/index.html]
[www.sabourg.com/wp-json/oembed/1.0/embed2bc8.json]
[www.sabourg.com/wp-json/oembed/1.0/embede4aa]
[www.sabourg.com/wp-json/wp/v2/posts/1165.json]
[www.sabourg.com/2024/07/26/26-juillet-2024-fete-de-sainte-marie-de-magdala-co-patronne-de-la-principaute-de-sabourg/index.html]
[www.sabourg.com/wp-json/oembed/1.0/embed292e.json]
[www.sabourg.com/wp-json/oembed/1.0/embed6e4e]
[www.sabourg.com/wp-json/wp/v2/posts/1196.json]
[www.sabourg.com/2024/07/22/fete-de-la-co-patronne-de-sabourg-sainte-marie-de-magdala/index.html]
[www.sabourg.com/wp-json/oembed/1.0/embed430b.json]
[www.sabourg.com/wp-json/oembed/1.0/embed08d2]
[www.sabourg.com/wp-json/wp/v2/posts/1168.json]
[www.sabourg.com/2024/05/18/premier-festival-de-musique-de-film-pour-les-jeunes-au-festival-de-cannes/index.html]
[www.sabourg.com/wp-json/oembed/1.0/embedb0a7.json]
[www.sabourg.com/wp-json/oembed/1.0/embed81ab]
[www.sabourg.com/wp-json/wp/v2/posts/1171.json]
[www.sabourg.com/2024/05/05/concert-de-la-sainte-paques-orthodoxe-seborga/index.html]
[www.sabourg.com/wp-content/uploads/2025/03/video-12-780x445.png]
[www.sabourg.com/2023/11/19/ceremonie-dinvestiture-des-chevaliers-de-lordre-equestre-de-saint-martin-le-charitable/index.html]
[www.sabourg.com/wp-content/uploads/2023/11/video-16-780x434.png]
[www.sabourg.com/2023/12/13/celebration-officielle-de-la-fete-du-prince-abbe-archeveque-de-seborga/index.html]
[www.sabourg.com/wp-content/uploads/2025/03/video-13-780x448.png]
[www.sabourg.com/2023/09/29/fete-du-ive-anniversaire-de-lordre-monastique/index.html]
[www.sabourg.com/wp-content/uploads/2025/03/video-14-780x440.png]
[www.sabourg.com/wp-content/uploads/2025/03/video-15-780x443.png]
[www.sabourg.com/category/evenements/page/2/index.html]
[www.sabourg.com/2023/08/14/celebration-de-la-dormition-de-la-sainte-vierge-2023/index.html]
[www.sabourg.com/wp-json/oembed/1.0/embed7bf8.json]
[www.sabourg.com/2023/07/21/fete-de-sainte-marie-de-magdala/index.html]
[www.sabourg.com/wp-json/oembed/1.0/embedde7a]
[www.sabourg.com/wp-json/wp/v2/posts/1301.json]
[www.sabourg.com/2025/03/27/declaration-conformement-a-lart-13-et-suivants-du-reglement-ue-n-679-2016/index.html]
[www.sabourg.com/index735b.html]
[www.sabourg.com/index7329.html]
[www.sabourg.com/index652b.html]
[www.sabourg.com/indexc8d7.html]
[www.sabourg.com/index74a1.html]
[www.sabourg.com/index6e2d.html]
[www.sabourg.com/indexde70.html]
[www.sabourg.com/index724e.html]
[www.sabourg.com/index8348.html]
[www.sabourg.com/index01d1.html]
[www.sabourg.com/wp-json/oembed/1.0/embed9a3c.json]
[www.sabourg.com/wp-json/oembed/1.0/embedf751]
[www.sabourg.com/wp-json/wp/v2/posts/1244.json]
[www.sabourg.com/wp-content/uploads/2025/03/Immagine-WhatsApp-2025-01-22-ore-22.50.05_14207c29-1024x473.jpg]
[www.sabourg.com/it/2025/03/06/il-principe-abate-del-sabourg-ospite-donore-allinvestitura-ufficiale-del-presidente-della-repubblica-del-mozambico/index.html]
[www.sabourg.com/wp-json/oembed/1.0/embed75bc.json]
[www.sabourg.com/wp-json/oembed/1.0/embedb7e6]
[www.sabourg.com/wp-json/wp/v2/posts/1199.json]
[www.sabourg.com/wp-content/uploads/2025/03/474527759_940501828171710_1311268940748869148_n-300x240.jpg]
[www.sabourg.com/wp-content/uploads/2025/03/474080520_940501891505037_8786075577802819943_n-300x168.jpg]
[www.sabourg.com/wp-content/uploads/2025/03/474545634_940421704846389_3407416361333625283_n-300x243.jpg]
[www.sabourg.com/wp-content/uploads/2025/03/474477817_1140050584239276_5801523135907319984_n-300x225.jpg]
[www.sabourg.com/wp-content/uploads/2025/03/Immagine-WhatsApp-2025-01-31-ore-15.21.48_1a896879-300x244.jpg]
[www.sabourg.com/wp-content/uploads/2025/03/Immagine-WhatsApp-2025-01-31-ore-15.41.47_31f24fc4-300x300.jpg]
[www.sabourg.com/wp-content/uploads/2025/03/Immagine-WhatsApp-2025-01-31-ore-15.41.47_0c740308-1-300x300.jpg]
[www.sabourg.com/wp-content/uploads/2025/03/Screenshot_37.png]
[www.sabourg.com/it/2025/01/23/comunicato-stampa-del-23-gennaio-2025-il-principe-abate-del-sabourg-ricevuto-ufficialmente-dal-primo-ministro-della-guinea-conakry/index.html]
[www.sabourg.com/wp-json/oembed/1.0/embed00cd.json]
[www.sabourg.com/wp-json/oembed/1.0/embed23c0]
[www.sabourg.com/wp-json/wp/v2/posts/1246.json]
[www.sabourg.com/wp-content/uploads/2025/03/guinea-5-1-1024x454.png]
[www.sabourg.com/wp-content/uploads/2025/03/guinea-1-768x517-1-300x202.webp]
[www.sabourg.com/wp-content/uploads/2025/03/guinea-4-768x578-1-300x226.webp]
[www.sabourg.com/wp-content/uploads/2025/03/guinea-6-768x604-1-300x236.png]
[www.sabourg.com/wp-content/uploads/2025/03/guinea-3-768x798-1-289x300.webp]
[www.sabourg.com/wp-content/uploads/2025/03/liberia-768x576-1-300x225.webp]
[www.sabourg.com/wp-content/uploads/2025/03/swaziland-768x1024-1-225x300.png]
[www.sabourg.com/wp-content/uploads/2025/03/mababane-768x1024-1-225x300.webp]
[www.sabourg.com/it/2024/12/13/il-principe-abate-del-sabourg-e-stato-ricevuto-capo-di-stato-in-africa/index.html]
[www.sabourg.com/it/author/admin/page/2/index.html]
[www.sabourg.com/indexac17.html]
[www.sabourg.com/indexdf39.html]
[www.sabourg.com/index6917.html]
[www.sabourg.com/index3dd1.html]
[www.sabourg.com/index3003.html]
[www.sabourg.com/indexd246.html]
[www.sabourg.com/index6c69.html]
[www.sabourg.com/index78a2.html]
[www.sabourg.com/it/author/admin/page/3/index.html]
[www.sabourg.com/wp-json/oembed/1.0/embeda789.json]
[www.sabourg.com/wp-json/oembed/1.0/embede232]
[www.sabourg.com/wp-json/wp/v2/posts/1281.json]
[www.sabourg.com/it/2023/12/13/investiture-ufficiali-della-festa-nazionale-2023/index.html]
[www.sabourg.com/wp-json/oembed/1.0/embedefec.json]
[www.sabourg.com/wp-json/oembed/1.0/embed349b]
[www.sabourg.com/wp-json/wp/v2/posts/1271.json]
[www.sabourg.com/it/2023/09/29/presentazione-consiglio-dei-dicasteri-2023-2025/index.html]
[www.sabourg.com/wp-json/oembed/1.0/embed1379.json]
[www.sabourg.com/wp-json/oembed/1.0/embed13e1]
[www.sabourg.com/wp-json/wp/v2/posts/1265.json]
[www.sabourg.com/it/2023/06/23/presentazione-del-primo-ministro/index.html]
[www.sabourg.com/wp-json/oembed/1.0/embedf7bf.json]
[www.sabourg.com/wp-json/oembed/1.0/embedcc18]
[www.sabourg.com/wp-json/wp/v2/posts/1258.json]
[www.sabourg.com/it/2024/07/26/festa-di-santa-maria-di-magdala-copatrona-del-principato-del-sabourg/index.html]
[www.sabourg.com/wp-json/oembed/1.0/embed27f9.json]
[www.sabourg.com/wp-json/oembed/1.0/embeda933]
[www.sabourg.com/wp-json/wp/v2/posts/1287.json]
[www.sabourg.com/it/2024/05/05/concerto-per-la-santa-pasqua-ortodossa/index.html]
[www.sabourg.com/wp-json/oembed/1.0/embed5a12.json]
[www.sabourg.com/wp-json/oembed/1.0/embed2fb2]
[www.sabourg.com/wp-json/wp/v2/posts/1283.json]
[www.sabourg.com/it/2023/12/13/celebrazione-ufficiale-della-festa-del-principe-abate-arcivescovo-di-sabourg/index.html]
[www.sabourg.com/wp-json/oembed/1.0/embede088.json]
[www.sabourg.com/wp-json/oembed/1.0/embedf9d9]
[www.sabourg.com/wp-json/wp/v2/posts/1273.json]
[www.sabourg.com/it/2023/09/29/festa-dellordine-monastico-iv-anniversario/index.html]
[www.sabourg.com/wp-json/oembed/1.0/embedde55.json]
[www.sabourg.com/wp-json/oembed/1.0/embed0e10]
[www.sabourg.com/wp-json/wp/v2/posts/1279.json]
[www.sabourg.com/it/2023/09/19/cerimonia-di-investitura-dei-cavalieri-dellordine-equestre-di-san-martino-il-caritatevole/index.html]
[www.sabourg.com/wp-content/uploads/2025/03/video-14-390x220.png]
[www.sabourg.com/it/2023/07/21/festa-di-santa-maria-di-magdala/index.html]
[www.sabourg.com/it/2023/08/14/celebrazione-della-dormizione-della-beata-vergine-2023/index.html]
[www.sabourg.com/wp-content/uploads/2025/03/video-15-390x220.png]
[www.sabourg.com/it/category/eventi/page/2/index.html]
[www.sabourg.com/wp-json/oembed/1.0/embed2614.json]
[www.sabourg.com/wp-json/oembed/1.0/embed2203]
[www.sabourg.com/it/2025/03/27/informativa-privacy/index.html]
[www.sabourg.com/index7c58.html]
[www.sabourg.com/indexf49d.html]
[www.sabourg.com/index9910.html]
[www.sabourg.com/index6dc7.html]
[www.sabourg.com/indexbd8b.html]
[www.sabourg.com/indexf937.html]
[www.sabourg.com/index7dd5.html]
[www.sabourg.com/indexebbd.html]
[www.sabourg.com/index0f1e.html]
[www.sabourg.com/index2d7f.html]
[www.sabourg.com/wp-json/wp/v2/posts/1299.json]
[www.sabourg.com/wp-json/oembed/1.0/embedd3ec.json]
[www.sabourg.com/wp-json/oembed/1.0/embed8482]
[www.sabourg.com/wp-json/wp/v2/posts/1485.json]
[www.sabourg.com/en/2025/10/09/prince-abbot-of-sabourg-guest-of-honor-at-the-official-inauguration-of-the-president-of-the-republic-of-mozambique/index.html]
[www.sabourg.com/wp-json/oembed/1.0/embed7ee6.json]
[www.sabourg.com/wp-json/oembed/1.0/embed9a2a]
[www.sabourg.com/en/2025/10/09/prince-abbe-de-sabourg-officially-received-by-the-prime-minister-of-guinea-conakry/index.html]
[www.sabourg.com/wp-json/wp/v2/posts/1483.json]
[www.sabourg.com/wp-json/oembed/1.0/embed04fc.json]
[www.sabourg.com/wp-json/oembed/1.0/embedf3bd]
[www.sabourg.com/en/2025/10/09/the-prince-abbot-of-sabourg-was-received-as-head-of-state-in-africa/index.html]
[www.sabourg.com/en/author/admin/page/2/index.html]
[www.sabourg.com/indexa283.html]
[www.sabourg.com/index1f6b.html]
[www.sabourg.com/indexa7b3.html]
[www.sabourg.com/index4178.html]
[www.sabourg.com/index2f99.html]
[www.sabourg.com/index2bf9.html]
[www.sabourg.com/indexd8a3.html]
[www.sabourg.com/indexccf7.html]
[www.sabourg.com/indexd728.html]
[www.sabourg.com/index7979.html]
[www.sabourg.com/wp-json/wp/v2/posts/1481.json]
[www.sabourg.com/en/author/admin/page/3/index.html]
[www.sabourg.com/wp-json/wp/v2/tags/154.json]
[www.sabourg.com/en/tag/video/index.html]
[www.sabourg.com/en/tag/video/feed/index.html]
[www.sabourg.com/wp-json/oembed/1.0/embed4c24.json]
[www.sabourg.com/wp-json/oembed/1.0/embed2f1d]
[www.sabourg.com/wp-json/wp/v2/posts/1463.json]
[www.sabourg.com/en/2025/10/08/official-investitures-of-the-national-holiday-2023/index.html]
[www.sabourg.com/wp-json/oembed/1.0/embed9105.json]
[www.sabourg.com/wp-json/oembed/1.0/embed20b9]
[www.sabourg.com/wp-json/wp/v2/posts/1456.json]
[www.sabourg.com/en/2025/10/08/presentation-of-the-council-of-dicasteries-2023-2025/index.html]
[www.sabourg.com/wp-json/oembed/1.0/embedc210.json]
[www.sabourg.com/wp-json/oembed/1.0/embed6145]
[www.sabourg.com/wp-json/wp/v2/posts/1444.json]
[www.sabourg.com/en/2025/10/08/presentation-by-the-prime-minister/index.html]
[www.sabourg.com/wp-json/oembed/1.0/embedbdd6.json]
[www.sabourg.com/wp-json/oembed/1.0/embed1856]
[www.sabourg.com/wp-json/wp/v2/posts/1477.json]
[www.sabourg.com/en/2025/10/08/feast-of-saint-mary-magdalene-co-patron-saint-of-the-principality-of-sabourg/index.html]
[www.sabourg.com/wp-json/oembed/1.0/embed7482.json]
[www.sabourg.com/wp-json/oembed/1.0/embedf433]
[www.sabourg.com/wp-json/wp/v2/posts/1473.json]
[www.sabourg.com/en/2025/10/08/concert-for-orthodox-holy-easter/index.html]
[www.sabourg.com/wp-json/oembed/1.0/embed955b.json]
[www.sabourg.com/wp-json/oembed/1.0/embedbf66]
[www.sabourg.com/wp-json/wp/v2/posts/1465.json]
[www.sabourg.com/en/2025/10/08/official-celebration-of-the-feast-of-the-prince-abbot-archbishop-of-sabourg/index.html]
[www.sabourg.com/wp-json/oembed/1.0/embed6727.json]
[www.sabourg.com/wp-json/oembed/1.0/embedc142]
[www.sabourg.com/wp-json/wp/v2/posts/1459.json]
[www.sabourg.com/en/2025/10/08/celebration-of-the-fourth-anniversary-of-the-monastic-order/index.html]
[www.sabourg.com/wp-json/oembed/1.0/embed0f49.json]
[www.sabourg.com/wp-json/oembed/1.0/embedc688]
[www.sabourg.com/wp-json/wp/v2/posts/1454.json]
[www.sabourg.com/en/2025/10/08/investiture-ceremony-of-the-knights-of-the-equestrian-order-of-st-martin-the-charitable/index.html]
[www.sabourg.com/en/category/events/page/2/index.html]
[www.sabourg.com/indexd909.html]
[www.sabourg.com/author/admin/page/2/index.html]
[www.sabourg.com/en/2025/10/08/celebration-of-the-dormition-of-the-blessed-virgin-mary-2023/index.html]
[www.sabourg.com/index08f3.html]
[www.sabourg.com/index9e99.html]
[www.sabourg.com/indexb51f.html]
[www.sabourg.com/indexa414.html]
[www.sabourg.com/index389b.html]
[www.sabourg.com/index174b.html]
[www.sabourg.com/index2bd5.html]
[www.sabourg.com/index904c.html]
[www.sabourg.com/index4511.html]
[www.sabourg.com/index03d6.html]
[www.sabourg.com/index1723.html]
[www.sabourg.com/index5a4f.html]
[www.sabourg.com/indexbe7c.html]
[www.sabourg.com/indexa7f7.html]
[www.sabourg.com/index570b.html]
[www.sabourg.com/indexcc5d.html]
[www.sabourg.com/indexaffb.html]
[www.sabourg.com/en/2025/10/08/feast-of-saint-mary-magdalene/index.html]
[www.sabourg.com/author/admin/page/3/index.html]
[www.sabourg.com/wp-json/oembed/1.0/embedf6b1.json]
[www.sabourg.com/wp-json/oembed/1.0/embed45f8]
[www.sabourg.com/wp-json/wp/v2/posts/1174.json]
[www.sabourg.com/2023/12/13/celebration-officielle-de-la-fete-du-prince-abbe-archeveque-de-seborga/index.html]
[www.sabourg.com/wp-json/oembed/1.0/embed33f8.json]
[www.sabourg.com/wp-json/oembed/1.0/embed2d08]
[www.sabourg.com/wp-json/wp/v2/posts/1177.json]
[www.sabourg.com/2023/11/19/ceremonie-dinvestiture-des-chevaliers-de-lordre-equestre-de-saint-martin-le-charitable/index.html]
[www.sabourg.com/wp-json/oembed/1.0/embed8e71.json]
[www.sabourg.com/wp-json/oembed/1.0/embed939e]
[www.sabourg.com/wp-json/wp/v2/posts/1179.json]
[www.sabourg.com/2023/09/29/fete-du-ive-anniversaire-de-lordre-monastique/index.html]
[www.sabourg.com/wp-json/oembed/1.0/embed7a59.json]
[www.sabourg.com/wp-json/oembed/1.0/embeda418]
[www.sabourg.com/wp-json/wp/v2/posts/1182.json]
[www.sabourg.com/2023/08/14/celebration-de-la-dormition-de-la-sainte-vierge-2023/index.html]
[www.sabourg.com/wp-json/oembed/1.0/embedaa77.json]
[www.sabourg.com/wp-json/oembed/1.0/embedca41]
[www.sabourg.com/wp-json/wp/v2/posts/1185.json]
[www.sabourg.com/2023/07/21/fete-de-sainte-marie-de-magdala/index.html]
[www.sabourg.com/index0e6c.html]
[www.sabourg.com/index7c4a.html]
[www.sabourg.com/indexa4b1.html]
[www.sabourg.com/index00ab.html]
[www.sabourg.com/it/author/admin/page/3/index.html]
[www.sabourg.com/index8152.html]
[www.sabourg.com/index0ba7.html]
[www.sabourg.com/index11bd.html]
[www.sabourg.com/indexd106.html]
[www.sabourg.com/index2569.html]
[www.sabourg.com/indexa542.html]
[www.sabourg.com/indexe6c6.html]
[www.sabourg.com/index2d4b.html]
[www.sabourg.com/wp-json/oembed/1.0/embedf69f.json]
[www.sabourg.com/it/author/admin/page/4/index.html]
[www.sabourg.com/wp-json/oembed/1.0/embedbf37]
[www.sabourg.com/wp-json/wp/v2/posts/1269.json]
[www.sabourg.com/it/2023/08/14/celebrazione-della-dormizione-della-beata-vergine-2023/index.html]
[www.sabourg.com/wp-json/oembed/1.0/embed0554.json]
[www.sabourg.com/wp-json/oembed/1.0/embedf17b]
[www.sabourg.com/wp-json/wp/v2/posts/1267.json]
[www.sabourg.com/it/2023/07/21/festa-di-santa-maria-di-magdala/index.html]
[www.sabourg.com/indexd201.html]
[www.sabourg.com/indexf53c.html]
[www.sabourg.com/indexd34f.html]
[www.sabourg.com/index69b9.html]
[www.sabourg.com/en/author/admin/page/3/index.html]
[www.sabourg.com/indexb823.html]
[www.sabourg.com/index1f46.html]
[www.sabourg.com/indexb8d9.html]
[www.sabourg.com/index3d9b.html]
[www.sabourg.com/index9311.html]
[www.sabourg.com/index209a.html]
[www.sabourg.com/index2349.html]
[www.sabourg.com/index31c2.html]
[www.sabourg.com/wp-json/oembed/1.0/embedcc97.json]
[www.sabourg.com/en/author/admin/page/4/index.html]
[www.sabourg.com/wp-json/oembed/1.0/embed8df8]
[www.sabourg.com/wp-json/wp/v2/posts/1451.json]
[www.sabourg.com/en/2025/10/08/celebration-of-the-dormition-of-the-blessed-virgin-mary-2023/index.html]
[www.sabourg.com/wp-json/oembed/1.0/embedfbaf.json]
[www.sabourg.com/wp-json/oembed/1.0/embede5bc]
[www.sabourg.com/wp-json/wp/v2/posts/1448.json]
[www.sabourg.com/en/2025/10/08/feast-of-saint-mary-magdalene/index.html]
[www.sabourg.com/wp-content/uploads/2025/03/smm-1-390x220.jpg]
[www.sabourg.com/wp-content/uploads/2025/03/video-10-390x220.png]
[www.sabourg.com/author/admin/page/3/index.html]
[www.sabourg.com/index46e1.html]
[www.sabourg.com/index3f7a.html]
[www.sabourg.com/index1b15.html]
[www.sabourg.com/index4007.html]
[www.sabourg.com/index084d.html]
[www.sabourg.com/it/author/admin/page/4/index.html]
[www.sabourg.com/index71f3.html]
[www.sabourg.com/index3b28.html]
[www.sabourg.com/en/author/admin/page/4/index.html]
[www.sabourg.com/index01b9.html]
[www.sabourg.com/index9a20.html]
[www.sabourg.com/author/admin/page/4/index.html]
[www.sabourg.com/author/admin/page/4/index.html]
